Archive member included to satisfy reference by file (symbol)

/opt/devkitpro/libnds/lib/libnds9.a(background.o)
                              main.o (bgState)
/opt/devkitpro/libnds/lib/libnds9.a(console.o)
                              main.o (consoleDemoInit)
/opt/devkitpro/libnds/lib/libnds9.a(keys.o)
                              main.o (scanKeys)
/opt/devkitpro/libnds/lib/libnds9.a(trig.o)
                              /opt/devkitpro/libnds/lib/libnds9.a(background.o) (sinLerp)
/opt/devkitpro/libnds/lib/libnds9.a(default_font.bin.o)
                              /opt/devkitpro/libnds/lib/libnds9.a(console.o) (default_font_bin)
/opt/devkitpro/calico/lib/libcalico_ds9.a(thread_cold.o)
                              main.o (threadIrqWait)
/opt/devkitpro/calico/lib/libcalico_ds9.a(thread_hot.32.o)
                              /opt/devkitpro/calico/lib/libcalico_ds9.a(thread_cold.o) (__sched_state)
/opt/devkitpro/calico/lib/libcalico_ds9.a(arm-copy-fill.32.o)
                              /opt/devkitpro/calico/lib/libcalico_ds9.a(thread_cold.o) (armCopyMem32)
/opt/devkitpro/calico/lib/libcalico_ds9.a(arm-context.32.o)
                              /opt/devkitpro/calico/lib/libcalico_ds9.a(thread_cold.o) (armContextSave)
/opt/devkitpro/calico/lib/libcalico_ds9.a(arm-shims.32.o)
                              /opt/devkitpro/calico/lib/libcalico_ds9.a(thread_cold.o) (armWaitForIrq)
/opt/devkitpro/calico/lib/libcalico_ds9.a(keypad.o)
                              /opt/devkitpro/libnds/lib/libnds9.a(keys.o) (keypadGetState)
/opt/devkitpro/calico/lib/libcalico_ds9.a(bootstub_arm9.o)
                              (__ds9_bootstub)
/opt/devkitpro/calico/lib/libcalico_ds9.a(excpt_handler.32.o)
                              /opt/devkitpro/calico/lib/libcalico_ds9.a(bootstub_arm9.o) (__arm_excpt_rst)
/opt/devkitpro/calico/lib/libcalico_ds9.a(touch.o)
                              /opt/devkitpro/libnds/lib/libnds9.a(keys.o) (touchRead)
/opt/devkitpro/calico/lib/libcalico_ds9.a(tick.o)
                              /opt/devkitpro/calico/lib/libcalico_ds9.a(thread_cold.o) (tickTaskStart)
/opt/devkitpro/calico/lib/libcalico_ds9.a(newlib_syscalls.o)
                              /opt/devkitpro/calico/lib/libcalico_ds9.a(bootstub_arm9.o) (__newlib_syscalls)
/opt/devkitpro/calico/lib/libcalico_ds9.a(startup.crt0.o)
                              /opt/devkitpro/calico/lib/libcalico_ds9.a(bootstub_arm9.o) (crt0Startup)
/opt/devkitpro/calico/lib/libcalico_ds9.a(utils.crt0.o)
                              /opt/devkitpro/calico/lib/libcalico_ds9.a(startup.crt0.o) (crt0CopyMem32)
/opt/devkitpro/calico/lib/libcalico_ds9.a(irq_handler.32.o)
                              /opt/devkitpro/calico/lib/libcalico_ds9.a(bootstub_arm9.o) (__arm_excpt_irq)
/opt/devkitpro/calico/lib/libcalico_ds9.a(pxi.o)
                              /opt/devkitpro/calico/lib/libcalico_ds9.a(startup.crt0.o) (_pxiInit)
/opt/devkitpro/calico/lib/libcalico_ds9.a(mpu_setup.crt0.o)
                              /opt/devkitpro/calico/lib/libcalico_ds9.a(startup.crt0.o) (crt0SetupMPU)
/opt/devkitpro/calico/lib/libcalico_ds9.a(sys_startup.o)
                              /opt/devkitpro/calico/lib/libcalico_ds9.a(startup.crt0.o) (systemStartup)
/opt/devkitpro/calico/lib/libcalico_ds9.a(irq.o)
                              /opt/devkitpro/calico/lib/libcalico_ds9.a(tick.o) (irqSet)
/opt/devkitpro/calico/lib/libcalico_ds9.a(mutex.o)
                              /opt/devkitpro/calico/lib/libcalico_ds9.a(newlib_syscalls.o) (mutexLock)
/opt/devkitpro/calico/lib/libcalico_ds9.a(mailbox.o)
                              /opt/devkitpro/calico/lib/libcalico_ds9.a(pxi.o) (mailboxTrySend)
/opt/devkitpro/calico/lib/libcalico_ds9.a(arm-cache.32.o)
                              /opt/devkitpro/calico/lib/libcalico_ds9.a(startup.crt0.o) (armDCacheFlushAll)
/opt/devkitpro/calico/lib/libcalico_ds9.a(pm.o)
                              /opt/devkitpro/calico/lib/libcalico_ds9.a(sys_startup.o) (pmInit)
/opt/devkitpro/devkitARM/bin/../lib/gcc/arm-none-eabi/15.1.0/thumb/libgcc.a(_divsi3.o)
                              /opt/devkitpro/libnds/lib/libnds9.a(console.o) (__aeabi_idivmod)
/opt/devkitpro/devkitARM/bin/../lib/gcc/arm-none-eabi/15.1.0/thumb/libgcc.a(_dvmd_tls.o)
                              /opt/devkitpro/devkitARM/bin/../lib/gcc/arm-none-eabi/15.1.0/thumb/libgcc.a(_divsi3.o) (__aeabi_idiv0)
/opt/devkitpro/devkitARM/bin/../lib/gcc/arm-none-eabi/15.1.0/thumb/libgcc.a(_aeabi_uldivmod.o)
                              /opt/devkitpro/calico/lib/libcalico_ds9.a(newlib_syscalls.o) (__aeabi_uldivmod)
/opt/devkitpro/devkitARM/bin/../lib/gcc/arm-none-eabi/15.1.0/thumb/libgcc.a(_sync_none.o)
                              (__sync_synchronize_none)
/opt/devkitpro/devkitARM/bin/../lib/gcc/arm-none-eabi/15.1.0/thumb/libgcc.a(_udivmoddi4.o)
                              /opt/devkitpro/devkitARM/bin/../lib/gcc/arm-none-eabi/15.1.0/thumb/libgcc.a(_aeabi_uldivmod.o) (__udivmoddi4)
[...]
Memory Configuration

Name             Origin             Length             Attributes
lma9             0x02004000         0x0027c000
lma9i            0x02400000         0x00280000
vectors          0x00000000         0x00000020
itcm             0x01ff8020         0x00007fe0
main             0x02001000         0x00f7f000
dtcm             0x02ff0000         0x00003e80
dldi             0x0380b000         0x00004000
stub             0x0e000000         0x00004000
tls              0x00000000         0x00000400
*default*        0x00000000         0xffffffff

Linker script and memory map

                0x00000000                        __sync_synchronize = __sync_synchronize_none
LOAD /opt/devkitpro/devkitARM/bin/../lib/gcc/arm-none-eabi/15.1.0/thumb/crti.o
LOAD /opt/devkitpro/devkitARM/bin/../lib/gcc/arm-none-eabi/15.1.0/thumb/crtbegin.o
LOAD main.o
LOAD /opt/devkitpro/libnds/lib/libnds9.a
LOAD /opt/devkitpro/calico/lib/libcalico_ds9.a
START GROUP
LOAD /opt/devkitpro/devkitARM/bin/../lib/gcc/arm-none-eabi/15.1.0/thumb/libgcc.a
LOAD /opt/devkitpro/devkitARM/bin/../lib/gcc/arm-none-eabi/15.1.0/../../../../arm-none-eabi/lib/thumb/libg.a
LOAD /opt/devkitpro/devkitARM/bin/../lib/gcc/arm-none-eabi/15.1.0/../../../../arm-none-eabi/lib/thumb/libc.a
LOAD /opt/devkitpro/devkitARM/bin/../lib/gcc/arm-none-eabi/15.1.0/../../../../arm-none-eabi/lib/thumb/libsysbase.a
END GROUP
LOAD /opt/devkitpro/devkitARM/bin/../lib/gcc/arm-none-eabi/15.1.0/thumb/crtend.o
LOAD /opt/devkitpro/devkitARM/bin/../lib/gcc/arm-none-eabi/15.1.0/thumb/crtn.o
                0x02ff3e80                        PROVIDE (__sp_usr = (ORIGIN (dtcm) + LENGTH (dtcm)))
                0x02ff3f80                        PROVIDE (__sp_irq = (__sp_usr + 0x100))
                0x02ff3fc0                        PROVIDE (__sp_svc = (__sp_irq + 0x40))
                0x02ff3ff8                        PROVIDE (__irq_flags = (__sp_svc + 0x38))
                [!provide]                        PROVIDE (__irq_vector = (__sp_svc + 0x3c))
                [!provide]                        PROVIDE (__arm_excpt_rst = 0xffff0000)
                [!provide]                        PROVIDE (__arm_excpt_und = 0xffff0004)
                0xffff0008                        PROVIDE (__arm_excpt_svc = 0xffff0008)
                [!provide]                        PROVIDE (__arm_excpt_pabt = 0xffff000c)
                [!provide]                        PROVIDE (__arm_excpt_dabt = 0xffff0010)
                [!provide]                        PROVIDE (__arm_excpt_irq = 0xffff0018)
                [!provide]                        PROVIDE (__arm_excpt_fiq = 0xffff001c)
                0x00000000                        PROVIDE (__end__ = 0x0)

.secure         0x0e000000      0x800 load address 0x02004000
                0x0e0007fc                        . = (. + 0x7fc)
 *fill*         0x0e000000      0x7fc 00000000
                0x0e0007fc        0x4 LONG 0x0

.bootstub       0x0e000800      0x198 load address 0x02004800
 *(.bootstub .bootstub.*)
 .bootstub.__ds9_bootstub
                0x0e000800      0x198 /opt/devkitpro/calico/lib/libcalico_ds9.a(bootstub_arm9.o)
                0x0e000800                __ds9_bootstub
                0x0e000998                        . = ALIGN (0x4)

.crt0           0x02001000      0x3c0 load address 0x02004998
 *(.crt0 .crt0.*)
 .crt0.__ds9_bootstub_trampoline
                0x02001000       0x60 /opt/devkitpro/calico/lib/libcalico_ds9.a(bootstub_arm9.o)
 *.crt0.*(.text .stub .text.* .gnu.linkonce.t.*)
 .text.crt0ProcessLoadList
                0x02001060       0x74 /opt/devkitpro/calico/lib/libcalico_ds9.a(startup.crt0.o)
                0x02001060                crt0ProcessLoadList
 .text.crt0Startup
                0x020010d4      0x180 /opt/devkitpro/calico/lib/libcalico_ds9.a(startup.crt0.o)
                0x020010d4                crt0Startup
 .text.crt0CopyMem32
                0x02001254       0x4c /opt/devkitpro/calico/lib/libcalico_ds9.a(utils.crt0.o)
                0x02001254                crt0CopyMem32
 .text.crt0FillMem32
                0x020012a0       0x58 /opt/devkitpro/calico/lib/libcalico_ds9.a(utils.crt0.o)
                0x020012a0                crt0FillMem32
 .text.crt0SetupMPU
                0x020012f8       0xb4 /opt/devkitpro/calico/lib/libcalico_ds9.a(mpu_setup.crt0.o)
                0x020012f8                crt0SetupMPU
 *.crt0.*(.glue_7t .glue_7 .vfp11_veneer .v4_bx)
 *.crt0.*(.rodata .rodata.* .gnu.linkonce.r.*)
 *.crt0.*(.rodata1)
                0x020013c0                        . = ALIGN (0x20)
 *fill*         0x020013ac       0x14 ff
                0x02004998                        PROVIDE (__crt0_lma = LOADADDR (.crt0))
                0x02001000                        PROVIDE (__crt0_start = ADDR (.crt0))
                0x020013c0                        PROVIDE (__crt0_end = (ADDR (.crt0) + SIZEOF (.crt0)))
                0x00000001                        ASSERT (((__crt0_end <= LOADADDR (.bootstub)) || (__crt0_start >= (LOADADDR (.bootstub) + SIZEOF (.bootstub)))), Error: crt0 section overlaps initial bootstrap)

.dldi           0x0380b000        0x0 load address 0x02004d58
 *(.dldi)
                0x00000000                        PROVIDE (__dldi_lma = SIZEOF (.dldi)?LOADADDR (.dldi):0x0)

.vectors        0x00000000       0x20 load address 0x02004d58
 *(.vectors)
 .vectors       0x00000000       0x20 /opt/devkitpro/calico/lib/libcalico_ds9.a(bootstub_arm9.o)

.itcm           0x01ff8020      0x67c load address 0x02004d78
 *(.itcm .itcm.*)
 .itcm          0x01ff8020       0x30 /opt/devkitpro/calico/lib/libcalico_ds9.a(bootstub_arm9.o)
                0x01ff8038                __excpt_vectors
 *.itcm.*(.text .stub .text.* .gnu.linkonce.t.*)
 *.32.o(.text .stub .text.* .gnu.linkonce.t.*)
 .text.threadReschedule
                0x01ff8050       0x88 /opt/devkitpro/calico/lib/libcalico_ds9.a(thread_hot.32.o)
 .text.threadBlock
                0x01ff80d8       0xd8 /opt/devkitpro/calico/lib/libcalico_ds9.a(thread_hot.32.o)
                0x01ff80d8                threadBlock
 .text.threadUnblockOneByValue
                0x01ff81b0       0xc0 /opt/devkitpro/calico/lib/libcalico_ds9.a(thread_hot.32.o)
                0x01ff81b0                threadUnblockOneByValue
 .text.threadUnblockAllByValue
                0x01ff8270      0x130 /opt/devkitpro/calico/lib/libcalico_ds9.a(thread_hot.32.o)
                0x01ff8270                threadUnblockAllByValue
 .text.threadUnblockAllByMask
                0x01ff83a0      0x134 /opt/devkitpro/calico/lib/libcalico_ds9.a(thread_hot.32.o)
                0x01ff83a0                threadUnblockAllByMask
 .text.armContextSave
                0x01ff84d4       0x2c /opt/devkitpro/calico/lib/libcalico_ds9.a(arm-context.32.o)
                0x01ff84d4                armContextSave
 .text.armContextLoad
                0x01ff8500       0x20 /opt/devkitpro/calico/lib/libcalico_ds9.a(arm-context.32.o)
                0x01ff8500                armContextLoad
                0x01ff8504                armContextLoadFromSvc
 .text.armWaitForIrq
                0x01ff8520        0x8 /opt/devkitpro/calico/lib/libcalico_ds9.a(arm-shims.32.o)
                0x01ff8520                armWaitForIrq
 .text.__excpt_entry
                0x01ff8528       0x50 /opt/devkitpro/calico/lib/libcalico_ds9.a(excpt_handler.32.o)
                0x01ff8528                __arm_excpt_rst
                0x01ff852c                __arm_excpt_pabt
                0x01ff8530                __arm_excpt_und
                0x01ff853c                __arm_excpt_dabt
 .text.__arm_excpt_irq
                0x01ff8578       0xe4 /opt/devkitpro/calico/lib/libcalico_ds9.a(irq_handler.32.o)
                0x01ff8578                __arm_excpt_irq
 .text.armDrainWriteBuffer
                0x01ff865c        0xc /opt/devkitpro/calico/lib/libcalico_ds9.a(arm-cache.32.o)
                0x01ff865c                armDrainWriteBuffer
 .text.armDCacheFlushAll
                0x01ff8668       0x28 /opt/devkitpro/calico/lib/libcalico_ds9.a(arm-cache.32.o)
                0x01ff8668                armDCacheFlushAll
 .text.armICacheInvalidateAll
                0x01ff8690        0xc /opt/devkitpro/calico/lib/libcalico_ds9.a(arm-cache.32.o)
                0x01ff8690                armICacheInvalidateAll
 *.itcm.*(.glue_7t .glue_7 .vfp11_veneer .v4_bx)
 *.32.o(.glue_7t .glue_7 .vfp11_veneer .v4_bx)
 *.itcm.*(.rodata .rodata.* .gnu.linkonce.r.*)
 *.32.o(.rodata .rodata.* .gnu.linkonce.r.*)
 *.itcm.*(.rodata1)
 *.32.o(.rodata1)
                0x01ff869c                        . = ALIGN (0x4)
                0x02004d58                        PROVIDE (__itcm_lma = LOADADDR (.vectors))
                0x01ff8000                        PROVIDE (__itcm_start = (ADDR (.itcm) - SIZEOF (.vectors)))
                0x01ff869c                        PROVIDE (__itcm_end = (ADDR (.itcm) + SIZEOF (.itcm)))
                0x00000001                        ASSERT (((__itcm_lma + SIZEOF (.vectors)) == LOADADDR (.itcm)), Error: gap between vectors and itcm)

.dtcm           0x02ff0000        0x0 load address 0x020053f4
 *(.dtcm .dtcm.*)
 *.32.o(.data .data.* .gnu.linkonce.d.*)
 *.32.o(.data1)
                0x02ff0000                        . = ALIGN (0x4)
                [!provide]                        PROVIDE (__dtcm_lma = LOADADDR (.dtcm))
                0x02ff0000                        PROVIDE (__dtcm_start = ADDR (.dtcm))
                0x02ff0000                        PROVIDE (__dtcm_end = (ADDR (.dtcm) + SIZEOF (.dtcm)))

.dtcm.bss       0x02ff0000       0x98 load address 0x020053f4
 *(.sbss .sbss.*)
 *.32.o(.dynbss)
 *.32.o(.bss .bss.* .gnu.linkonce.b.*)
 .bss.__irq_table
                0x02ff0000       0x80 /opt/devkitpro/calico/lib/libcalico_ds9.a(thread_hot.32.o)
                0x02ff0000                __irq_table
 .bss.__sched_state
                0x02ff0080       0x18 /opt/devkitpro/calico/lib/libcalico_ds9.a(thread_hot.32.o)
                0x02ff0080                __sched_state
 *.32.o(COMMON)
                0x02ff0098                        . = ALIGN (0x4)
                [!provide]                        PROVIDE (__dtcm_bss_start = ADDR (.dtcm.bss))
                0x02ff0098                        PROVIDE (__dtcm_bss_end = (ADDR (.dtcm.bss) + SIZEOF (.dtcm.bss)))

.main           0x020013c0    0x12404 load address 0x020053f4
 *(SORT_NONE(.init))
 .init          0x020013c0        0x4 /opt/devkitpro/devkitARM/bin/../lib/gcc/arm-none-eabi/15.1.0/thumb/crti.o
                0x020013c0                _init
 .init          0x020013c4        0x8 /opt/devkitpro/devkitARM/bin/../lib/gcc/arm-none-eabi/15.1.0/thumb/crtn.o
 EXCLUDE_FILE(*.twl.*) *(.text.unlikely .text.*_unlikely .text.unlikely.*)
 EXCLUDE_FILE(*.twl.*) *(.text.exit .text.exit.*)
 .text.exit     0x020013cc       0x24 /opt/devkitpro/devkitARM/bin/../lib/gcc/arm-none-eabi/15.1.0/../../../../arm-none-eabi/lib/thumb/libg.a(libc_a-exit.o)
                0x020013cc                exit
 EXCLUDE_FILE(*.twl.*) *(.text.startup .text.startup.*)
 .text.startup.main
                0x020013f0       0xd8 main.o
                0x020013f0                main
 EXCLUDE_FILE(*.twl.*) *(.text.hot .text.hot.*)
 EXCLUDE_FILE(*.twl.*) *(.text .iplt .stub .text.* .gnu.linkonce.t.*)
 .text.__do_global_dtors_aux
                0x020014c8       0x2c /opt/devkitpro/devkitARM/bin/../lib/gcc/arm-none-eabi/15.1.0/thumb/crtbegin.o
 .text.frame_dummy
                0x020014f4       0x24 /opt/devkitpro/devkitARM/bin/../lib/gcc/arm-none-eabi/15.1.0/thumb/crtbegin.o
 .iplt          0x02001518        0x0 /opt/devkitpro/devkitARM/bin/../lib/gcc/arm-none-eabi/15.1.0/thumb/crtbegin.o
 .text.drawPuzzle
                0x02001518       0xb4 main.o
                0x02001518                drawPuzzle
 .text.checkIfText
                0x020015cc       0x6c /opt/devkitpro/libnds/lib/libnds9.a(background.o)
                0x020015cc                checkIfText
 .text.bgUpdate
                0x02001638       0xe8 /opt/devkitpro/libnds/lib/libnds9.a(background.o)
                0x02001638                bgUpdate
 .text.bgInit_call
                0x02001720       0xa8 /opt/devkitpro/libnds/lib/libnds9.a(background.o)
                0x02001720                bgInit_call
 .text.bgInitSub_call
                0x020017c8       0xb0 /opt/devkitpro/libnds/lib/libnds9.a(background.o)
                0x020017c8                bgInitSub_call
 .text.newRow   0x02001878       0xe0 /opt/devkitpro/libnds/lib/libnds9.a(console.o)
 .text.consolePrintChar
                0x02001958       0xe0 /opt/devkitpro/libnds/lib/libnds9.a(console.o)
                0x02001958                consolePrintChar
 .text.con_write
                0x02001a38      0x344 /opt/devkitpro/libnds/lib/libnds9.a(console.o)
                0x02001a38                con_write
 .text.consoleLoadFont
                0x02001d7c      0x2e8 /opt/devkitpro/libnds/lib/libnds9.a(console.o)
                0x02001d7c                consoleLoadFont
 .text.consoleInit
                0x02002064      0x170 /opt/devkitpro/libnds/lib/libnds9.a(console.o)
                0x02002064                consoleInit
 .text.consoleDemoInit
                0x020021d4       0x40 /opt/devkitpro/libnds/lib/libnds9.a(console.o)
                0x020021d4                consoleDemoInit
 .text.scanKeys
                0x02002214       0x6c /opt/devkitpro/libnds/lib/libnds9.a(keys.o)
                0x02002214                scanKeys
 .text.keysDown
                0x02002280       0x10 /opt/devkitpro/libnds/lib/libnds9.a(keys.o)
                0x02002280                keysDown
 .text.sinLutLookup
                0x02002290       0x4c /opt/devkitpro/libnds/lib/libnds9.a(trig.o)
                0x02002290                sinLutLookup
 .text.sinLerp  0x020022dc       0x38 /opt/devkitpro/libnds/lib/libnds9.a(trig.o)
                0x020022dc                sinLerp
 .text.cosLerp  0x02002314       0x44 /opt/devkitpro/libnds/lib/libnds9.a(trig.o)
                0x02002314                cosLerp
 .text.threadExit
                0x02002358       0x9c /opt/devkitpro/calico/lib/libcalico_ds9.a(thread_cold.o)
                0x02002358                threadExit
 .text._threadTickTask
                0x020023f4       0x10 /opt/devkitpro/calico/lib/libcalico_ds9.a(thread_cold.o)
 .text._threadInit
                0x02002404       0x98 /opt/devkitpro/calico/lib/libcalico_ds9.a(thread_cold.o)
                0x02002404                _threadInit
 .text.threadPrepare
                0x0200249c       0xa4 /opt/devkitpro/calico/lib/libcalico_ds9.a(thread_cold.o)
                0x0200249c                threadPrepare
 .text.threadStart
                0x02002540       0xc8 /opt/devkitpro/calico/lib/libcalico_ds9.a(thread_cold.o)
                0x02002540                threadStart
 .text.threadIrqWait
                0x02002608       0xa0 /opt/devkitpro/calico/lib/libcalico_ds9.a(thread_cold.o)
                0x02002608                threadIrqWait
 .text.threadSleepTicks
                0x020026a8       0x58 /opt/devkitpro/calico/lib/libcalico_ds9.a(thread_cold.o)
                0x020026a8                threadSleepTicks
 .text.keypadGetState
                0x02002700       0x28 /opt/devkitpro/calico/lib/libcalico_ds9.a(keypad.o)
                0x02002700                keypadGetState
 .text.touchRead
                0x02002728       0x58 /opt/devkitpro/calico/lib/libcalico_ds9.a(touch.o)
                0x02002728                touchRead
 .text._tickCountIsr
                0x02002780       0x1c /opt/devkitpro/calico/lib/libcalico_ds9.a(tick.o)
 .text._tickTaskSchedule.part.0.isra.0
                0x0200279c       0x84 /opt/devkitpro/calico/lib/libcalico_ds9.a(tick.o)
 .text.tickInit
                0x02002820       0xa0 /opt/devkitpro/calico/lib/libcalico_ds9.a(tick.o)
                0x02002820                tickInit
 .text.tickGetCount
                0x020028c0       0x5c /opt/devkitpro/calico/lib/libcalico_ds9.a(tick.o)
                0x020028c0                tickGetCount
 .text._tickTaskIsr
                0x0200291c      0x110 /opt/devkitpro/calico/lib/libcalico_ds9.a(tick.o)
 .text.tickTaskStart
                0x02002a2c      0x144 /opt/devkitpro/calico/lib/libcalico_ds9.a(tick.o)
                0x02002a2c                tickTaskStart
 .text.__syscall_getreent
                0x02002b70       0x14 /opt/devkitpro/calico/lib/libcalico_ds9.a(newlib_syscalls.o)
                0x02002b70                __syscall_getreent
 .text.__errno  0x02002b84       0x24 /opt/devkitpro/calico/lib/libcalico_ds9.a(newlib_syscalls.o)
                0x02002b84                __errno
 .text.__syscall_lock_acquire
                0x02002ba8        0x4 /opt/devkitpro/calico/lib/libcalico_ds9.a(newlib_syscalls.o)
                0x02002ba8                __syscall_lock_acquire
 .text.__syscall_lock_release
                0x02002bac        0x4 /opt/devkitpro/calico/lib/libcalico_ds9.a(newlib_syscalls.o)
                0x02002bac                __syscall_lock_release
 .text.__syscall_lock_acquire_recursive
                0x02002bb0       0x4c /opt/devkitpro/calico/lib/libcalico_ds9.a(newlib_syscalls.o)
                0x02002bb0                __syscall_lock_acquire_recursive
 .text.__syscall_lock_release_recursive
                0x02002bfc       0x18 /opt/devkitpro/calico/lib/libcalico_ds9.a(newlib_syscalls.o)
                0x02002bfc                __syscall_lock_release_recursive
 .text._pxiMailboxHandler
                0x02002c14        0x4 /opt/devkitpro/calico/lib/libcalico_ds9.a(pxi.o)
 .text._pxiRecvUnhandled
                0x02002c18        0x4 /opt/devkitpro/calico/lib/libcalico_ds9.a(pxi.o)
                0x02002c18                _pxiRecvUnhandled
 .text._pxiRecvIrqHandler
                0x02002c1c      0x154 /opt/devkitpro/calico/lib/libcalico_ds9.a(pxi.o)
 .text._pxiInit
                0x02002d70       0x58 /opt/devkitpro/calico/lib/libcalico_ds9.a(pxi.o)
                0x02002d70                _pxiInit
 .text.pxiSetHandler
                0x02002dc8       0x74 /opt/devkitpro/calico/lib/libcalico_ds9.a(pxi.o)
                0x02002dc8                pxiSetHandler
 .text.pxiSetMailbox
                0x02002e3c       0x68 /opt/devkitpro/calico/lib/libcalico_ds9.a(pxi.o)
                0x02002e3c                pxiSetMailbox
 .text.pxiWaitRemote
                0x02002ea4       0x38 /opt/devkitpro/calico/lib/libcalico_ds9.a(pxi.o)
                0x02002ea4                pxiWaitRemote
 .text.pxiSendPacket
                0x02002edc       0x50 /opt/devkitpro/calico/lib/libcalico_ds9.a(pxi.o)
                0x02002edc                pxiSendPacket
 .text.systemUserStartup
                0x02002f2c        0x4 /opt/devkitpro/calico/lib/libcalico_ds9.a(sys_startup.o)
                0x02002f2c                systemUserStartup
 .text.systemStartup
                0x02002f30      0x104 /opt/devkitpro/calico/lib/libcalico_ds9.a(sys_startup.o)
                0x02002f30                systemStartup
 .text.irqSet   0x02003034       0x64 /opt/devkitpro/calico/lib/libcalico_ds9.a(irq.o)
                0x02003034                irqSet
 .text.threadUpdateDynamicPrio
                0x02003098      0x1cc /opt/devkitpro/calico/lib/libcalico_ds9.a(mutex.o)
 .text.threadRemoveWaiter
                0x02003264      0x1c8 /opt/devkitpro/calico/lib/libcalico_ds9.a(mutex.o)
 .text.mutexLock
                0x0200342c      0x150 /opt/devkitpro/calico/lib/libcalico_ds9.a(mutex.o)
                0x0200342c                mutexLock
 .text.mutexUnlock
                0x0200357c       0xd0 /opt/devkitpro/calico/lib/libcalico_ds9.a(mutex.o)
                0x0200357c                mutexUnlock
 .text.mailboxTrySend
                0x0200364c       0x98 /opt/devkitpro/calico/lib/libcalico_ds9.a(mailbox.o)
                0x0200364c                mailboxTrySend
 .text.mailboxRecv
                0x020036e4       0x98 /opt/devkitpro/calico/lib/libcalico_ds9.a(mailbox.o)
                0x020036e4                mailboxRecv
 .text._pmCallEventHandlers
                0x0200377c       0x40 /opt/devkitpro/calico/lib/libcalico_ds9.a(pm.o)
 .text._pmPxiThreadMain
                0x020037bc       0xa0 /opt/devkitpro/calico/lib/libcalico_ds9.a(pm.o)
 .text._pmResetPxiHandler
                0x0200385c       0x28 /opt/devkitpro/calico/lib/libcalico_ds9.a(pm.o)
 .text.systemUserExit
                0x02003884        0x4 /opt/devkitpro/calico/lib/libcalico_ds9.a(pm.o)
                0x02003884                systemUserExit
 .text.systemErrorExit
                0x02003888        0x4 /opt/devkitpro/calico/lib/libcalico_ds9.a(pm.o)
                0x02003888                systemErrorExit
 .text.__syscall_exit
                0x0200388c      0x138 /opt/devkitpro/calico/lib/libcalico_ds9.a(pm.o)
                0x0200388c                __syscall_exit
 .text.pmInit   0x020039c4       0x58 /opt/devkitpro/calico/lib/libcalico_ds9.a(pm.o)
                0x020039c4                pmInit
 .text          0x02003a1c      0x150 /opt/devkitpro/devkitARM/bin/../lib/gcc/arm-none-eabi/15.1.0/thumb/libgcc.a(_divsi3.o)
                0x02003a1c                __aeabi_idiv
                0x02003a1c                __divsi3
                0x02003b4c                __aeabi_idivmod
 .text          0x02003b6c        0x4 /opt/devkitpro/devkitARM/bin/../lib/gcc/arm-none-eabi/15.1.0/thumb/libgcc.a(_dvmd_tls.o)
                0x02003b6c                __aeabi_ldiv0
                0x02003b6c                __aeabi_idiv0
 .text          0x02003b70       0x3c /opt/devkitpro/devkitARM/bin/../lib/gcc/arm-none-eabi/15.1.0/thumb/libgcc.a(_aeabi_uldivmod.o)
                0x02003b70                __aeabi_uldivmod
 .text.__udivmoddi4
                0x02003bac      0x194 /opt/devkitpro/devkitARM/bin/../lib/gcc/arm-none-eabi/15.1.0/thumb/libgcc.a(_udivmoddi4.o)
                0x02003bac                __udivmoddi4
 .text          0x02003d40       0x28 /opt/devkitpro/devkitARM/bin/../lib/gcc/arm-none-eabi/15.1.0/thumb/libgcc.a(_clzdi2.o)
                0x02003d40                __clzdi2
 .text          0x02003d68       0x48 /opt/devkitpro/devkitARM/bin/../lib/gcc/arm-none-eabi/15.1.0/thumb/libgcc.a(_clzsi2.o)
                0x02003d68                __clzsi2
 .text.__libc_init_array
                0x02003db0       0x54 /opt/devkitpro/devkitARM/bin/../lib/gcc/arm-none-eabi/15.1.0/../../../../arm-none-eabi/lib/thumb/libg.a(libc_a-init.o)
                0x02003db0                __libc_init_array
 .text.siscanf  0x02003e04       0x50 /opt/devkitpro/devkitARM/bin/../lib/gcc/arm-none-eabi/15.1.0/../../../../arm-none-eabi/lib/thumb/libg.a(libc_a-siscanf.o)
                0x02003e04                siscanf
 .text._malloc_r
                0x02003e54      0x550 /opt/devkitpro/devkitARM/bin/../lib/gcc/arm-none-eabi/15.1.0/../../../../arm-none-eabi/lib/thumb/libg.a(libc_a-mallocr.o)
                0x02003e54                _malloc_r
 .text._malloc_trim_r
                0x020043a4       0xac /opt/devkitpro/devkitARM/bin/../lib/gcc/arm-none-eabi/15.1.0/../../../../arm-none-eabi/lib/thumb/libg.a(libc_a-freer.o)
                0x020043a4                _malloc_trim_r
 .text._free_r  0x02004450      0x1d8 /opt/devkitpro/devkitARM/bin/../lib/gcc/arm-none-eabi/15.1.0/../../../../arm-none-eabi/lib/thumb/libg.a(libc_a-freer.o)
                0x02004450                _free_r
 .text.memset   0x02004628       0x8c /opt/devkitpro/devkitARM/bin/../lib/gcc/arm-none-eabi/15.1.0/../../../../arm-none-eabi/lib/thumb/libg.a(libc_a-memset.o)
                0x02004628                memset
 .text.__malloc_lock
                0x020046b4       0x14 /opt/devkitpro/devkitARM/bin/../lib/gcc/arm-none-eabi/15.1.0/../../../../arm-none-eabi/lib/thumb/libg.a(libc_a-mlock.o)
                0x020046b4                __malloc_lock
 .text.__malloc_unlock
                0x020046c8       0x14 /opt/devkitpro/devkitARM/bin/../lib/gcc/arm-none-eabi/15.1.0/../../../../arm-none-eabi/lib/thumb/libg.a(libc_a-mlock.o)
                0x020046c8                __malloc_unlock
 .text.__call_exitprocs
                0x020046dc        0xc /opt/devkitpro/devkitARM/bin/../lib/gcc/arm-none-eabi/15.1.0/../../../../arm-none-eabi/lib/thumb/libg.a(libc_a-exit.o)
                0x020046dc                __call_exitprocs
 .text.setvbuf  0x020046e8      0x1ac /opt/devkitpro/devkitARM/bin/../lib/gcc/arm-none-eabi/15.1.0/../../../../arm-none-eabi/lib/thumb/libg.a(libc_a-setvbuf.o)
                0x020046e8                setvbuf
 .text.memcpy   0x02004894       0xb0 /opt/devkitpro/devkitARM/bin/../lib/gcc/arm-none-eabi/15.1.0/../../../../arm-none-eabi/lib/thumb/libg.a(libc_a-memcpy-stub.o)
                0x02004894                memcpy
 .text.iprintf  0x02004944       0x28 /opt/devkitpro/devkitARM/bin/../lib/gcc/arm-none-eabi/15.1.0/../../../../arm-none-eabi/lib/thumb/libg.a(libc_a-iprintf.o)
                0x02004944                iprintf
 .text.__sread  0x0200496c       0x34 /opt/devkitpro/devkitARM/bin/../lib/gcc/arm-none-eabi/15.1.0/../../../../arm-none-eabi/lib/thumb/libg.a(libc_a-stdio.o)
                0x0200496c                __sread
 .text.__seofread
                0x020049a0        0x4 /opt/devkitpro/devkitARM/bin/../lib/gcc/arm-none-eabi/15.1.0/../../../../arm-none-eabi/lib/thumb/libg.a(libc_a-stdio.o)
                0x020049a0                __seofread
 .text.__swrite
                0x020049a4       0x4c /opt/devkitpro/devkitARM/bin/../lib/gcc/arm-none-eabi/15.1.0/../../../../arm-none-eabi/lib/thumb/libg.a(libc_a-stdio.o)
                0x020049a4                __swrite
 .text.__sseek  0x020049f0       0x3c /opt/devkitpro/devkitARM/bin/../lib/gcc/arm-none-eabi/15.1.0/../../../../arm-none-eabi/lib/thumb/libg.a(libc_a-stdio.o)
                0x020049f0                __sseek
 .text.__sclose
                0x02004a2c       0x10 /opt/devkitpro/devkitARM/bin/../lib/gcc/arm-none-eabi/15.1.0/../../../../arm-none-eabi/lib/thumb/libg.a(libc_a-stdio.o)
                0x02004a2c                __sclose
 .text.get_arg  0x02004a3c      0x404 /opt/devkitpro/devkitARM/bin/../lib/gcc/arm-none-eabi/15.1.0/../../../../arm-none-eabi/lib/thumb/libg.a(libc_a-vfiprintf.o)
 .text._vfiprintf_r
                0x02004e40     0x16d0 /opt/devkitpro/devkitARM/bin/../lib/gcc/arm-none-eabi/15.1.0/../../../../arm-none-eabi/lib/thumb/libg.a(libc_a-vfiprintf.o)
                0x02004e40                _vfiprintf_r
 .text.__sbprintf
                0x02006510       0x7c /opt/devkitpro/devkitARM/bin/../lib/gcc/arm-none-eabi/15.1.0/../../../../arm-none-eabi/lib/thumb/libg.a(libc_a-vfiprintf.o)
 .text.strlen   0x0200658c       0x60 /opt/devkitpro/devkitARM/bin/../lib/gcc/arm-none-eabi/15.1.0/../../../../arm-none-eabi/lib/thumb/libg.a(libc_a-strlen.o)
                0x0200658c                strlen
 .text.get_arg  0x020065ec       0x3e /opt/devkitpro/devkitARM/bin/../lib/gcc/arm-none-eabi/15.1.0/../../../../arm-none-eabi/lib/thumb/libg.a(libc_a-svfiscanf.o)
 .text._sungetc_r
                0x0200662a       0x7e /opt/devkitpro/devkitARM/bin/../lib/gcc/arm-none-eabi/15.1.0/../../../../arm-none-eabi/lib/thumb/libg.a(libc_a-svfiscanf.o)
                0x0200662a                _sungetc_r
 .text.__ssrefill_r
                0x020066a8       0x42 /opt/devkitpro/devkitARM/bin/../lib/gcc/arm-none-eabi/15.1.0/../../../../arm-none-eabi/lib/thumb/libg.a(libc_a-svfiscanf.o)
                0x020066a8                __ssrefill_r
 .text._sfread_r
                0x020066ea       0x88 /opt/devkitpro/devkitARM/bin/../lib/gcc/arm-none-eabi/15.1.0/../../../../arm-none-eabi/lib/thumb/libg.a(libc_a-svfiscanf.o)
                0x020066ea                _sfread_r
 *fill*         0x02006772        0x2 ff
 .text.__ssvfiscanf_r
                0x02006774     0x1984 /opt/devkitpro/devkitARM/bin/../lib/gcc/arm-none-eabi/15.1.0/../../../../arm-none-eabi/lib/thumb/libg.a(libc_a-svfiscanf.o)
                0x02006774                __ssvfiscanf_r
 .text.stdio_exit_handler
                0x020080f8       0x20 /opt/devkitpro/devkitARM/bin/../lib/gcc/arm-none-eabi/15.1.0/../../../../arm-none-eabi/lib/thumb/libg.a(libc_a-findfp.o)
 .text.cleanup_stdio
                0x02008118       0x40 /opt/devkitpro/devkitARM/bin/../lib/gcc/arm-none-eabi/15.1.0/../../../../arm-none-eabi/lib/thumb/libg.a(libc_a-findfp.o)
 .text.global_stdio_init.part.0
                0x02008158      0x120 /opt/devkitpro/devkitARM/bin/../lib/gcc/arm-none-eabi/15.1.0/../../../../arm-none-eabi/lib/thumb/libg.a(libc_a-findfp.o)
 .text.__sinit  0x02008278       0x3c /opt/devkitpro/devkitARM/bin/../lib/gcc/arm-none-eabi/15.1.0/../../../../arm-none-eabi/lib/thumb/libg.a(libc_a-findfp.o)
                0x02008278                __sinit
 .text.__sfp_lock_acquire
                0x020082b4       0x14 /opt/devkitpro/devkitARM/bin/../lib/gcc/arm-none-eabi/15.1.0/../../../../arm-none-eabi/lib/thumb/libg.a(libc_a-findfp.o)
                0x020082b4                __sfp_lock_acquire
 .text.__sfp_lock_release
                0x020082c8       0x14 /opt/devkitpro/devkitARM/bin/../lib/gcc/arm-none-eabi/15.1.0/../../../../arm-none-eabi/lib/thumb/libg.a(libc_a-findfp.o)
                0x020082c8                __sfp_lock_release
 .text._strtoul_l.isra.0
                0x020082dc      0x150 /opt/devkitpro/devkitARM/bin/../lib/gcc/arm-none-eabi/15.1.0/../../../../arm-none-eabi/lib/thumb/libg.a(libc_a-strtoul.o)
 .text._strtoul_r
                0x0200842c       0x20 /opt/devkitpro/devkitARM/bin/../lib/gcc/arm-none-eabi/15.1.0/../../../../arm-none-eabi/lib/thumb/libg.a(libc_a-strtoul.o)
                0x0200842c                _strtoul_r
 .text._fwalk_sglue
                0x0200844c       0x4c /opt/devkitpro/devkitARM/bin/../lib/gcc/arm-none-eabi/15.1.0/../../../../arm-none-eabi/lib/thumb/libg.a(libc_a-fwalk.o)
                0x0200844c                _fwalk_sglue
 .text.__sprint_r
                0x02008498       0x24 /opt/devkitpro/devkitARM/bin/../lib/gcc/arm-none-eabi/15.1.0/../../../../arm-none-eabi/lib/thumb/libg.a(libc_a-sprint_r.o)
                0x02008498                __sprint_r
 .text.iswspace
                0x020084bc       0x10 /opt/devkitpro/devkitARM/bin/../lib/gcc/arm-none-eabi/15.1.0/../../../../arm-none-eabi/lib/thumb/libg.a(libc_a-iswspace.o)
                0x020084bc                iswspace
 .text._localeconv_r
                0x020084cc       0x1c /opt/devkitpro/devkitARM/bin/../lib/gcc/arm-none-eabi/15.1.0/../../../../arm-none-eabi/lib/thumb/libg.a(libc_a-localeconv.o)
                0x020084cc                _localeconv_r
 .text.realloc  0x020084e8       0x18 /opt/devkitpro/devkitARM/bin/../lib/gcc/arm-none-eabi/15.1.0/../../../../arm-none-eabi/lib/thumb/libg.a(libc_a-realloc.o)
                0x020084e8                realloc
 .text.memchr   0x02008500       0x74 /opt/devkitpro/devkitARM/bin/../lib/gcc/arm-none-eabi/15.1.0/../../../../arm-none-eabi/lib/thumb/libg.a(libc_a-memchr-stub.o)
                0x02008500                memchr
 .text._wcrtomb_r
                0x02008574       0x84 /opt/devkitpro/devkitARM/bin/../lib/gcc/arm-none-eabi/15.1.0/../../../../arm-none-eabi/lib/thumb/libg.a(libc_a-wcrtomb.o)
                0x02008574                _wcrtomb_r
 .text._strtol_l.part.0
                0x020085f8      0x25c /opt/devkitpro/devkitARM/bin/../lib/gcc/arm-none-eabi/15.1.0/../../../../arm-none-eabi/lib/thumb/libg.a(libc_a-strtol.o)
 .text._strtol_r
                0x02008854       0x34 /opt/devkitpro/devkitARM/bin/../lib/gcc/arm-none-eabi/15.1.0/../../../../arm-none-eabi/lib/thumb/libg.a(libc_a-strtol.o)
                0x02008854                _strtol_r
 .text.__libc_fini_array
                0x02008888       0x30 /opt/devkitpro/devkitARM/bin/../lib/gcc/arm-none-eabi/15.1.0/../../../../arm-none-eabi/lib/thumb/libg.a(libc_a-fini.o)
                0x02008888                __libc_fini_array
 .text.malloc   0x020088b8       0x28 /opt/devkitpro/devkitARM/bin/../lib/gcc/arm-none-eabi/15.1.0/../../../../arm-none-eabi/lib/thumb/libg.a(libc_a-malloc.o)
                0x020088b8                malloc
 .text.free     0x020088e0       0x14 /opt/devkitpro/devkitARM/bin/../lib/gcc/arm-none-eabi/15.1.0/../../../../arm-none-eabi/lib/thumb/libg.a(libc_a-malloc.o)
                0x020088e0                free
 .text.__sccl   0x020088f4       0xb0 /opt/devkitpro/devkitARM/bin/../lib/gcc/arm-none-eabi/15.1.0/../../../../arm-none-eabi/lib/thumb/libg.a(libc_a-sccl.o)
                0x020088f4                __sccl
 .text.__sflush_r
                0x020089a4      0x180 /opt/devkitpro/devkitARM/bin/../lib/gcc/arm-none-eabi/15.1.0/../../../../arm-none-eabi/lib/thumb/libg.a(libc_a-fflush.o)
                0x020089a4                __sflush_r
 .text._fflush_r
                0x02008b24       0x70 /opt/devkitpro/devkitARM/bin/../lib/gcc/arm-none-eabi/15.1.0/../../../../arm-none-eabi/lib/thumb/libg.a(libc_a-fflush.o)
                0x02008b24                _fflush_r
 .text.__smakebuf_r
                0x02008b94       0xe0 /opt/devkitpro/devkitARM/bin/../lib/gcc/arm-none-eabi/15.1.0/../../../../arm-none-eabi/lib/thumb/libg.a(libc_a-makebuf.o)
                0x02008b94                __smakebuf_r
 .text.__swhatbuf_r
                0x02008c74       0x5c /opt/devkitpro/devkitARM/bin/../lib/gcc/arm-none-eabi/15.1.0/../../../../arm-none-eabi/lib/thumb/libg.a(libc_a-makebuf.o)
                0x02008c74                __swhatbuf_r
 .text._realloc_r
                0x02008cd0      0x344 /opt/devkitpro/devkitARM/bin/../lib/gcc/arm-none-eabi/15.1.0/../../../../arm-none-eabi/lib/thumb/libg.a(libc_a-reallocr.o)
                0x02008cd0                _realloc_r
 .text.strncpy  0x02009014       0x68 /opt/devkitpro/devkitARM/bin/../lib/gcc/arm-none-eabi/15.1.0/../../../../arm-none-eabi/lib/thumb/libg.a(libc_a-strncpy.o)
                0x02009014                strncpy
 .text._strtoull_l.isra.0
                0x0200907c      0x1c0 /opt/devkitpro/devkitARM/bin/../lib/gcc/arm-none-eabi/15.1.0/../../../../arm-none-eabi/lib/thumb/libg.a(libc_a-strtoull.o)
 .text._strtoull_r
                0x0200923c       0x20 /opt/devkitpro/devkitARM/bin/../lib/gcc/arm-none-eabi/15.1.0/../../../../arm-none-eabi/lib/thumb/libg.a(libc_a-strtoull.o)
                0x0200923c                _strtoull_r
 .text._wcsrtombs_r
                0x0200925c       0x20 /opt/devkitpro/devkitARM/bin/../lib/gcc/arm-none-eabi/15.1.0/../../../../arm-none-eabi/lib/thumb/libg.a(libc_a-wcsrtombs.o)
                0x0200925c                _wcsrtombs_r
 .text._mbrtowc_r
                0x0200927c       0x98 /opt/devkitpro/devkitARM/bin/../lib/gcc/arm-none-eabi/15.1.0/../../../../arm-none-eabi/lib/thumb/libg.a(libc_a-mbrtowc.o)
                0x0200927c                _mbrtowc_r
 .text.__swsetup_r
                0x02009314       0xd4 /opt/devkitpro/devkitARM/bin/../lib/gcc/arm-none-eabi/15.1.0/../../../../arm-none-eabi/lib/thumb/libg.a(libc_a-wsetup.o)
                0x02009314                __swsetup_r
 .text.__sfvwrite_r
                0x020093e8      0x31c /opt/devkitpro/devkitARM/bin/../lib/gcc/arm-none-eabi/15.1.0/../../../../arm-none-eabi/lib/thumb/libg.a(libc_a-fvwrite.o)
                0x020093e8                __sfvwrite_r
 .text.memmove  0x02009704       0xcc /opt/devkitpro/devkitARM/bin/../lib/gcc/arm-none-eabi/15.1.0/../../../../arm-none-eabi/lib/thumb/libg.a(libc_a-memmove.o)
                0x02009704                memmove
 .text.iswspace_l
                0x020097d0       0x28 /opt/devkitpro/devkitARM/bin/../lib/gcc/arm-none-eabi/15.1.0/../../../../arm-none-eabi/lib/thumb/libg.a(libc_a-iswspace_l.o)
                0x020097d0                iswspace_l
 .text._fclose_r
                0x020097f8       0xdc /opt/devkitpro/devkitARM/bin/../lib/gcc/arm-none-eabi/15.1.0/../../../../arm-none-eabi/lib/thumb/libg.a(libc_a-fclose.o)
                0x020097f8                _fclose_r
 .text._strtoll_l.isra.0
                0x020098d4      0x300 /opt/devkitpro/devkitARM/bin/../lib/gcc/arm-none-eabi/15.1.0/../../../../arm-none-eabi/lib/thumb/libg.a(libc_a-strtoll.o)
 .text._strtoll_r
                0x02009bd4       0x20 /opt/devkitpro/devkitARM/bin/../lib/gcc/arm-none-eabi/15.1.0/../../../../arm-none-eabi/lib/thumb/libg.a(libc_a-strtoll.o)
                0x02009bd4                _strtoll_r
 .text.__locale_mb_cur_max
                0x02009bf4       0x20 /opt/devkitpro/devkitARM/bin/../lib/gcc/arm-none-eabi/15.1.0/../../../../arm-none-eabi/lib/thumb/libg.a(libc_a-locale.o)
                0x02009bf4                __locale_mb_cur_max
 .text.__submore
                0x02009c14       0x7c /opt/devkitpro/devkitARM/bin/../lib/gcc/arm-none-eabi/15.1.0/../../../../arm-none-eabi/lib/thumb/libg.a(libc_a-ungetc.o)
                0x02009c14                __submore
 .text._memalign_r
                0x02009c90      0x118 /opt/devkitpro/devkitARM/bin/../lib/gcc/arm-none-eabi/15.1.0/../../../../arm-none-eabi/lib/thumb/libg.a(libc_a-malignr.o)
                0x02009c90                _memalign_r
 .text._wcsnrtombs_l
                0x02009da8      0x11c /opt/devkitpro/devkitARM/bin/../lib/gcc/arm-none-eabi/15.1.0/../../../../arm-none-eabi/lib/thumb/libg.a(libc_a-wcsnrtombs.o)
                0x02009da8                _wcsnrtombs_l
 .text._wcsnrtombs_r
                0x02009ec4       0x40 /opt/devkitpro/devkitARM/bin/../lib/gcc/arm-none-eabi/15.1.0/../../../../arm-none-eabi/lib/thumb/libg.a(libc_a-wcsnrtombs.o)
                0x02009ec4                _wcsnrtombs_r
 .text.__utf8_mbtowc
                0x02009f04      0x24c /opt/devkitpro/devkitARM/bin/../lib/gcc/arm-none-eabi/15.1.0/../../../../arm-none-eabi/lib/thumb/libg.a(libc_a-mbtowc_r.o)
                0x02009f04                __utf8_mbtowc
 .text.category
                0x0200a150       0x5c /opt/devkitpro/devkitARM/bin/../lib/gcc/arm-none-eabi/15.1.0/../../../../arm-none-eabi/lib/thumb/libg.a(libc_a-categories.o)
                0x0200a150                category
 .text.__utf8_wctomb
                0x0200a1ac       0xbc /opt/devkitpro/devkitARM/bin/../lib/gcc/arm-none-eabi/15.1.0/../../../../arm-none-eabi/lib/thumb/libg.a(libc_a-wctomb_r.o)
                0x0200a1ac                __utf8_wctomb
 .text._exit    0x0200a268       0x14 /opt/devkitpro/devkitARM/bin/../lib/gcc/arm-none-eabi/15.1.0/../../../../arm-none-eabi/lib/thumb/libsysbase.a(libsysbase_libsysbase_a-_exit.o)
                0x0200a268                _exit
 .text._fstat_r
                0x0200a27c       0x5c /opt/devkitpro/devkitARM/bin/../lib/gcc/arm-none-eabi/15.1.0/../../../../arm-none-eabi/lib/thumb/libsysbase.a(libsysbase_libsysbase_a-fstat.o)
                0x0200a27c                _fstat_r
 .text.__getreent
                0x0200a2d8       0x20 /opt/devkitpro/devkitARM/bin/../lib/gcc/arm-none-eabi/15.1.0/../../../../arm-none-eabi/lib/thumb/libsysbase.a(libsysbase_libsysbase_a-getreent.o)
                0x0200a2d8                __getreent
 .text.__get_handle
                0x0200a2f8       0x34 /opt/devkitpro/devkitARM/bin/../lib/gcc/arm-none-eabi/15.1.0/../../../../arm-none-eabi/lib/thumb/libsysbase.a(libsysbase_libsysbase_a-handle_manager.o)
                0x0200a2f8                __get_handle
 .text._close_r
                0x0200a32c       0xb0 /opt/devkitpro/devkitARM/bin/../lib/gcc/arm-none-eabi/15.1.0/../../../../arm-none-eabi/lib/thumb/libsysbase.a(libsysbase_libsysbase_a-handle_manager.o)
                0x0200a32c                _close_r
 .text.null_write
                0x0200a3dc        0x4 /opt/devkitpro/devkitARM/bin/../lib/gcc/arm-none-eabi/15.1.0/../../../../arm-none-eabi/lib/thumb/libsysbase.a(libsysbase_libsysbase_a-iosupport.o)
 .text._isatty_r
                0x0200a3e0        0x4 /opt/devkitpro/devkitARM/bin/../lib/gcc/arm-none-eabi/15.1.0/../../../../arm-none-eabi/lib/thumb/libsysbase.a(libsysbase_libsysbase_a-isatty.o)
                0x0200a3e0                _isatty_r
 .text._lseek_r
                0x0200a3e4       0x64 /opt/devkitpro/devkitARM/bin/../lib/gcc/arm-none-eabi/15.1.0/../../../../arm-none-eabi/lib/thumb/libsysbase.a(libsysbase_libsysbase_a-lseek.o)
                0x0200a3e4                _lseek_r
 .text._read_r  0x0200a448       0x5c /opt/devkitpro/devkitARM/bin/../lib/gcc/arm-none-eabi/15.1.0/../../../../arm-none-eabi/lib/thumb/libsysbase.a(libsysbase_libsysbase_a-read.o)
                0x0200a448                _read_r
 .text._sbrk_r  0x0200a4a4       0x50 /opt/devkitpro/devkitARM/bin/../lib/gcc/arm-none-eabi/15.1.0/../../../../arm-none-eabi/lib/thumb/libsysbase.a(libsysbase_libsysbase_a-sbrk.o)
                0x0200a4a4                _sbrk_r
 .text.__libc_lock_acquire
                0x0200a4f4       0x18 /opt/devkitpro/devkitARM/bin/../lib/gcc/arm-none-eabi/15.1.0/../../../../arm-none-eabi/lib/thumb/libsysbase.a(libsysbase_libsysbase_a-syscall_support.o)
                0x0200a4f4                __libc_lock_acquire
 .text.__libc_lock_release
                0x0200a50c       0x18 /opt/devkitpro/devkitARM/bin/../lib/gcc/arm-none-eabi/15.1.0/../../../../arm-none-eabi/lib/thumb/libsysbase.a(libsysbase_libsysbase_a-syscall_support.o)
                0x0200a50c                __libc_lock_release
 .text.__libc_lock_acquire_recursive
                0x0200a524       0x18 /opt/devkitpro/devkitARM/bin/../lib/gcc/arm-none-eabi/15.1.0/../../../../arm-none-eabi/lib/thumb/libsysbase.a(libsysbase_libsysbase_a-syscall_support.o)
                0x0200a524                __libc_lock_acquire_recursive
 .text.__libc_lock_release_recursive
                0x0200a53c       0x18 /opt/devkitpro/devkitARM/bin/../lib/gcc/arm-none-eabi/15.1.0/../../../../arm-none-eabi/lib/thumb/libsysbase.a(libsysbase_libsysbase_a-syscall_support.o)
                0x0200a53c                __libc_lock_release_recursive
 .text._write_r
                0x0200a554       0x5c /opt/devkitpro/devkitARM/bin/../lib/gcc/arm-none-eabi/15.1.0/../../../../arm-none-eabi/lib/thumb/libsysbase.a(libsysbase_libsysbase_a-write.o)
                0x0200a554                _write_r
 .text          0x0200a5b0       0x14 /opt/devkitpro/devkitARM/bin/../lib/gcc/arm-none-eabi/15.1.0/thumb/libgcc.a(_thumb1_case_uqi.o)
                0x0200a5b0                __gnu_thumb1_case_uqi
 .text          0x0200a5c4       0x14 /opt/devkitpro/devkitARM/bin/../lib/gcc/arm-none-eabi/15.1.0/thumb/libgcc.a(_thumb1_case_uhi.o)
                0x0200a5c4                __gnu_thumb1_case_uhi
 .text          0x0200a5d8      0x11c /opt/devkitpro/devkitARM/bin/../lib/gcc/arm-none-eabi/15.1.0/thumb/libgcc.a(_udivsi3.o)
                0x0200a5d8                __udivsi3
                0x0200a5d8                __aeabi_uidiv
                0x0200a6d4                __aeabi_uidivmod
 .text.__muldi3
                0x0200a6f4       0x58 /opt/devkitpro/devkitARM/bin/../lib/gcc/arm-none-eabi/15.1.0/thumb/libgcc.a(_muldi3.o)
                0x0200a6f4                __aeabi_lmul
                0x0200a6f4                __muldi3
 EXCLUDE_FILE(*.twl.*) *(.glue_7t .glue_7 .vfp11_veneer .v4_bx)
 .glue_7        0x0200a74c        0x0 linker stubs
 .glue_7t       0x0200a74c        0x0 linker stubs
 .vfp11_veneer  0x0200a74c        0x0 linker stubs
 .v4_bx         0x0200a74c        0x0 linker stubs
 *(SORT_NONE(.fini))
 .fini          0x0200a74c        0x4 /opt/devkitpro/devkitARM/bin/../lib/gcc/arm-none-eabi/15.1.0/thumb/crti.o
                0x0200a74c                _fini
 .fini          0x0200a750        0x8 /opt/devkitpro/devkitARM/bin/../lib/gcc/arm-none-eabi/15.1.0/thumb/crtn.o
 .fini.__stub   0x0200a758       0x10 linker stubs
 EXCLUDE_FILE(*.twl.*) *(.rodata .rodata.* .gnu.linkonce.r.*)
 .rodata.main.str1.4
                0x0200a768      0x1e0 main.o
                                 0x53 (size before relaxing)
 .rodata.str1.4
                0x0200a948       0xf5 main.o
 .rodata.allPuzzles
                0x0200a948     0x4a7c main.o
 .rodata.con_write.str1.4
                0x0200f3c4       0x30 /opt/devkitpro/libnds/lib/libnds9.a(console.o)
 .rodata.con_write
                0x0200f3c4       0xd4 /opt/devkitpro/libnds/lib/libnds9.a(console.o)
 .rodata.str1.4
                0x0200f498       0x14 /opt/devkitpro/libnds/lib/libnds9.a(console.o)
 .rodata.dotab_stdout
                0x0200f498       0x80 /opt/devkitpro/libnds/lib/libnds9.a(console.o)
 .rodata.SIN_LUT
                0x0200f518      0x102 /opt/devkitpro/libnds/lib/libnds9.a(trig.o)
                0x0200f518                SIN_LUT
 *fill*         0x0200f61a        0x2 ff
 .rodata.default_font_bin
                0x0200f61c      0x800 /opt/devkitpro/libnds/lib/libnds9.a(default_font.bin.o)
                0x0200f61c                default_font_bin
                0x0200fe1c                default_font_bin_end
 .rodata._vfiprintf_r.str1.1
                0x0200fe1c       0x29 /opt/devkitpro/devkitARM/bin/../lib/gcc/arm-none-eabi/15.1.0/../../../../arm-none-eabi/lib/thumb/libg.a(libc_a-vfiprintf.o)
 *fill*         0x0200fe45        0x3 ff
 .rodata.zeroes.0
                0x0200fe48       0x10 /opt/devkitpro/devkitARM/bin/../lib/gcc/arm-none-eabi/15.1.0/../../../../arm-none-eabi/lib/thumb/libg.a(libc_a-vfiprintf.o)
 .rodata.blanks.1
                0x0200fe58       0x10 /opt/devkitpro/devkitARM/bin/../lib/gcc/arm-none-eabi/15.1.0/../../../../arm-none-eabi/lib/thumb/libg.a(libc_a-vfiprintf.o)
 .rodata.basefix.0
                0x0200fe68       0x22 /opt/devkitpro/devkitARM/bin/../lib/gcc/arm-none-eabi/15.1.0/../../../../arm-none-eabi/lib/thumb/libg.a(libc_a-svfiscanf.o)
 *fill*         0x0200fe8a        0x2 ff
 .rodata._ctype_
                0x0200fe8c      0x101 /opt/devkitpro/devkitARM/bin/../lib/gcc/arm-none-eabi/15.1.0/../../../../arm-none-eabi/lib/thumb/libg.a(libc_a-ctype_.o)
                0x0200fe8c                _ctype_
 *fill*         0x0200ff8d        0x3 ff
 .rodata.__action_table
                0x0200ff90       0x6c /opt/devkitpro/devkitARM/bin/../lib/gcc/arm-none-eabi/15.1.0/../../../../arm-none-eabi/lib/thumb/libg.a(libc_a-svfiprintf.o)
                0x0200ff90                __action_table
 .rodata.__state_table
                0x0200fffc       0x6c /opt/devkitpro/devkitARM/bin/../lib/gcc/arm-none-eabi/15.1.0/../../../../arm-none-eabi/lib/thumb/libg.a(libc_a-svfiprintf.o)
                0x0200fffc                __state_table
 .rodata.__chclass
                0x02010068      0x100 /opt/devkitpro/devkitARM/bin/../lib/gcc/arm-none-eabi/15.1.0/../../../../arm-none-eabi/lib/thumb/libg.a(libc_a-svfiprintf.o)
                0x02010068                __chclass
 .rodata._mbrtowc_r.str1.4
                0x02010168        0x1 /opt/devkitpro/devkitARM/bin/../lib/gcc/arm-none-eabi/15.1.0/../../../../arm-none-eabi/lib/thumb/libg.a(libc_a-mbrtowc.o)
 .rodata.str1.4
                0x02010168       0x4c /opt/devkitpro/devkitARM/bin/../lib/gcc/arm-none-eabi/15.1.0/../../../../arm-none-eabi/lib/thumb/libg.a(libc_a-locale.o)
 .rodata.categories
                0x02010168     0x35dc /opt/devkitpro/devkitARM/bin/../lib/gcc/arm-none-eabi/15.1.0/../../../../arm-none-eabi/lib/thumb/libg.a(libc_a-categories.o)
 .rodata.AddDevice.str1.4
                0x02013744        0x8 /opt/devkitpro/devkitARM/bin/../lib/gcc/arm-none-eabi/15.1.0/../../../../arm-none-eabi/lib/thumb/libsysbase.a(libsysbase_libsysbase_a-iosupport.o)
 .rodata.dotab_stdnull
                0x02013744       0x80 /opt/devkitpro/devkitARM/bin/../lib/gcc/arm-none-eabi/15.1.0/../../../../arm-none-eabi/lib/thumb/libsysbase.a(libsysbase_libsysbase_a-iosupport.o)
                0x02013744                dotab_stdnull
 EXCLUDE_FILE(*.twl.*) *(.rodata1)
                0x020137c4                        . = ALIGN (0x4)

.main.rw        0x020137c8     0x1848 load address 0x020177fc
 EXCLUDE_FILE(*.twl.*) *(.data .data.* .gnu.linkonce.d.*)
 .data.bgTransform
                0x020137c8       0x20 /opt/devkitpro/libnds/lib/libnds9.a(background.o)
                0x020137c8                bgTransform
 .data.bgScrollTable
                0x020137e8       0x20 /opt/devkitpro/libnds/lib/libnds9.a(background.o)
                0x020137e8                bgScrollTable
 .data.bgControl
                0x02013808       0x20 /opt/devkitpro/libnds/lib/libnds9.a(background.o)
                0x02013808                bgControl
 .data.firstConsoleInit.0
                0x02013828        0x1 /opt/devkitpro/libnds/lib/libnds9.a(console.o)
 *fill*         0x02013829        0x3 ff
 .data.currentConsole
                0x0201382c        0x4 /opt/devkitpro/libnds/lib/libnds9.a(console.o)
                0x0201382c                currentConsole
 .data.defaultConsole
                0x02013830       0x5c /opt/devkitpro/libnds/lib/libnds9.a(console.o)
                0x02013830                defaultConsole
 .data.count    0x0201388c        0x1 /opt/devkitpro/libnds/lib/libnds9.a(keys.o)
 .data.repeat   0x0201388d        0x1 /opt/devkitpro/libnds/lib/libnds9.a(keys.o)
 .data.delay    0x0201388e        0x1 /opt/devkitpro/libnds/lib/libnds9.a(keys.o)
 *fill*         0x0201388f        0x1 ff
 .data.__malloc_sbrk_base
                0x02013890        0x4 /opt/devkitpro/devkitARM/bin/../lib/gcc/arm-none-eabi/15.1.0/../../../../arm-none-eabi/lib/thumb/libg.a(libc_a-mallocr.o)
                0x02013890                __malloc_sbrk_base
 .data.__malloc_trim_threshold
                0x02013894        0x4 /opt/devkitpro/devkitARM/bin/../lib/gcc/arm-none-eabi/15.1.0/../../../../arm-none-eabi/lib/thumb/libg.a(libc_a-mallocr.o)
                0x02013894                __malloc_trim_threshold
 .data.__malloc_av_
                0x02013898      0x408 /opt/devkitpro/devkitARM/bin/../lib/gcc/arm-none-eabi/15.1.0/../../../../arm-none-eabi/lib/thumb/libg.a(libc_a-mallocr.o)
                0x02013898                __malloc_av_
 .data.__sglue  0x02013ca0        0xc /opt/devkitpro/devkitARM/bin/../lib/gcc/arm-none-eabi/15.1.0/../../../../arm-none-eabi/lib/thumb/libg.a(libc_a-findfp.o)
                0x02013ca0                __sglue
 .data._impure_ptr
                0x02013cac        0x4 /opt/devkitpro/devkitARM/bin/../lib/gcc/arm-none-eabi/15.1.0/../../../../arm-none-eabi/lib/thumb/libg.a(libc_a-impure.o)
                0x02013cac                _impure_ptr
 .data._impure_data
                0x02013cb0      0x140 /opt/devkitpro/devkitARM/bin/../lib/gcc/arm-none-eabi/15.1.0/../../../../arm-none-eabi/lib/thumb/libg.a(libc_a-impure.o)
                0x02013cb0                _impure_data
 .data.__global_locale
                0x02013df0      0x16c /opt/devkitpro/devkitARM/bin/../lib/gcc/arm-none-eabi/15.1.0/../../../../arm-none-eabi/lib/thumb/libg.a(libc_a-locale.o)
                0x02013df0                __global_locale
 *fill*         0x02013f5c        0x4 ff
 .data.handles  0x02013f60     0x1000 /opt/devkitpro/devkitARM/bin/../lib/gcc/arm-none-eabi/15.1.0/../../../../arm-none-eabi/lib/thumb/libsysbase.a(libsysbase_libsysbase_a-handle_manager.o)
 .data.__stderr_handle
                0x02014f60        0xc /opt/devkitpro/devkitARM/bin/../lib/gcc/arm-none-eabi/15.1.0/../../../../arm-none-eabi/lib/thumb/libsysbase.a(libsysbase_libsysbase_a-handle_manager.o)
 .data.__stdout_handle
                0x02014f6c        0xc /opt/devkitpro/devkitARM/bin/../lib/gcc/arm-none-eabi/15.1.0/../../../../arm-none-eabi/lib/thumb/libsysbase.a(libsysbase_libsysbase_a-handle_manager.o)
 .data.__stdin_handle
                0x02014f78        0xc /opt/devkitpro/devkitARM/bin/../lib/gcc/arm-none-eabi/15.1.0/../../../../arm-none-eabi/lib/thumb/libsysbase.a(libsysbase_libsysbase_a-handle_manager.o)
 .data.devoptab_list
                0x02014f84       0x8c /opt/devkitpro/devkitARM/bin/../lib/gcc/arm-none-eabi/15.1.0/../../../../arm-none-eabi/lib/thumb/libsysbase.a(libsysbase_libsysbase_a-iosupport.o)
                0x02014f84                devoptab_list
 EXCLUDE_FILE(*.twl.*) *(.data1)
 EXCLUDE_FILE(*.twl.*) *(.igot.plt)
 .igot.plt      0x02015010        0x0 /opt/devkitpro/devkitARM/bin/../lib/gcc/arm-none-eabi/15.1.0/thumb/crtbegin.o
                0x02015010                        . = ALIGN (0x4)

.ARM.extab
 *(.ARM.extab* .gnu.linkonce.armextab.*)

.ARM.exidx      0x02015010        0x0 load address 0x02019044
 *(.ARM.exidx* .gnu.linkonce.armexidx.*)
                [!provide]                        PROVIDE (__exidx_start = ADDR (.ARM.exidx))
                [!provide]                        PROVIDE (__exidx_end = (ADDR (.ARM.exidx) + SIZEOF (.ARM.exidx)))

.eh_frame_hdr
 *(.eh_frame_hdr)
 *(.eh_frame_entry .eh_frame_entry.*)

.eh_frame       0x02015010        0x4 load address 0x02019044
 *(.eh_frame)
 .eh_frame      0x02015010        0x0 /opt/devkitpro/devkitARM/bin/../lib/gcc/arm-none-eabi/15.1.0/thumb/crtbegin.o
 .eh_frame      0x02015010        0x4 /opt/devkitpro/devkitARM/bin/../lib/gcc/arm-none-eabi/15.1.0/thumb/crtend.o
 *(.eh_frame.*)

.gcc_except_table
 *(.gcc_except_table .gcc_except_table.*)

.gnu_extab
 *(.gnu_extab*)

.tinfo          0x02015014        0xc load address 0x02019048
                0x02015014        0x4 LONG 0x2015028 __tls_start
                0x02015018        0x4 LONG 0x0 SIZEOF (.main.tls)
                0x0201501c        0x4 LONG 0x0 SIZEOF (.tdata)
                0x02015014                        PROVIDE (__tls_info = ADDR (.tinfo))

.preinit_array  0x02015020        0x0 load address 0x02019054
                0x02015020                        PROVIDE (__preinit_array_start = .)
 *(.preinit_array)
                0x02015020                        PROVIDE (__preinit_array_end = .)

.init_array     0x02015020        0x4 load address 0x02019054
                0x02015020                        PROVIDE (__init_array_start = .)
 *(SORT_BY_INIT_PRIORITY(.init_array.*) SORT_BY_INIT_PRIORITY(.ctors.*))
 *(.init_array .ctors)
 .init_array    0x02015020        0x4 /opt/devkitpro/devkitARM/bin/../lib/gcc/arm-none-eabi/15.1.0/thumb/crtbegin.o
                0x02015024                        PROVIDE (__init_array_end = .)

.fini_array     0x02015024        0x4 load address 0x02019058
                0x02015024                        PROVIDE (__fini_array_start = .)
 *(SORT_BY_INIT_PRIORITY(.fini_array.*) SORT_BY_INIT_PRIORITY(.dtors.*))
 *(.fini_array .dtors)
 .fini_array    0x02015024        0x4 /opt/devkitpro/devkitARM/bin/../lib/gcc/arm-none-eabi/15.1.0/thumb/crtbegin.o
                0x02015028                        PROVIDE (__fini_array_end = .)
                [!provide]                        PROVIDE (__main_lma = LOADADDR (.main))
                0x020013c0                        PROVIDE (__main_start = ADDR (.main))
                0x02015028                        PROVIDE (__main_end = (ADDR (.fini_array) + SIZEOF (.fini_array)))

.tdata          0x00000000        0x0 load address 0x0201905c
 *(.tdata .tdata.* .gnu.linkonce.td.*)
                0x00000000                        . = ALIGN (0x4)

.tbss           0x00000000        0x0 load address 0x0201905c
 *(.tbss .tbss.* .gnu.linkonce.tb.*)
 *(.tcommon)
                0x00000000                        . = ALIGN (0x4)
                0x00000001                        ASSERT (((ALIGNOF (.tdata) <= 0x8) || (ALIGNOF (.tbss) <= 0x8)), Error: TLS is overaligned (up to 8-byte alignment is supported))
                0x00000001                        ASSERT (((ADDR (.tbss) + SIZEOF (.tbss)) <= (ORIGIN (tls) + LENGTH (tls))), Error: TLS section too large)

.main.tls       0x02015028        0x0
                0x02015028                        . = (. + ((ADDR (.tbss) + SIZEOF (.tbss)) - ADDR (.tdata)))
                [!provide]                        PROVIDE (__tls_lma = LOADADDR (.tdata))
                0x02015028                        PROVIDE (__tls_start = ADDR (.main.tls))
                0x02015028                        PROVIDE (__tls_end = (ADDR (.main.tls) + SIZEOF (.tdata)))

.main.bss       0x02015028      0x924
 EXCLUDE_FILE(*.twl.*) *(.dynbss)
 EXCLUDE_FILE(*.twl.*) *(.bss .bss.* .gnu.linkonce.b.*)
 .bss.completed.1
                0x02015028        0x1 /opt/devkitpro/devkitARM/bin/../lib/gcc/arm-none-eabi/15.1.0/thumb/crtbegin.o
 *fill*         0x02015029        0x3 
 .bss.object.0  0x0201502c       0x18 /opt/devkitpro/devkitARM/bin/../lib/gcc/arm-none-eabi/15.1.0/thumb/crtbegin.o
 .bss.videoBuffer
                0x02015044        0x4 main.o
                0x02015044                videoBuffer
 .bss.bgIsTextLut
                0x02015048        0x8 /opt/devkitpro/libnds/lib/libnds9.a(background.o)
                0x02015048                bgIsTextLut
 .bss.bgState   0x02015050      0x140 /opt/devkitpro/libnds/lib/libnds9.a(background.o)
                0x02015050                bgState
 .bss.currentCopy
                0x02015190       0x5c /opt/devkitpro/libnds/lib/libnds9.a(console.o)
                0x02015190                currentCopy
 .bss.keysrepeat
                0x020151ec        0x2 /opt/devkitpro/libnds/lib/libnds9.a(keys.o)
 *fill*         0x020151ee        0x2 
 .bss.s_keypad  0x020151f0        0x4 /opt/devkitpro/libnds/lib/libnds9.a(keys.o)
 .bss.s_sleepThreads
                0x020151f4        0x8 /opt/devkitpro/calico/lib/libcalico_ds9.a(thread_cold.o)
 .bss.s_joinThreads
                0x020151fc        0x8 /opt/devkitpro/calico/lib/libcalico_ds9.a(thread_cold.o)
 .bss.s_idleThread
                0x02015204       0x70 /opt/devkitpro/calico/lib/libcalico_ds9.a(thread_cold.o)
 .bss.s_mainThread
                0x02015274       0x70 /opt/devkitpro/calico/lib/libcalico_ds9.a(thread_cold.o)
 .bss.s_firstTask
                0x020152e4        0x4 /opt/devkitpro/calico/lib/libcalico_ds9.a(tick.o)
 .bss.s_highTickCount
                0x020152e8        0x8 /opt/devkitpro/calico/lib/libcalico_ds9.a(tick.o)
 .bss.s_tickInit
                0x020152f0        0x1 /opt/devkitpro/calico/lib/libcalico_ds9.a(tick.o)
 *fill*         0x020152f1        0x3 
 .bss.s_defaultErrno.0
                0x020152f4        0x4 /opt/devkitpro/calico/lib/libcalico_ds9.a(newlib_syscalls.o)
 .bss.__stacksize__
                0x020152f8        0x4 /opt/devkitpro/calico/lib/libcalico_ds9.a(startup.crt0.o)
                0x020152f8                __stacksize__
 .bss.g_isTwlMode
                0x020152fc        0x1 /opt/devkitpro/calico/lib/libcalico_ds9.a(startup.crt0.o)
                0x020152fc                g_isTwlMode
 *fill*         0x020152fd        0x3 
 .bss.s_pxiChannels
                0x02015300      0x1f0 /opt/devkitpro/calico/lib/libcalico_ds9.a(pxi.o)
 .bss.s_pxiRecvState
                0x020154f0        0x4 /opt/devkitpro/calico/lib/libcalico_ds9.a(pxi.o)
 .bss.s_pxiRecvQueue
                0x020154f4        0x8 /opt/devkitpro/calico/lib/libcalico_ds9.a(pxi.o)
 .bss.s_pxiSendMutex
                0x020154fc        0x4 /opt/devkitpro/calico/lib/libcalico_ds9.a(pxi.o)
 .bss.s_mailboxRecvQueue
                0x02015500        0x8 /opt/devkitpro/calico/lib/libcalico_ds9.a(mailbox.o)
 .bss.s_pmPxiThreadStack
                0x02015508      0x200 /opt/devkitpro/calico/lib/libcalico_ds9.a(pm.o)
 .bss.s_pmPxiThread
                0x02015708       0x70 /opt/devkitpro/calico/lib/libcalico_ds9.a(pm.o)
 .bss.s_pmState
                0x02015778        0x8 /opt/devkitpro/calico/lib/libcalico_ds9.a(pm.o)
 .bss.__malloc_current_mallinfo
                0x02015780       0x28 /opt/devkitpro/devkitARM/bin/../lib/gcc/arm-none-eabi/15.1.0/../../../../arm-none-eabi/lib/thumb/libg.a(libc_a-mallocr.o)
                0x02015780                __malloc_current_mallinfo
 .bss.__malloc_max_total_mem
                0x020157a8        0x4 /opt/devkitpro/devkitARM/bin/../lib/gcc/arm-none-eabi/15.1.0/../../../../arm-none-eabi/lib/thumb/libg.a(libc_a-mallocr.o)
                0x020157a8                __malloc_max_total_mem
 .bss.__malloc_max_sbrked_mem
                0x020157ac        0x4 /opt/devkitpro/devkitARM/bin/../lib/gcc/arm-none-eabi/15.1.0/../../../../arm-none-eabi/lib/thumb/libg.a(libc_a-mallocr.o)
                0x020157ac                __malloc_max_sbrked_mem
 .bss.__malloc_top_pad
                0x020157b0        0x4 /opt/devkitpro/devkitARM/bin/../lib/gcc/arm-none-eabi/15.1.0/../../../../arm-none-eabi/lib/thumb/libg.a(libc_a-mallocr.o)
                0x020157b0                __malloc_top_pad
 .bss.__malloc_recursive_mutex
                0x020157b4        0xc /opt/devkitpro/devkitARM/bin/../lib/gcc/arm-none-eabi/15.1.0/../../../../arm-none-eabi/lib/thumb/libg.a(libc_a-mlock.o)
 .bss.__sfp_recursive_mutex
                0x020157c0        0xc /opt/devkitpro/devkitARM/bin/../lib/gcc/arm-none-eabi/15.1.0/../../../../arm-none-eabi/lib/thumb/libg.a(libc_a-findfp.o)
 *fill*         0x020157cc        0x4 
 .bss.__sf      0x020157d0      0x168 /opt/devkitpro/devkitARM/bin/../lib/gcc/arm-none-eabi/15.1.0/../../../../arm-none-eabi/lib/thumb/libg.a(libc_a-findfp.o)
                0x020157d0                __sf
 .bss.__stdio_exit_handler
                0x02015938        0x4 /opt/devkitpro/devkitARM/bin/../lib/gcc/arm-none-eabi/15.1.0/../../../../arm-none-eabi/lib/thumb/libg.a(libc_a-findfp.o)
                0x02015938                __stdio_exit_handler
 .bss.__hndl_lock
                0x0201593c        0x4 /opt/devkitpro/devkitARM/bin/../lib/gcc/arm-none-eabi/15.1.0/../../../../arm-none-eabi/lib/thumb/libsysbase.a(libsysbase_libsysbase_a-handle_manager.o)
 .bss.fake_heap_start
                0x02015940        0x4 /opt/devkitpro/devkitARM/bin/../lib/gcc/arm-none-eabi/15.1.0/../../../../arm-none-eabi/lib/thumb/libsysbase.a(libsysbase_libsysbase_a-malloc_vars.o)
                0x02015940                fake_heap_start
 .bss.fake_heap_end
                0x02015944        0x4 /opt/devkitpro/devkitARM/bin/../lib/gcc/arm-none-eabi/15.1.0/../../../../arm-none-eabi/lib/thumb/libsysbase.a(libsysbase_libsysbase_a-malloc_vars.o)
                0x02015944                fake_heap_end
 .bss.heap_start.0
                0x02015948        0x4 /opt/devkitpro/devkitARM/bin/../lib/gcc/arm-none-eabi/15.1.0/../../../../arm-none-eabi/lib/thumb/libsysbase.a(libsysbase_libsysbase_a-sbrk.o)
 EXCLUDE_FILE(*.twl.*) *(COMMON)
                0x0201594c                        . = ALIGN (0x4)
                [!provide]                        PROVIDE (__main_bss_start = ADDR (.main.bss))
                0x0201594c                        PROVIDE (__main_bss_end = (ADDR (.main.bss) + SIZEOF (.main.bss)))
                0x0201594c                        . = .
                0x0201594c                        PROVIDE (__heap_start_ntr = .)
                0x00000001                        ASSERT ((. <= 0x2380000), Error: DS-mode sections overflow DS ARM9 memory size (3.5 MB))

.twl            0x02015960        0x0 load address 0x02400000
 *(.twl .twl.*)
 *.twl.*(.text .stub .text.* .gnu.linkonce.t.*)
 *.twl.*(.glue_7t .glue_7 .vfp11_veneer .v4_bx)
 *.twl.*(.rodata .rodata.* .gnu.linkonce.r.*)
 *.twl.*(.rodata1)
                0x02015960                        . = ALIGN (0x4)

.twl.rw         0x02015960        0x0 load address 0x02400000
 *.twl.*(.data .data.* .gnu.linkonce.d.*)
 *.twl.*(.data1)
                0x02015960                        . = ALIGN (0x4)
                0x02400000                        PROVIDE (__twl_lma = LOADADDR (.twl))
                0x02015960                        PROVIDE (__twl_start = ADDR (.twl))
                0x02015960                        PROVIDE (__twl_end = (ADDR (.twl.rw) + SIZEOF (.twl.rw)))

.twl.bss        0x02015960        0x0 load address 0x02400000
 *(.twl_bss .twl_bss.*)
 *.twl.*(.dynbss)
 *.twl.*(.bss .bss.* .gnu.linkonce.b.*)
 *.twl.*(COMMON)
                0x02015960                        . = ALIGN (0x4)
                [!provide]                        PROVIDE (__twl_bss_start = ADDR (.twl.bss))
                0x02015960                        PROVIDE (__twl_bss_end = (ADDR (.twl.bss) + SIZEOF (.twl.bss)))
                0x02015960                        . = .
                0x02015960                        PROVIDE (__heap_start_twl = .)

.loadlist       0x0e000998       0x30 load address 0x0201905c
                0x0e000998        0x4 LONG 0x1ff8000 __itcm_start
                0x0e00099c        0x4 LONG 0x1ff869c __itcm_end
                0x0e0009a0        0x4 LONG 0x1ff869c __itcm_end
                0x0e0009a4        0x4 LONG 0x2ff0000 __dtcm_start
                0x0e0009a8        0x4 LONG 0x2ff0000 __dtcm_end
                0x0e0009ac        0x4 LONG 0x2ff0098 __dtcm_bss_end
                0x0e0009b0        0x4 LONG 0x20013c0 __main_start
                0x0e0009b4        0x4 LONG 0x2015028 __main_end
                0x0e0009b8        0x4 LONG 0x2015028 __main_end
                0x0e0009bc        0x4 LONG 0x2015028 __tls_start
                0x0e0009c0        0x4 LONG 0x2015028 __tls_end
                0x0e0009c4        0x4 LONG 0x201594c __main_bss_end
                0x02004d58                        PROVIDE (__loadlist_lma = __itcm_lma)
                0x0201905c                        PROVIDE (__loadlist_start = LOADADDR (.loadlist))
                0x0201908c                        PROVIDE (__loadlist_end = (LOADADDR (.loadlist) + SIZEOF (.loadlist)))

.twl.loadlist   0x0e0009c8        0xc load address 0x02400000
                0x0e0009c8        0x4 LONG 0x2015960 __twl_start
                0x0e0009cc        0x4 LONG 0x2015960 __twl_end
                0x0e0009d0        0x4 LONG 0x2015960 __twl_bss_end
                0x02400000                        PROVIDE (__twl_loadlist_lma = __twl_lma)
                0x02400000                        PROVIDE (__twl_loadlist_start = LOADADDR (.twl.loadlist))
                0x0240000c                        PROVIDE (__twl_loadlist_end = (LOADADDR (.twl.loadlist) + SIZEOF (.twl.loadlist)))

.rel.dyn        0x0e0009d4        0x0 load address 0x0240000c
 .rel.iplt      0x0e0009d4        0x0 /opt/devkitpro/devkitARM/bin/../lib/gcc/arm-none-eabi/15.1.0/thumb/crtbegin.o

.stab
 *(.stab)

.stabstr
 *(.stabstr)

.stab.excl
 *(.stab.excl)

.stab.exclstr
 *(.stab.exclstr)

.stab.index
 *(.stab.index)

.stab.indexstr
 *(.stab.indexstr)

.comment        0x00000000       0x23
 *(.comment)
 .comment       0x00000000       0x23 /opt/devkitpro/devkitARM/bin/../lib/gcc/arm-none-eabi/15.1.0/thumb/crtbegin.o
                                 0x24 (size before relaxing)
 .comment       0x00000023       0x24 main.o
 .comment       0x00000023       0x24 /opt/devkitpro/libnds/lib/libnds9.a(background.o)
 .comment       0x00000023       0x24 /opt/devkitpro/libnds/lib/libnds9.a(console.o)
 .comment       0x00000023       0x24 /opt/devkitpro/libnds/lib/libnds9.a(keys.o)
 .comment       0x00000023       0x24 /opt/devkitpro/libnds/lib/libnds9.a(trig.o)
 .comment       0x00000023       0x24 /opt/devkitpro/calico/lib/libcalico_ds9.a(thread_cold.o)
 .comment       0x00000023       0x24 /opt/devkitpro/calico/lib/libcalico_ds9.a(thread_hot.32.o)
 .comment       0x00000023       0x24 /opt/devkitpro/calico/lib/libcalico_ds9.a(arm-shims.32.o)
 .comment       0x00000023       0x24 /opt/devkitpro/calico/lib/libcalico_ds9.a(keypad.o)
 .comment       0x00000023       0x24 /opt/devkitpro/calico/lib/libcalico_ds9.a(touch.o)
 .comment       0x00000023       0x24 /opt/devkitpro/calico/lib/libcalico_ds9.a(tick.o)
 .comment       0x00000023       0x24 /opt/devkitpro/calico/lib/libcalico_ds9.a(newlib_syscalls.o)
 .comment       0x00000023       0x24 /opt/devkitpro/calico/lib/libcalico_ds9.a(startup.crt0.o)
 .comment       0x00000023       0x24 /opt/devkitpro/calico/lib/libcalico_ds9.a(pxi.o)
 .comment       0x00000023       0x24 /opt/devkitpro/calico/lib/libcalico_ds9.a(sys_startup.o)
 .comment       0x00000023       0x24 /opt/devkitpro/calico/lib/libcalico_ds9.a(irq.o)
 .comment       0x00000023       0x24 /opt/devkitpro/calico/lib/libcalico_ds9.a(mutex.o)
 .comment       0x00000023       0x24 /opt/devkitpro/calico/lib/libcalico_ds9.a(mailbox.o)
 .comment       0x00000023       0x24 /opt/devkitpro/calico/lib/libcalico_ds9.a(pm.o)
 .comment       0x00000023       0x24 /opt/devkitpro/devkitARM/bin/../lib/gcc/arm-none-eabi/15.1.0/thumb/libgcc.a(_udivmoddi4.o)
 .comment       0x00000023       0x24 /opt/devkitpro/devkitARM/bin/../lib/gcc/arm-none-eabi/15.1.0/../../../../arm-none-eabi/lib/thumb/libg.a(libc_a-init.o)
 .comment       0x00000023       0x24 /opt/devkitpro/devkitARM/bin/../lib/gcc/arm-none-eabi/15.1.0/../../../../arm-none-eabi/lib/thumb/libg.a(libc_a-siscanf.o)
 .comment       0x00000023       0x24 /opt/devkitpro/devkitARM/bin/../lib/gcc/arm-none-eabi/15.1.0/../../../../arm-none-eabi/lib/thumb/libg.a(libc_a-mallocr.o)
 .comment       0x00000023       0x24 /opt/devkitpro/devkitARM/bin/../lib/gcc/arm-none-eabi/15.1.0/../../../../arm-none-eabi/lib/thumb/libg.a(libc_a-freer.o)
 .comment       0x00000023       0x24 /opt/devkitpro/devkitARM/bin/../lib/gcc/arm-none-eabi/15.1.0/../../../../arm-none-eabi/lib/thumb/libg.a(libc_a-memset.o)
 .comment       0x00000023       0x24 /opt/devkitpro/devkitARM/bin/../lib/gcc/arm-none-eabi/15.1.0/../../../../arm-none-eabi/lib/thumb/libg.a(libc_a-mlock.o)
 .comment       0x00000023       0x24 /opt/devkitpro/devkitARM/bin/../lib/gcc/arm-none-eabi/15.1.0/../../../../arm-none-eabi/lib/thumb/libg.a(libc_a-exit.o)
 .comment       0x00000023       0x24 /opt/devkitpro/devkitARM/bin/../lib/gcc/arm-none-eabi/15.1.0/../../../../arm-none-eabi/lib/thumb/libg.a(libc_a-setvbuf.o)
 .comment       0x00000023       0x24 /opt/devkitpro/devkitARM/bin/../lib/gcc/arm-none-eabi/15.1.0/../../../../arm-none-eabi/lib/thumb/libg.a(libc_a-memcpy-stub.o)
 .comment       0x00000023       0x24 /opt/devkitpro/devkitARM/bin/../lib/gcc/arm-none-eabi/15.1.0/../../../../arm-none-eabi/lib/thumb/libg.a(libc_a-iprintf.o)
 .comment       0x00000023       0x24 /opt/devkitpro/devkitARM/bin/../lib/gcc/arm-none-eabi/15.1.0/../../../../arm-none-eabi/lib/thumb/libg.a(libc_a-stdio.o)
 .comment       0x00000023       0x24 /opt/devkitpro/devkitARM/bin/../lib/gcc/arm-none-eabi/15.1.0/../../../../arm-none-eabi/lib/thumb/libg.a(libc_a-vfiprintf.o)
 .comment       0x00000023       0x24 /opt/devkitpro/devkitARM/bin/../lib/gcc/arm-none-eabi/15.1.0/../../../../arm-none-eabi/lib/thumb/libg.a(libc_a-strlen.o)
 .comment       0x00000023       0x24 /opt/devkitpro/devkitARM/bin/../lib/gcc/arm-none-eabi/15.1.0/../../../../arm-none-eabi/lib/thumb/libg.a(libc_a-svfiscanf.o)
 .comment       0x00000023       0x24 /opt/devkitpro/devkitARM/bin/../lib/gcc/arm-none-eabi/15.1.0/../../../../arm-none-eabi/lib/thumb/libg.a(libc_a-findfp.o)
 .comment       0x00000023       0x24 /opt/devkitpro/devkitARM/bin/../lib/gcc/arm-none-eabi/15.1.0/../../../../arm-none-eabi/lib/thumb/libg.a(libc_a-strtoul.o)
 .comment       0x00000023       0x24 /opt/devkitpro/devkitARM/bin/../lib/gcc/arm-none-eabi/15.1.0/../../../../arm-none-eabi/lib/thumb/libg.a(libc_a-fwalk.o)
 .comment       0x00000023       0x24 /opt/devkitpro/devkitARM/bin/../lib/gcc/arm-none-eabi/15.1.0/../../../../arm-none-eabi/lib/thumb/libg.a(libc_a-sprint_r.o)
 .comment       0x00000023       0x24 /opt/devkitpro/devkitARM/bin/../lib/gcc/arm-none-eabi/15.1.0/../../../../arm-none-eabi/lib/thumb/libg.a(libc_a-iswspace.o)
 .comment       0x00000023       0x24 /opt/devkitpro/devkitARM/bin/../lib/gcc/arm-none-eabi/15.1.0/../../../../arm-none-eabi/lib/thumb/libg.a(libc_a-localeconv.o)
 .comment       0x00000023       0x24 /opt/devkitpro/devkitARM/bin/../lib/gcc/arm-none-eabi/15.1.0/../../../../arm-none-eabi/lib/thumb/libg.a(libc_a-realloc.o)
 .comment       0x00000023       0x24 /opt/devkitpro/devkitARM/bin/../lib/gcc/arm-none-eabi/15.1.0/../../../../arm-none-eabi/lib/thumb/libg.a(libc_a-memchr-stub.o)
 .comment       0x00000023       0x24 /opt/devkitpro/devkitARM/bin/../lib/gcc/arm-none-eabi/15.1.0/../../../../arm-none-eabi/lib/thumb/libg.a(libc_a-wcrtomb.o)
 .comment       0x00000023       0x24 /opt/devkitpro/devkitARM/bin/../lib/gcc/arm-none-eabi/15.1.0/../../../../arm-none-eabi/lib/thumb/libg.a(libc_a-strtol.o)
 .comment       0x00000023       0x24 /opt/devkitpro/devkitARM/bin/../lib/gcc/arm-none-eabi/15.1.0/../../../../arm-none-eabi/lib/thumb/libg.a(libc_a-fini.o)
 .comment       0x00000023       0x24 /opt/devkitpro/devkitARM/bin/../lib/gcc/arm-none-eabi/15.1.0/../../../../arm-none-eabi/lib/thumb/libg.a(libc_a-malloc.o)
 .comment       0x00000023       0x24 /opt/devkitpro/devkitARM/bin/../lib/gcc/arm-none-eabi/15.1.0/../../../../arm-none-eabi/lib/thumb/libg.a(libc_a-sccl.o)
 .comment       0x00000023       0x24 /opt/devkitpro/devkitARM/bin/../lib/gcc/arm-none-eabi/15.1.0/../../../../arm-none-eabi/lib/thumb/libg.a(libc_a-fflush.o)
 .comment       0x00000023       0x24 /opt/devkitpro/devkitARM/bin/../lib/gcc/arm-none-eabi/15.1.0/../../../../arm-none-eabi/lib/thumb/libg.a(libc_a-ctype_.o)
 .comment       0x00000023       0x24 /opt/devkitpro/devkitARM/bin/../lib/gcc/arm-none-eabi/15.1.0/../../../../arm-none-eabi/lib/thumb/libg.a(libc_a-makebuf.o)
 .comment       0x00000023       0x24 /opt/devkitpro/devkitARM/bin/../lib/gcc/arm-none-eabi/15.1.0/../../../../arm-none-eabi/lib/thumb/libg.a(libc_a-reallocr.o)
 .comment       0x00000023       0x24 /opt/devkitpro/devkitARM/bin/../lib/gcc/arm-none-eabi/15.1.0/../../../../arm-none-eabi/lib/thumb/libg.a(libc_a-impure.o)
 .comment       0x00000023       0x24 /opt/devkitpro/devkitARM/bin/../lib/gcc/arm-none-eabi/15.1.0/../../../../arm-none-eabi/lib/thumb/libg.a(libc_a-strncpy.o)
 .comment       0x00000023       0x24 /opt/devkitpro/devkitARM/bin/../lib/gcc/arm-none-eabi/15.1.0/../../../../arm-none-eabi/lib/thumb/libg.a(libc_a-strtoull.o)
 .comment       0x00000023       0x24 /opt/devkitpro/devkitARM/bin/../lib/gcc/arm-none-eabi/15.1.0/../../../../arm-none-eabi/lib/thumb/libg.a(libc_a-wcsrtombs.o)
 .comment       0x00000023       0x24 /opt/devkitpro/devkitARM/bin/../lib/gcc/arm-none-eabi/15.1.0/../../../../arm-none-eabi/lib/thumb/libg.a(libc_a-svfiprintf.o)
 .comment       0x00000023       0x24 /opt/devkitpro/devkitARM/bin/../lib/gcc/arm-none-eabi/15.1.0/../../../../arm-none-eabi/lib/thumb/libg.a(libc_a-mbrtowc.o)
 .comment       0x00000023       0x24 /opt/devkitpro/devkitARM/bin/../lib/gcc/arm-none-eabi/15.1.0/../../../../arm-none-eabi/lib/thumb/libg.a(libc_a-wsetup.o)
 .comment       0x00000023       0x24 /opt/devkitpro/devkitARM/bin/../lib/gcc/arm-none-eabi/15.1.0/../../../../arm-none-eabi/lib/thumb/libg.a(libc_a-fvwrite.o)
 .comment       0x00000023       0x24 /opt/devkitpro/devkitARM/bin/../lib/gcc/arm-none-eabi/15.1.0/../../../../arm-none-eabi/lib/thumb/libg.a(libc_a-memmove.o)
 .comment       0x00000023       0x24 /opt/devkitpro/devkitARM/bin/../lib/gcc/arm-none-eabi/15.1.0/../../../../arm-none-eabi/lib/thumb/libg.a(libc_a-iswspace_l.o)
 .comment       0x00000023       0x24 /opt/devkitpro/devkitARM/bin/../lib/gcc/arm-none-eabi/15.1.0/../../../../arm-none-eabi/lib/thumb/libg.a(libc_a-fclose.o)
 .comment       0x00000023       0x24 /opt/devkitpro/devkitARM/bin/../lib/gcc/arm-none-eabi/15.1.0/../../../../arm-none-eabi/lib/thumb/libg.a(libc_a-strtoll.o)
 .comment       0x00000023       0x24 /opt/devkitpro/devkitARM/bin/../lib/gcc/arm-none-eabi/15.1.0/../../../../arm-none-eabi/lib/thumb/libg.a(libc_a-locale.o)
 .comment       0x00000023       0x24 /opt/devkitpro/devkitARM/bin/../lib/gcc/arm-none-eabi/15.1.0/../../../../arm-none-eabi/lib/thumb/libg.a(libc_a-ungetc.o)
 .comment       0x00000023       0x24 /opt/devkitpro/devkitARM/bin/../lib/gcc/arm-none-eabi/15.1.0/../../../../arm-none-eabi/lib/thumb/libg.a(libc_a-malignr.o)
 .comment       0x00000023       0x24 /opt/devkitpro/devkitARM/bin/../lib/gcc/arm-none-eabi/15.1.0/../../../../arm-none-eabi/lib/thumb/libg.a(libc_a-wcsnrtombs.o)
 .comment       0x00000023       0x24 /opt/devkitpro/devkitARM/bin/../lib/gcc/arm-none-eabi/15.1.0/../../../../arm-none-eabi/lib/thumb/libg.a(libc_a-mbtowc_r.o)
 .comment       0x00000023       0x24 /opt/devkitpro/devkitARM/bin/../lib/gcc/arm-none-eabi/15.1.0/../../../../arm-none-eabi/lib/thumb/libg.a(libc_a-categories.o)
 .comment       0x00000023       0x24 /opt/devkitpro/devkitARM/bin/../lib/gcc/arm-none-eabi/15.1.0/../../../../arm-none-eabi/lib/thumb/libg.a(libc_a-wctomb_r.o)
 .comment       0x00000023       0x24 /opt/devkitpro/devkitARM/bin/../lib/gcc/arm-none-eabi/15.1.0/../../../../arm-none-eabi/lib/thumb/libsysbase.a(libsysbase_libsysbase_a-_exit.o)
 .comment       0x00000023       0x24 /opt/devkitpro/devkitARM/bin/../lib/gcc/arm-none-eabi/15.1.0/../../../../arm-none-eabi/lib/thumb/libsysbase.a(libsysbase_libsysbase_a-fstat.o)
 .comment       0x00000023       0x24 /opt/devkitpro/devkitARM/bin/../lib/gcc/arm-none-eabi/15.1.0/../../../../arm-none-eabi/lib/thumb/libsysbase.a(libsysbase_libsysbase_a-getreent.o)
 .comment       0x00000023       0x24 /opt/devkitpro/devkitARM/bin/../lib/gcc/arm-none-eabi/15.1.0/../../../../arm-none-eabi/lib/thumb/libsysbase.a(libsysbase_libsysbase_a-handle_manager.o)
 .comment       0x00000023       0x24 /opt/devkitpro/devkitARM/bin/../lib/gcc/arm-none-eabi/15.1.0/../../../../arm-none-eabi/lib/thumb/libsysbase.a(libsysbase_libsysbase_a-iosupport.o)
 .comment       0x00000023       0x24 /opt/devkitpro/devkitARM/bin/../lib/gcc/arm-none-eabi/15.1.0/../../../../arm-none-eabi/lib/thumb/libsysbase.a(libsysbase_libsysbase_a-isatty.o)
 .comment       0x00000023       0x24 /opt/devkitpro/devkitARM/bin/../lib/gcc/arm-none-eabi/15.1.0/../../../../arm-none-eabi/lib/thumb/libsysbase.a(libsysbase_libsysbase_a-lseek.o)
 .comment       0x00000023       0x24 /opt/devkitpro/devkitARM/bin/../lib/gcc/arm-none-eabi/15.1.0/../../../../arm-none-eabi/lib/thumb/libsysbase.a(libsysbase_libsysbase_a-malloc_vars.o)
 .comment       0x00000023       0x24 /opt/devkitpro/devkitARM/bin/../lib/gcc/arm-none-eabi/15.1.0/../../../../arm-none-eabi/lib/thumb/libsysbase.a(libsysbase_libsysbase_a-read.o)
 .comment       0x00000023       0x24 /opt/devkitpro/devkitARM/bin/../lib/gcc/arm-none-eabi/15.1.0/../../../../arm-none-eabi/lib/thumb/libsysbase.a(libsysbase_libsysbase_a-sbrk.o)
 .comment       0x00000023       0x24 /opt/devkitpro/devkitARM/bin/../lib/gcc/arm-none-eabi/15.1.0/../../../../arm-none-eabi/lib/thumb/libsysbase.a(libsysbase_libsysbase_a-syscall_support.o)
 .comment       0x00000023       0x24 /opt/devkitpro/devkitARM/bin/../lib/gcc/arm-none-eabi/15.1.0/../../../../arm-none-eabi/lib/thumb/libsysbase.a(libsysbase_libsysbase_a-write.o)
 .comment       0x00000023       0x24 /opt/devkitpro/devkitARM/bin/../lib/gcc/arm-none-eabi/15.1.0/thumb/libgcc.a(_muldi3.o)
 .comment       0x00000023       0x24 /opt/devkitpro/devkitARM/bin/../lib/gcc/arm-none-eabi/15.1.0/thumb/crtend.o

.gnu.build.attributes
 *(.gnu.build.attributes .gnu.build.attributes.*)

.debug
 *(.debug)

.line
 *(.line)

.debug_srcinfo
 *(.debug_srcinfo)

.debug_sfnames
 *(.debug_sfnames)

.debug_aranges  0x00000000      0x760
 *(.debug_aranges)
 .debug_aranges
                0x00000000       0x38 main.o
 .debug_aranges
                0x00000038       0x40 /opt/devkitpro/libnds/lib/libnds9.a(background.o)
 .debug_aranges
                0x00000078       0x80 /opt/devkitpro/libnds/lib/libnds9.a(console.o)
 .debug_aranges
                0x000000f8       0x50 /opt/devkitpro/libnds/lib/libnds9.a(keys.o)
 .debug_aranges
                0x00000148       0x60 /opt/devkitpro/libnds/lib/libnds9.a(trig.o)
 .debug_aranges
                0x000001a8       0x88 /opt/devkitpro/calico/lib/libcalico_ds9.a(thread_cold.o)
 .debug_aranges
                0x00000230       0x50 /opt/devkitpro/calico/lib/libcalico_ds9.a(thread_hot.32.o)
 .debug_aranges
                0x00000280       0x28 /opt/devkitpro/calico/lib/libcalico_ds9.a(arm-context.32.o)
 .debug_aranges
                0x000002a8       0x70 /opt/devkitpro/calico/lib/libcalico_ds9.a(arm-shims.32.o)
 .debug_aranges
                0x00000318       0x20 /opt/devkitpro/calico/lib/libcalico_ds9.a(keypad.o)
 .debug_aranges
                0x00000338       0x38 /opt/devkitpro/calico/lib/libcalico_ds9.a(bootstub_arm9.o)
 .debug_aranges
                0x00000370       0x20 /opt/devkitpro/calico/lib/libcalico_ds9.a(excpt_handler.32.o)
 .debug_aranges
                0x00000390       0x20 /opt/devkitpro/calico/lib/libcalico_ds9.a(touch.o)
 .debug_aranges
                0x000003b0       0x50 /opt/devkitpro/calico/lib/libcalico_ds9.a(tick.o)
 .debug_aranges
                0x00000400       0xa8 /opt/devkitpro/calico/lib/libcalico_ds9.a(newlib_syscalls.o)
 .debug_aranges
                0x000004a8       0x28 /opt/devkitpro/calico/lib/libcalico_ds9.a(startup.crt0.o)
 .debug_aranges
                0x000004d0       0x28 /opt/devkitpro/calico/lib/libcalico_ds9.a(utils.crt0.o)
 .debug_aranges
                0x000004f8       0x20 /opt/devkitpro/calico/lib/libcalico_ds9.a(irq_handler.32.o)
 .debug_aranges
                0x00000518       0x78 /opt/devkitpro/calico/lib/libcalico_ds9.a(pxi.o)
 .debug_aranges
                0x00000590       0x20 /opt/devkitpro/calico/lib/libcalico_ds9.a(mpu_setup.crt0.o)
 .debug_aranges
                0x000005b0       0x28 /opt/devkitpro/calico/lib/libcalico_ds9.a(sys_startup.o)
 .debug_aranges
                0x000005d8       0x20 /opt/devkitpro/calico/lib/libcalico_ds9.a(irq.o)
 .debug_aranges
                0x000005f8       0x50 /opt/devkitpro/calico/lib/libcalico_ds9.a(mutex.o)
 .debug_aranges
                0x00000648       0x30 /opt/devkitpro/calico/lib/libcalico_ds9.a(mailbox.o)
 .debug_aranges
                0x00000678       0x48 /opt/devkitpro/calico/lib/libcalico_ds9.a(arm-cache.32.o)
 .debug_aranges
                0x000006c0       0xa0 /opt/devkitpro/calico/lib/libcalico_ds9.a(pm.o)

.debug_pubnames
 *(.debug_pubnames)

.debug_info     0x00000000    0x10035
 *(.debug_info .gnu.linkonce.wi.*)
 .debug_info    0x00000000      0xecb main.o
 .debug_info    0x00000ecb      0xa36 /opt/devkitpro/libnds/lib/libnds9.a(background.o)
 .debug_info    0x00001901     0x2a7a /opt/devkitpro/libnds/lib/libnds9.a(console.o)
 .debug_info    0x0000437b      0x48d /opt/devkitpro/libnds/lib/libnds9.a(keys.o)
 .debug_info    0x00004808      0x77c /opt/devkitpro/libnds/lib/libnds9.a(trig.o)
 .debug_info    0x00004f84     0x1e51 /opt/devkitpro/calico/lib/libcalico_ds9.a(thread_cold.o)
 .debug_info    0x00006dd5     0x126f /opt/devkitpro/calico/lib/libcalico_ds9.a(thread_hot.32.o)
 .debug_info    0x00008044       0x3b /opt/devkitpro/calico/lib/libcalico_ds9.a(arm-context.32.o)
 .debug_info    0x0000807f      0x385 /opt/devkitpro/calico/lib/libcalico_ds9.a(arm-shims.32.o)
 .debug_info    0x00008404      0x1c6 /opt/devkitpro/calico/lib/libcalico_ds9.a(keypad.o)
 .debug_info    0x000085ca       0x3e /opt/devkitpro/calico/lib/libcalico_ds9.a(bootstub_arm9.o)
 .debug_info    0x00008608       0x5d /opt/devkitpro/calico/lib/libcalico_ds9.a(excpt_handler.32.o)
 .debug_info    0x00008665      0x26f /opt/devkitpro/calico/lib/libcalico_ds9.a(touch.o)
 .debug_info    0x000088d4      0xc64 /opt/devkitpro/calico/lib/libcalico_ds9.a(tick.o)
 .debug_info    0x00009538     0x161d /opt/devkitpro/calico/lib/libcalico_ds9.a(newlib_syscalls.o)
 .debug_info    0x0000ab55      0x4e1 /opt/devkitpro/calico/lib/libcalico_ds9.a(startup.crt0.o)
 .debug_info    0x0000b036       0x3b /opt/devkitpro/calico/lib/libcalico_ds9.a(utils.crt0.o)
 .debug_info    0x0000b071       0x33 /opt/devkitpro/calico/lib/libcalico_ds9.a(irq_handler.32.o)
 .debug_info    0x0000b0a4     0x13cf /opt/devkitpro/calico/lib/libcalico_ds9.a(pxi.o)
 .debug_info    0x0000c473       0x33 /opt/devkitpro/calico/lib/libcalico_ds9.a(mpu_setup.crt0.o)
 .debug_info    0x0000c4a6      0x4fc /opt/devkitpro/calico/lib/libcalico_ds9.a(sys_startup.o)
 .debug_info    0x0000c9a2      0x28e /opt/devkitpro/calico/lib/libcalico_ds9.a(irq.o)
 .debug_info    0x0000cc30     0x1070 /opt/devkitpro/calico/lib/libcalico_ds9.a(mutex.o)
 .debug_info    0x0000dca0      0x80d /opt/devkitpro/calico/lib/libcalico_ds9.a(mailbox.o)
 .debug_info    0x0000e4ad       0x67 /opt/devkitpro/calico/lib/libcalico_ds9.a(arm-cache.32.o)
 .debug_info    0x0000e514     0x1b21 /opt/devkitpro/calico/lib/libcalico_ds9.a(pm.o)

.debug_abbrev   0x00000000     0x3ef0
 *(.debug_abbrev)
 .debug_abbrev  0x00000000      0x42a main.o
 .debug_abbrev  0x0000042a      0x364 /opt/devkitpro/libnds/lib/libnds9.a(background.o)
 .debug_abbrev  0x0000078e      0x62f /opt/devkitpro/libnds/lib/libnds9.a(console.o)
 .debug_abbrev  0x00000dbd      0x273 /opt/devkitpro/libnds/lib/libnds9.a(keys.o)
 .debug_abbrev  0x00001030      0x26c /opt/devkitpro/libnds/lib/libnds9.a(trig.o)
 .debug_abbrev  0x0000129c      0x592 /opt/devkitpro/calico/lib/libcalico_ds9.a(thread_cold.o)
 .debug_abbrev  0x0000182e      0x36d /opt/devkitpro/calico/lib/libcalico_ds9.a(thread_hot.32.o)
 .debug_abbrev  0x00001b9b       0x26 /opt/devkitpro/calico/lib/libcalico_ds9.a(arm-context.32.o)
 .debug_abbrev  0x00001bc1      0x1c3 /opt/devkitpro/calico/lib/libcalico_ds9.a(arm-shims.32.o)
 .debug_abbrev  0x00001d84       0xd0 /opt/devkitpro/calico/lib/libcalico_ds9.a(keypad.o)
 .debug_abbrev  0x00001e54       0x26 /opt/devkitpro/calico/lib/libcalico_ds9.a(bootstub_arm9.o)
 .debug_abbrev  0x00001e7a       0x26 /opt/devkitpro/calico/lib/libcalico_ds9.a(excpt_handler.32.o)
 .debug_abbrev  0x00001ea0      0x11a /opt/devkitpro/calico/lib/libcalico_ds9.a(touch.o)
 .debug_abbrev  0x00001fba      0x329 /opt/devkitpro/calico/lib/libcalico_ds9.a(tick.o)
 .debug_abbrev  0x000022e3      0x4a2 /opt/devkitpro/calico/lib/libcalico_ds9.a(newlib_syscalls.o)
 .debug_abbrev  0x00002785      0x1d6 /opt/devkitpro/calico/lib/libcalico_ds9.a(startup.crt0.o)
 .debug_abbrev  0x0000295b       0x26 /opt/devkitpro/calico/lib/libcalico_ds9.a(utils.crt0.o)
 .debug_abbrev  0x00002981       0x28 /opt/devkitpro/calico/lib/libcalico_ds9.a(irq_handler.32.o)
 .debug_abbrev  0x000029a9      0x446 /opt/devkitpro/calico/lib/libcalico_ds9.a(pxi.o)
 .debug_abbrev  0x00002def       0x28 /opt/devkitpro/calico/lib/libcalico_ds9.a(mpu_setup.crt0.o)
 .debug_abbrev  0x00002e17      0x1e7 /opt/devkitpro/calico/lib/libcalico_ds9.a(sys_startup.o)
 .debug_abbrev  0x00002ffe      0x1c1 /opt/devkitpro/calico/lib/libcalico_ds9.a(irq.o)
 .debug_abbrev  0x000031bf      0x3c9 /opt/devkitpro/calico/lib/libcalico_ds9.a(mutex.o)
 .debug_abbrev  0x00003588      0x2af /opt/devkitpro/calico/lib/libcalico_ds9.a(mailbox.o)
 .debug_abbrev  0x00003837       0x26 /opt/devkitpro/calico/lib/libcalico_ds9.a(arm-cache.32.o)
 .debug_abbrev  0x0000385d      0x693 /opt/devkitpro/calico/lib/libcalico_ds9.a(pm.o)

.debug_line     0x00000000     0x9bf9
 *(.debug_line .debug_line.* .debug_line_end)
 .debug_line    0x00000000      0x5a7 main.o
 .debug_line    0x000005a7      0x61c /opt/devkitpro/libnds/lib/libnds9.a(background.o)
 .debug_line    0x00000bc3     0x1622 /opt/devkitpro/libnds/lib/libnds9.a(console.o)
 .debug_line    0x000021e5      0x457 /opt/devkitpro/libnds/lib/libnds9.a(keys.o)
 .debug_line    0x0000263c      0x77f /opt/devkitpro/libnds/lib/libnds9.a(trig.o)
 .debug_line    0x00002dbb      0xeab /opt/devkitpro/calico/lib/libcalico_ds9.a(thread_cold.o)
 .debug_line    0x00003c66     0x1058 /opt/devkitpro/calico/lib/libcalico_ds9.a(thread_hot.32.o)
 .debug_line    0x00004cbe       0x69 /opt/devkitpro/calico/lib/libcalico_ds9.a(arm-context.32.o)
 .debug_line    0x00004d27      0x2aa /opt/devkitpro/calico/lib/libcalico_ds9.a(arm-shims.32.o)
 .debug_line    0x00004fd1      0x16f /opt/devkitpro/calico/lib/libcalico_ds9.a(keypad.o)
 .debug_line    0x00005140      0x108 /opt/devkitpro/calico/lib/libcalico_ds9.a(bootstub_arm9.o)
 .debug_line    0x00005248       0x66 /opt/devkitpro/calico/lib/libcalico_ds9.a(excpt_handler.32.o)
 .debug_line    0x000052ae      0x19d /opt/devkitpro/calico/lib/libcalico_ds9.a(touch.o)
 .debug_line    0x0000544b      0xa69 /opt/devkitpro/calico/lib/libcalico_ds9.a(tick.o)
 .debug_line    0x00005eb4      0x765 /opt/devkitpro/calico/lib/libcalico_ds9.a(newlib_syscalls.o)
 .debug_line    0x00006619      0x3bd /opt/devkitpro/calico/lib/libcalico_ds9.a(startup.crt0.o)
 .debug_line    0x000069d6       0x7d /opt/devkitpro/calico/lib/libcalico_ds9.a(utils.crt0.o)
 .debug_line    0x00006a53       0x92 /opt/devkitpro/calico/lib/libcalico_ds9.a(irq_handler.32.o)
 .debug_line    0x00006ae5      0x983 /opt/devkitpro/calico/lib/libcalico_ds9.a(pxi.o)
 .debug_line    0x00007468       0x6e /opt/devkitpro/calico/lib/libcalico_ds9.a(mpu_setup.crt0.o)
 .debug_line    0x000074d6      0x46b /opt/devkitpro/calico/lib/libcalico_ds9.a(sys_startup.o)
 .debug_line    0x00007941      0x26e /opt/devkitpro/calico/lib/libcalico_ds9.a(irq.o)
 .debug_line    0x00007baf      0xcc4 /opt/devkitpro/calico/lib/libcalico_ds9.a(mutex.o)
 .debug_line    0x00008873      0x4e3 /opt/devkitpro/calico/lib/libcalico_ds9.a(mailbox.o)
 .debug_line    0x00008d56       0xb2 /opt/devkitpro/calico/lib/libcalico_ds9.a(arm-cache.32.o)
 .debug_line    0x00008e08      0xdf1 /opt/devkitpro/calico/lib/libcalico_ds9.a(pm.o)

.debug_frame    0x00000000     0x10ac
 *(.debug_frame)
 .debug_frame   0x00000000       0x90 main.o
 .debug_frame   0x00000090       0xb4 /opt/devkitpro/libnds/lib/libnds9.a(background.o)
 .debug_frame   0x00000144      0x17c /opt/devkitpro/libnds/lib/libnds9.a(console.o)
 .debug_frame   0x000002c0       0x98 /opt/devkitpro/libnds/lib/libnds9.a(keys.o)
 .debug_frame   0x00000358       0xd8 /opt/devkitpro/libnds/lib/libnds9.a(trig.o)
 .debug_frame   0x00000430      0x194 /opt/devkitpro/calico/lib/libcalico_ds9.a(thread_cold.o)
 .debug_frame   0x000005c4      0x10c /opt/devkitpro/calico/lib/libcalico_ds9.a(thread_hot.32.o)
 .debug_frame   0x000006d0       0x30 /opt/devkitpro/calico/lib/libcalico_ds9.a(arm-context.32.o)
 .debug_frame   0x00000700       0xc0 /opt/devkitpro/calico/lib/libcalico_ds9.a(arm-shims.32.o)
 .debug_frame   0x000007c0       0x20 /opt/devkitpro/calico/lib/libcalico_ds9.a(keypad.o)
 .debug_frame   0x000007e0       0x30 /opt/devkitpro/calico/lib/libcalico_ds9.a(bootstub_arm9.o)
 .debug_frame   0x00000810       0x28 /opt/devkitpro/calico/lib/libcalico_ds9.a(touch.o)
 .debug_frame   0x00000838       0xf0 /opt/devkitpro/calico/lib/libcalico_ds9.a(tick.o)
 .debug_frame   0x00000928      0x1a4 /opt/devkitpro/calico/lib/libcalico_ds9.a(newlib_syscalls.o)
 .debug_frame   0x00000acc       0x58 /opt/devkitpro/calico/lib/libcalico_ds9.a(startup.crt0.o)
 .debug_frame   0x00000b24       0x30 /opt/devkitpro/calico/lib/libcalico_ds9.a(utils.crt0.o)
 .debug_frame   0x00000b54       0x20 /opt/devkitpro/calico/lib/libcalico_ds9.a(irq_handler.32.o)
 .debug_frame   0x00000b74      0x15c /opt/devkitpro/calico/lib/libcalico_ds9.a(pxi.o)
 .debug_frame   0x00000cd0       0x20 /opt/devkitpro/calico/lib/libcalico_ds9.a(mpu_setup.crt0.o)
 .debug_frame   0x00000cf0       0x38 /opt/devkitpro/calico/lib/libcalico_ds9.a(sys_startup.o)
 .debug_frame   0x00000d28       0x28 /opt/devkitpro/calico/lib/libcalico_ds9.a(irq.o)
 .debug_frame   0x00000d50       0xf8 /opt/devkitpro/calico/lib/libcalico_ds9.a(mutex.o)
 .debug_frame   0x00000e48       0x64 /opt/devkitpro/calico/lib/libcalico_ds9.a(mailbox.o)
 .debug_frame   0x00000eac       0x70 /opt/devkitpro/calico/lib/libcalico_ds9.a(arm-cache.32.o)
 .debug_frame   0x00000f1c      0x190 /opt/devkitpro/calico/lib/libcalico_ds9.a(pm.o)

.debug_str      0x00000000     0x350c
 *(.debug_str)
 .debug_str     0x00000000     0x350c main.o
                                0x93c (size before relaxing)
 .debug_str     0x0000350c      0x76c /opt/devkitpro/libnds/lib/libnds9.a(background.o)
 .debug_str     0x0000350c     0x130b /opt/devkitpro/libnds/lib/libnds9.a(console.o)
 .debug_str     0x0000350c      0x2eb /opt/devkitpro/libnds/lib/libnds9.a(keys.o)
 .debug_str     0x0000350c      0x2d5 /opt/devkitpro/libnds/lib/libnds9.a(trig.o)
 .debug_str     0x0000350c      0x9e0 /opt/devkitpro/calico/lib/libcalico_ds9.a(thread_cold.o)
 .debug_str     0x0000350c      0x4c8 /opt/devkitpro/calico/lib/libcalico_ds9.a(thread_hot.32.o)
 .debug_str     0x0000350c       0xac /opt/devkitpro/calico/lib/libcalico_ds9.a(arm-context.32.o)
 .debug_str     0x0000350c      0x245 /opt/devkitpro/calico/lib/libcalico_ds9.a(arm-shims.32.o)
 .debug_str     0x0000350c      0x25f /opt/devkitpro/calico/lib/libcalico_ds9.a(keypad.o)
 .debug_str     0x0000350c       0xbb /opt/devkitpro/calico/lib/libcalico_ds9.a(bootstub_arm9.o)
 .debug_str     0x0000350c       0xe5 /opt/devkitpro/calico/lib/libcalico_ds9.a(excpt_handler.32.o)
 .debug_str     0x0000350c      0x282 /opt/devkitpro/calico/lib/libcalico_ds9.a(touch.o)
 .debug_str     0x0000350c      0x375 /opt/devkitpro/calico/lib/libcalico_ds9.a(tick.o)
 .debug_str     0x0000350c      0xb64 /opt/devkitpro/calico/lib/libcalico_ds9.a(newlib_syscalls.o)
 .debug_str     0x0000350c      0x35d /opt/devkitpro/calico/lib/libcalico_ds9.a(startup.crt0.o)
 .debug_str     0x0000350c       0xb3 /opt/devkitpro/calico/lib/libcalico_ds9.a(utils.crt0.o)
 .debug_str     0x0000350c       0x9e /opt/devkitpro/calico/lib/libcalico_ds9.a(irq_handler.32.o)
 .debug_str     0x0000350c      0x960 /opt/devkitpro/calico/lib/libcalico_ds9.a(pxi.o)
 .debug_str     0x0000350c       0xa0 /opt/devkitpro/calico/lib/libcalico_ds9.a(mpu_setup.crt0.o)
 .debug_str     0x0000350c      0x37a /opt/devkitpro/calico/lib/libcalico_ds9.a(sys_startup.o)
 .debug_str     0x0000350c      0x20a /opt/devkitpro/calico/lib/libcalico_ds9.a(irq.o)
 .debug_str     0x0000350c      0x509 /opt/devkitpro/calico/lib/libcalico_ds9.a(mutex.o)
 .debug_str     0x0000350c      0x37b /opt/devkitpro/calico/lib/libcalico_ds9.a(mailbox.o)
 .debug_str     0x0000350c      0x100 /opt/devkitpro/calico/lib/libcalico_ds9.a(arm-cache.32.o)
 .debug_str     0x0000350c      0xd3c /opt/devkitpro/calico/lib/libcalico_ds9.a(pm.o)

.debug_loc
 *(.debug_loc)

.debug_macinfo
 *(.debug_macinfo)

.debug_weaknames
 *(.debug_weaknames)

.debug_funcnames
 *(.debug_funcnames)

.debug_typenames
 *(.debug_typenames)

.debug_varnames
 *(.debug_varnames)

.debug_pubtypes
 *(.debug_pubtypes)

.debug_ranges
 *(.debug_ranges)

.debug_macro
 *(.debug_macro)

.debug_addr
 *(.debug_addr)

.ARM.attributes
                0x00000000       0x27
 *(.ARM.attributes)
 .ARM.attributes
                0x00000000       0x1c /opt/devkitpro/devkitARM/bin/../lib/gcc/arm-none-eabi/15.1.0/thumb/crti.o
 .ARM.attributes
                0x0000001c       0x2a /opt/devkitpro/devkitARM/bin/../lib/gcc/arm-none-eabi/15.1.0/thumb/crtbegin.o
 .ARM.attributes
                0x00000046       0x2b main.o
 .ARM.attributes
                0x00000071       0x2b /opt/devkitpro/libnds/lib/libnds9.a(background.o)
 .ARM.attributes
                0x0000009c       0x2b /opt/devkitpro/libnds/lib/libnds9.a(console.o)
 .ARM.attributes
                0x000000c7       0x2b /opt/devkitpro/libnds/lib/libnds9.a(keys.o)
 .ARM.attributes
                0x000000f2       0x2b /opt/devkitpro/libnds/lib/libnds9.a(trig.o)
 .ARM.attributes
                0x0000011d       0x1b /opt/devkitpro/libnds/lib/libnds9.a(default_font.bin.o)
 .ARM.attributes