Archive member included to satisfy reference by file (symbol)

/opt/devkitpro/libnds/lib/libnds9.a(background.o)
                              main.o (bgState)
/opt/devkitpro/libnds/lib/libnds9.a(console.o)
                              main.o (consoleInit)
/opt/devkitpro/libnds/lib/libnds9.a(keys.o)
                              main.o (scanKeys)
/opt/devkitpro/libnds/lib/libnds9.a(sound.o)
                              main.o (soundPlayPSG)
/opt/devkitpro/libnds/lib/libnds9.a(trig.o)
                              /opt/devkitpro/libnds/lib/libnds9.a(background.o) (sinLerp)
/opt/devkitpro/libnds/lib/libnds9.a(default_font.bin.o)
                              /opt/devkitpro/libnds/lib/libnds9.a(console.o) (default_font_bin)
/opt/devkitpro/calico/lib/libcalico_ds9.a(thread_cold.o)
                              main.o (threadIrqWait)
/opt/devkitpro/calico/lib/libcalico_ds9.a(thread_hot.32.o)
                              /opt/devkitpro/calico/lib/libcalico_ds9.a(thread_cold.o) (__sched_state)
/opt/devkitpro/calico/lib/libcalico_ds9.a(arm-copy-fill.32.o)
                              /opt/devkitpro/calico/lib/libcalico_ds9.a(thread_cold.o) (armCopyMem32)
/opt/devkitpro/calico/lib/libcalico_ds9.a(arm-context.32.o)
                              /opt/devkitpro/calico/lib/libcalico_ds9.a(thread_cold.o) (armContextSave)
/opt/devkitpro/calico/lib/libcalico_ds9.a(arm-shims.32.o)
                              /opt/devkitpro/calico/lib/libcalico_ds9.a(thread_cold.o) (armWaitForIrq)
/opt/devkitpro/calico/lib/libcalico_ds9.a(keypad.o)
                              /opt/devkitpro/libnds/lib/libnds9.a(keys.o) (keypadGetState)
/opt/devkitpro/calico/lib/libcalico_ds9.a(bootstub_arm9.o)
                              (__ds9_bootstub)
/opt/devkitpro/calico/lib/libcalico_ds9.a(excpt_handler.32.o)
                              /opt/devkitpro/calico/lib/libcalico_ds9.a(bootstub_arm9.o) (__arm_excpt_rst)
/opt/devkitpro/calico/lib/libcalico_ds9.a(pm_arm9.o)
                              /opt/devkitpro/libnds/lib/libnds9.a(sound.o) (pmMicSetAmp)
/opt/devkitpro/calico/lib/libcalico_ds9.a(touch.o)
                              main.o (touchRead)
/opt/devkitpro/calico/lib/libcalico_ds9.a(sound.o)
                              /opt/devkitpro/libnds/lib/libnds9.a(sound.o) (soundInit)
/opt/devkitpro/calico/lib/libcalico_ds9.a(mic.o)
                              /opt/devkitpro/libnds/lib/libnds9.a(sound.o) (micInit)
/opt/devkitpro/calico/lib/libcalico_ds9.a(tick.o)
                              /opt/devkitpro/calico/lib/libcalico_ds9.a(thread_cold.o) (tickTaskStart)
/opt/devkitpro/calico/lib/libcalico_ds9.a(mailbox.o)
                              /opt/devkitpro/calico/lib/libcalico_ds9.a(mic.o) (mailboxRecv)
/opt/devkitpro/calico/lib/libcalico_ds9.a(newlib_syscalls.o)
                              /opt/devkitpro/calico/lib/libcalico_ds9.a(bootstub_arm9.o) (__newlib_syscalls)
/opt/devkitpro/calico/lib/libcalico_ds9.a(arm-cache.32.o)
                              /opt/devkitpro/calico/lib/libcalico_ds9.a(pm_arm9.o) (armDCacheFlush)
/opt/devkitpro/calico/lib/libcalico_ds9.a(startup.crt0.o)
                              /opt/devkitpro/calico/lib/libcalico_ds9.a(bootstub_arm9.o) (crt0Startup)
/opt/devkitpro/calico/lib/libcalico_ds9.a(utils.crt0.o)
                              /opt/devkitpro/calico/lib/libcalico_ds9.a(startup.crt0.o) (crt0CopyMem32)
/opt/devkitpro/calico/lib/libcalico_ds9.a(irq_handler.32.o)
                              /opt/devkitpro/calico/lib/libcalico_ds9.a(bootstub_arm9.o) (__arm_excpt_irq)
/opt/devkitpro/calico/lib/libcalico_ds9.a(pxi.o)
                              /opt/devkitpro/calico/lib/libcalico_ds9.a(startup.crt0.o) (_pxiInit)
/opt/devkitpro/calico/lib/libcalico_ds9.a(mpu_setup.crt0.o)
                              /opt/devkitpro/calico/lib/libcalico_ds9.a(startup.crt0.o) (crt0SetupMPU)
/opt/devkitpro/calico/lib/libcalico_ds9.a(sys_startup.o)
                              /opt/devkitpro/calico/lib/libcalico_ds9.a(startup.crt0.o) (systemStartup)
/opt/devkitpro/calico/lib/libcalico_ds9.a(irq.o)
                              /opt/devkitpro/calico/lib/libcalico_ds9.a(tick.o) (irqSet)
/opt/devkitpro/calico/lib/libcalico_ds9.a(mutex.o)
                              /opt/devkitpro/calico/lib/libcalico_ds9.a(newlib_syscalls.o) (mutexLock)
/opt/devkitpro/calico/lib/libcalico_ds9.a(pm.o)
                              /opt/devkitpro/calico/lib/libcalico_ds9.a(sys_startup.o) (pmInit)
/opt/devkitpro/devkitARM/bin/../lib/gcc/arm-none-eabi/15.1.0/thumb/libgcc.a(_udivsi3.o)
                              /opt/devkitpro/libnds/lib/libnds9.a(sound.o) (__aeabi_uidiv)
/opt/devkitpro/devkitARM/bin/../lib/gcc/arm-none-eabi/15.1.0/thumb/libgcc.a(_divsi3.o)
                              main.o (__aeabi_idiv)
/opt/devkitpro/devkitARM/bin/../lib/gcc/arm-none-eabi/15.1.0/thumb/libgcc.a(_dvmd_tls.o)
                              /opt/devkitpro/devkitARM/bin/../lib/gcc/arm-none-eabi/15.1.0/thumb/libgcc.a(_udivsi3.o) (__aeabi_idiv0)
[...]
Memory Configuration

Name             Origin             Length             Attributes
lma9             0x02004000         0x0027c000
lma9i            0x02400000         0x00280000
vectors          0x00000000         0x00000020
itcm             0x01ff8020         0x00007fe0
main             0x02001000         0x00f7f000
dtcm             0x02ff0000         0x00003e80
dldi             0x0380b000         0x00004000
stub             0x0e000000         0x00004000
tls              0x00000000         0x00000400
*default*        0x00000000         0xffffffff

Linker script and memory map

                0x00000000                        __sync_synchronize = __sync_synchronize_none
LOAD /opt/devkitpro/devkitARM/bin/../lib/gcc/arm-none-eabi/15.1.0/thumb/crti.o
LOAD /opt/devkitpro/devkitARM/bin/../lib/gcc/arm-none-eabi/15.1.0/thumb/crtbegin.o
LOAD main.o
LOAD /opt/devkitpro/libnds/lib/libnds9.a
LOAD /opt/devkitpro/calico/lib/libcalico_ds9.a
START GROUP
LOAD /opt/devkitpro/devkitARM/bin/../lib/gcc/arm-none-eabi/15.1.0/thumb/libgcc.a
LOAD /opt/devkitpro/devkitARM/bin/../lib/gcc/arm-none-eabi/15.1.0/../../../../arm-none-eabi/lib/thumb/libg.a
LOAD /opt/devkitpro/devkitARM/bin/../lib/gcc/arm-none-eabi/15.1.0/../../../../arm-none-eabi/lib/thumb/libc.a
LOAD /opt/devkitpro/devkitARM/bin/../lib/gcc/arm-none-eabi/15.1.0/../../../../arm-none-eabi/lib/thumb/libsysbase.a
END GROUP
LOAD /opt/devkitpro/devkitARM/bin/../lib/gcc/arm-none-eabi/15.1.0/thumb/crtend.o
LOAD /opt/devkitpro/devkitARM/bin/../lib/gcc/arm-none-eabi/15.1.0/thumb/crtn.o
                0x02ff3e80                        PROVIDE (__sp_usr = (ORIGIN (dtcm) + LENGTH (dtcm)))
                0x02ff3f80                        PROVIDE (__sp_irq = (__sp_usr + 0x100))
                0x02ff3fc0                        PROVIDE (__sp_svc = (__sp_irq + 0x40))
                0x02ff3ff8                        PROVIDE (__irq_flags = (__sp_svc + 0x38))
                [!provide]                        PROVIDE (__irq_vector = (__sp_svc + 0x3c))
                [!provide]                        PROVIDE (__arm_excpt_rst = 0xffff0000)
                [!provide]                        PROVIDE (__arm_excpt_und = 0xffff0004)
                0xffff0008                        PROVIDE (__arm_excpt_svc = 0xffff0008)
                [!provide]                        PROVIDE (__arm_excpt_pabt = 0xffff000c)
                [!provide]                        PROVIDE (__arm_excpt_dabt = 0xffff0010)
                [!provide]                        PROVIDE (__arm_excpt_irq = 0xffff0018)
                [!provide]                        PROVIDE (__arm_excpt_fiq = 0xffff001c)
                0x00000000                        PROVIDE (__end__ = 0x0)

.secure         0x0e000000      0x800 load address 0x02004000
                0x0e0007fc                        . = (. + 0x7fc)
 *fill*         0x0e000000      0x7fc 00000000
                0x0e0007fc        0x4 LONG 0x0

.bootstub       0x0e000800      0x198 load address 0x02004800
 *(.bootstub .bootstub.*)
 .bootstub.__ds9_bootstub
                0x0e000800      0x198 /opt/devkitpro/calico/lib/libcalico_ds9.a(bootstub_arm9.o)
                0x0e000800                __ds9_bootstub
                0x0e000998                        . = ALIGN (0x4)

.crt0           0x02001000      0x3c0 load address 0x02004998
 *(.crt0 .crt0.*)
 .crt0.__ds9_bootstub_trampoline
                0x02001000       0x60 /opt/devkitpro/calico/lib/libcalico_ds9.a(bootstub_arm9.o)
 *.crt0.*(.text .stub .text.* .gnu.linkonce.t.*)
 .text.crt0ProcessLoadList
                0x02001060       0x74 /opt/devkitpro/calico/lib/libcalico_ds9.a(startup.crt0.o)
                0x02001060                crt0ProcessLoadList
 .text.crt0Startup
                0x020010d4      0x180 /opt/devkitpro/calico/lib/libcalico_ds9.a(startup.crt0.o)
                0x020010d4                crt0Startup
 .text.crt0CopyMem32
                0x02001254       0x4c /opt/devkitpro/calico/lib/libcalico_ds9.a(utils.crt0.o)
                0x02001254                crt0CopyMem32
 .text.crt0FillMem32
                0x020012a0       0x58 /opt/devkitpro/calico/lib/libcalico_ds9.a(utils.crt0.o)
                0x020012a0                crt0FillMem32
 .text.crt0SetupMPU
                0x020012f8       0xb4 /opt/devkitpro/calico/lib/libcalico_ds9.a(mpu_setup.crt0.o)
                0x020012f8                crt0SetupMPU
 *.crt0.*(.glue_7t .glue_7 .vfp11_veneer .v4_bx)
 *.crt0.*(.rodata .rodata.* .gnu.linkonce.r.*)
 *.crt0.*(.rodata1)
                0x020013c0                        . = ALIGN (0x20)
 *fill*         0x020013ac       0x14 ff
                0x02004998                        PROVIDE (__crt0_lma = LOADADDR (.crt0))
                0x02001000                        PROVIDE (__crt0_start = ADDR (.crt0))
                0x020013c0                        PROVIDE (__crt0_end = (ADDR (.crt0) + SIZEOF (.crt0)))
                0x00000001                        ASSERT (((__crt0_end <= LOADADDR (.bootstub)) || (__crt0_start >= (LOADADDR (.bootstub) + SIZEOF (.bootstub)))), Error: crt0 section overlaps initial bootstrap)

.dldi           0x0380b000        0x0 load address 0x02004d58
 *(.dldi)
                0x00000000                        PROVIDE (__dldi_lma = SIZEOF (.dldi)?LOADADDR (.dldi):0x0)

.vectors        0x00000000       0x20 load address 0x02004d58
 *(.vectors)
 .vectors       0x00000000       0x20 /opt/devkitpro/calico/lib/libcalico_ds9.a(bootstub_arm9.o)

.itcm           0x01ff8020      0x67c load address 0x02004d78
 *(.itcm .itcm.*)
 .itcm          0x01ff8020       0x30 /opt/devkitpro/calico/lib/libcalico_ds9.a(bootstub_arm9.o)
                0x01ff8038                __excpt_vectors
 *.itcm.*(.text .stub .text.* .gnu.linkonce.t.*)
 *.32.o(.text .stub .text.* .gnu.linkonce.t.*)
 .text.threadReschedule
                0x01ff8050       0x88 /opt/devkitpro/calico/lib/libcalico_ds9.a(thread_hot.32.o)
 .text.threadBlock
                0x01ff80d8       0xd8 /opt/devkitpro/calico/lib/libcalico_ds9.a(thread_hot.32.o)
                0x01ff80d8                threadBlock
 .text.threadUnblockOneByValue
                0x01ff81b0       0xc0 /opt/devkitpro/calico/lib/libcalico_ds9.a(thread_hot.32.o)
                0x01ff81b0                threadUnblockOneByValue
 .text.threadUnblockAllByValue
                0x01ff8270      0x130 /opt/devkitpro/calico/lib/libcalico_ds9.a(thread_hot.32.o)
                0x01ff8270                threadUnblockAllByValue
 .text.threadUnblockAllByMask
                0x01ff83a0      0x134 /opt/devkitpro/calico/lib/libcalico_ds9.a(thread_hot.32.o)
                0x01ff83a0                threadUnblockAllByMask
 .text.armContextSave
                0x01ff84d4       0x2c /opt/devkitpro/calico/lib/libcalico_ds9.a(arm-context.32.o)
                0x01ff84d4                armContextSave
 .text.armContextLoad
                0x01ff8500       0x20 /opt/devkitpro/calico/lib/libcalico_ds9.a(arm-context.32.o)
                0x01ff8500                armContextLoad
                0x01ff8504                armContextLoadFromSvc
 .text.armWaitForIrq
                0x01ff8520        0x8 /opt/devkitpro/calico/lib/libcalico_ds9.a(arm-shims.32.o)
                0x01ff8520                armWaitForIrq
 .text.__excpt_entry
                0x01ff8528       0x50 /opt/devkitpro/calico/lib/libcalico_ds9.a(excpt_handler.32.o)
                0x01ff8528                __arm_excpt_rst
                0x01ff852c                __arm_excpt_pabt
                0x01ff8530                __arm_excpt_und
                0x01ff853c                __arm_excpt_dabt
 .text.armDrainWriteBuffer
                0x01ff8578        0xc /opt/devkitpro/calico/lib/libcalico_ds9.a(arm-cache.32.o)
                0x01ff8578                armDrainWriteBuffer
 .text.armDCacheFlushAll
                0x01ff8584       0x28 /opt/devkitpro/calico/lib/libcalico_ds9.a(arm-cache.32.o)
                0x01ff8584                armDCacheFlushAll
 .text.armICacheInvalidateAll
                0x01ff85ac        0xc /opt/devkitpro/calico/lib/libcalico_ds9.a(arm-cache.32.o)
                0x01ff85ac                armICacheInvalidateAll
 .text.__arm_excpt_irq
                0x01ff85b8       0xe4 /opt/devkitpro/calico/lib/libcalico_ds9.a(irq_handler.32.o)
                0x01ff85b8                __arm_excpt_irq
 *.itcm.*(.glue_7t .glue_7 .vfp11_veneer .v4_bx)
 *.32.o(.glue_7t .glue_7 .vfp11_veneer .v4_bx)
 *.itcm.*(.rodata .rodata.* .gnu.linkonce.r.*)
 *.32.o(.rodata .rodata.* .gnu.linkonce.r.*)
 *.itcm.*(.rodata1)
 *.32.o(.rodata1)
                0x01ff869c                        . = ALIGN (0x4)
                0x02004d58                        PROVIDE (__itcm_lma = LOADADDR (.vectors))
                0x01ff8000                        PROVIDE (__itcm_start = (ADDR (.itcm) - SIZEOF (.vectors)))
                0x01ff869c                        PROVIDE (__itcm_end = (ADDR (.itcm) + SIZEOF (.itcm)))
                0x00000001                        ASSERT (((__itcm_lma + SIZEOF (.vectors)) == LOADADDR (.itcm)), Error: gap between vectors and itcm)

.dtcm           0x02ff0000        0x0 load address 0x020053f4
 *(.dtcm .dtcm.*)
 *.32.o(.data .data.* .gnu.linkonce.d.*)
 *.32.o(.data1)
                0x02ff0000                        . = ALIGN (0x4)
                [!provide]                        PROVIDE (__dtcm_lma = LOADADDR (.dtcm))
                0x02ff0000                        PROVIDE (__dtcm_start = ADDR (.dtcm))
                0x02ff0000                        PROVIDE (__dtcm_end = (ADDR (.dtcm) + SIZEOF (.dtcm)))

.dtcm.bss       0x02ff0000       0x98 load address 0x020053f4
 *(.sbss .sbss.*)
 *.32.o(.dynbss)
 *.32.o(.bss .bss.* .gnu.linkonce.b.*)
 .bss.__irq_table
                0x02ff0000       0x80 /opt/devkitpro/calico/lib/libcalico_ds9.a(thread_hot.32.o)
                0x02ff0000                __irq_table
 .bss.__sched_state
                0x02ff0080       0x18 /opt/devkitpro/calico/lib/libcalico_ds9.a(thread_hot.32.o)
                0x02ff0080                __sched_state
 *.32.o(COMMON)
                0x02ff0098                        . = ALIGN (0x4)
                [!provide]                        PROVIDE (__dtcm_bss_start = ADDR (.dtcm.bss))
                0x02ff0098                        PROVIDE (__dtcm_bss_end = (ADDR (.dtcm.bss) + SIZEOF (.dtcm.bss)))

.main           0x020013c0    0x13490 load address 0x020053f4
 *(SORT_NONE(.init))
 .init          0x020013c0        0x4 /opt/devkitpro/devkitARM/bin/../lib/gcc/arm-none-eabi/15.1.0/thumb/crti.o
                0x020013c0                _init
 .init          0x020013c4        0x8 /opt/devkitpro/devkitARM/bin/../lib/gcc/arm-none-eabi/15.1.0/thumb/crtn.o
 EXCLUDE_FILE(*.twl.*) *(.text.unlikely .text.*_unlikely .text.unlikely.*)
 EXCLUDE_FILE(*.twl.*) *(.text.exit .text.exit.*)
 .text.exit     0x020013cc       0x24 /opt/devkitpro/devkitARM/bin/../lib/gcc/arm-none-eabi/15.1.0/../../../../arm-none-eabi/lib/thumb/libg.a(libc_a-exit.o)
                0x020013cc                exit
 EXCLUDE_FILE(*.twl.*) *(.text.startup .text.startup.*)
 .text.startup.main
                0x020013f0      0x3d4 main.o
                0x020013f0                main
 .text.startup._soundEnsureInit
                0x020017c4        0xc /opt/devkitpro/libnds/lib/libnds9.a(sound.o)
 EXCLUDE_FILE(*.twl.*) *(.text.hot .text.hot.*)
 EXCLUDE_FILE(*.twl.*) *(.text .iplt .stub .text.* .gnu.linkonce.t.*)
 .text.__do_global_dtors_aux
                0x020017d0       0x2c /opt/devkitpro/devkitARM/bin/../lib/gcc/arm-none-eabi/15.1.0/thumb/crtbegin.o
 .text.frame_dummy
                0x020017fc       0x24 /opt/devkitpro/devkitARM/bin/../lib/gcc/arm-none-eabi/15.1.0/thumb/crtbegin.o
 .iplt          0x02001820        0x0 /opt/devkitpro/devkitARM/bin/../lib/gcc/arm-none-eabi/15.1.0/thumb/crtbegin.o
 .text.playSound
                0x02001820       0x90 main.o
                0x02001820                playSound
 .text.updateSound
                0x020018b0       0x38 main.o
                0x020018b0                updateSound
 .text.calculateTargetClues
                0x020018e8      0x170 main.o
                0x020018e8                calculateTargetClues
 .text.checkLineMatch
                0x02001a58      0x100 main.o
                0x02001a58                checkLineMatch
 .text.updateClueStates
                0x02001b58       0x34 main.o
                0x02001b58                updateClueStates
 .text.checkWin.part.0
                0x02001b8c       0xa0 main.o
 .text.resetGame
                0x02001c2c       0x28 main.o
                0x02001c2c                resetGame
 .text.drawMiniNum
                0x02001c54       0xc4 main.o
                0x02001c54                drawMiniNum
 .text.drawCursor
                0x02001d18      0x120 main.o
                0x02001d18                drawCursor
 .text.renderGame
                0x02001e38      0x2c4 main.o
                0x02001e38                renderGame
 .text.checkIfText
                0x020020fc       0x6c /opt/devkitpro/libnds/lib/libnds9.a(background.o)
                0x020020fc                checkIfText
 .text.bgUpdate
                0x02002168       0xe8 /opt/devkitpro/libnds/lib/libnds9.a(background.o)
                0x02002168                bgUpdate
 .text.bgInit_call
                0x02002250       0xa8 /opt/devkitpro/libnds/lib/libnds9.a(background.o)
                0x02002250                bgInit_call
 .text.bgInitSub_call
                0x020022f8       0xb0 /opt/devkitpro/libnds/lib/libnds9.a(background.o)
                0x020022f8                bgInitSub_call
 .text.newRow   0x020023a8       0xe0 /opt/devkitpro/libnds/lib/libnds9.a(console.o)
 .text.consolePrintChar
                0x02002488       0xe0 /opt/devkitpro/libnds/lib/libnds9.a(console.o)
                0x02002488                consolePrintChar
 .text.con_write
                0x02002568      0x344 /opt/devkitpro/libnds/lib/libnds9.a(console.o)
                0x02002568                con_write
 .text.consoleLoadFont
                0x020028ac      0x2e8 /opt/devkitpro/libnds/lib/libnds9.a(console.o)
                0x020028ac                consoleLoadFont
 .text.consoleInit
                0x02002b94      0x170 /opt/devkitpro/libnds/lib/libnds9.a(console.o)
                0x02002b94                consoleInit
 .text.scanKeys
                0x02002d04       0x6c /opt/devkitpro/libnds/lib/libnds9.a(keys.o)
                0x02002d04                scanKeys
 .text.keysHeld
                0x02002d70        0xc /opt/devkitpro/libnds/lib/libnds9.a(keys.o)
                0x02002d70                keysHeld
 .text.keysDown
                0x02002d7c       0x10 /opt/devkitpro/libnds/lib/libnds9.a(keys.o)
                0x02002d7c                keysDown
 .text.soundPlayPSG
                0x02002d8c       0x54 /opt/devkitpro/libnds/lib/libnds9.a(sound.o)
                0x02002d8c                soundPlayPSG
 .text.soundPlayNoise
                0x02002de0       0x5c /opt/devkitpro/libnds/lib/libnds9.a(sound.o)
                0x02002de0                soundPlayNoise
 .text.sinLutLookup
                0x02002e3c       0x4c /opt/devkitpro/libnds/lib/libnds9.a(trig.o)
                0x02002e3c                sinLutLookup
 .text.sinLerp  0x02002e88       0x38 /opt/devkitpro/libnds/lib/libnds9.a(trig.o)
                0x02002e88                sinLerp
 .text.cosLerp  0x02002ec0       0x44 /opt/devkitpro/libnds/lib/libnds9.a(trig.o)
                0x02002ec0                cosLerp
 .text.threadExit
                0x02002f04       0x9c /opt/devkitpro/calico/lib/libcalico_ds9.a(thread_cold.o)
                0x02002f04                threadExit
 .text._threadTickTask
                0x02002fa0       0x10 /opt/devkitpro/calico/lib/libcalico_ds9.a(thread_cold.o)
 .text._threadInit
                0x02002fb0       0x98 /opt/devkitpro/calico/lib/libcalico_ds9.a(thread_cold.o)
                0x02002fb0                _threadInit
 .text.threadPrepare
                0x02003048       0xa4 /opt/devkitpro/calico/lib/libcalico_ds9.a(thread_cold.o)
                0x02003048                threadPrepare
 .text.threadStart
                0x020030ec       0xc8 /opt/devkitpro/calico/lib/libcalico_ds9.a(thread_cold.o)
                0x020030ec                threadStart
 .text.threadIrqWait
                0x020031b4       0xa0 /opt/devkitpro/calico/lib/libcalico_ds9.a(thread_cold.o)
                0x020031b4                threadIrqWait
 .text.threadSleepTicks
                0x02003254       0x58 /opt/devkitpro/calico/lib/libcalico_ds9.a(thread_cold.o)
                0x02003254                threadSleepTicks
 .text.keypadGetState
                0x020032ac       0x28 /opt/devkitpro/calico/lib/libcalico_ds9.a(keypad.o)
                0x020032ac                keypadGetState
 .text.touchRead
                0x020032d4       0x58 /opt/devkitpro/calico/lib/libcalico_ds9.a(touch.o)
                0x020032d4                touchRead
 .text._soundPxiCheckCredits
                0x0200332c       0x70 /opt/devkitpro/calico/lib/libcalico_ds9.a(sound.o)
 .text._soundPxiHandler
                0x0200339c       0x3c /opt/devkitpro/calico/lib/libcalico_ds9.a(sound.o)
 .text.soundInit
                0x020033d8       0x64 /opt/devkitpro/calico/lib/libcalico_ds9.a(sound.o)
                0x020033d8                soundInit
 .text.soundSetPower
                0x0200343c       0x28 /opt/devkitpro/calico/lib/libcalico_ds9.a(sound.o)
                0x0200343c                soundSetPower
 .text.soundGetActiveChannels
                0x02003464       0x58 /opt/devkitpro/calico/lib/libcalico_ds9.a(sound.o)
                0x02003464                soundGetActiveChannels
 .text.soundPreparePsg
                0x020034bc       0xb8 /opt/devkitpro/calico/lib/libcalico_ds9.a(sound.o)
                0x020034bc                soundPreparePsg
 .text.soundStop
                0x02003574       0x2c /opt/devkitpro/calico/lib/libcalico_ds9.a(sound.o)
                0x02003574                soundStop
 .text.micInit  0x020035a0        0x8 /opt/devkitpro/calico/lib/libcalico_ds9.a(mic.o)
                0x020035a0                micInit
 .text._tickCountIsr
                0x020035a8       0x1c /opt/devkitpro/calico/lib/libcalico_ds9.a(tick.o)
 .text._tickTaskSchedule.part.0.isra.0
                0x020035c4       0x84 /opt/devkitpro/calico/lib/libcalico_ds9.a(tick.o)
 .text.tickInit
                0x02003648       0xa0 /opt/devkitpro/calico/lib/libcalico_ds9.a(tick.o)
                0x02003648                tickInit
 .text.tickGetCount
                0x020036e8       0x5c /opt/devkitpro/calico/lib/libcalico_ds9.a(tick.o)
                0x020036e8                tickGetCount
 .text._tickTaskIsr
                0x02003744      0x110 /opt/devkitpro/calico/lib/libcalico_ds9.a(tick.o)
 .text.tickTaskStart
                0x02003854      0x144 /opt/devkitpro/calico/lib/libcalico_ds9.a(tick.o)
                0x02003854                tickTaskStart
 .text.mailboxTrySend
                0x02003998       0x98 /opt/devkitpro/calico/lib/libcalico_ds9.a(mailbox.o)
                0x02003998                mailboxTrySend
 .text.mailboxRecv
                0x02003a30       0x98 /opt/devkitpro/calico/lib/libcalico_ds9.a(mailbox.o)
                0x02003a30                mailboxRecv
 .text.__syscall_getreent
                0x02003ac8       0x14 /opt/devkitpro/calico/lib/libcalico_ds9.a(newlib_syscalls.o)
                0x02003ac8                __syscall_getreent
 .text.__errno  0x02003adc       0x24 /opt/devkitpro/calico/lib/libcalico_ds9.a(newlib_syscalls.o)
                0x02003adc                __errno
 .text.__syscall_lock_acquire
                0x02003b00        0x4 /opt/devkitpro/calico/lib/libcalico_ds9.a(newlib_syscalls.o)
                0x02003b00                __syscall_lock_acquire
 .text.__syscall_lock_release
                0x02003b04        0x4 /opt/devkitpro/calico/lib/libcalico_ds9.a(newlib_syscalls.o)
                0x02003b04                __syscall_lock_release
 .text.__syscall_lock_acquire_recursive
                0x02003b08       0x4c /opt/devkitpro/calico/lib/libcalico_ds9.a(newlib_syscalls.o)
                0x02003b08                __syscall_lock_acquire_recursive
 .text.__syscall_lock_release_recursive
                0x02003b54       0x18 /opt/devkitpro/calico/lib/libcalico_ds9.a(newlib_syscalls.o)
                0x02003b54                __syscall_lock_release_recursive
 .text._pxiMailboxHandler
                0x02003b6c        0x4 /opt/devkitpro/calico/lib/libcalico_ds9.a(pxi.o)
 .text._pxiRecvUnhandled
                0x02003b70        0x4 /opt/devkitpro/calico/lib/libcalico_ds9.a(pxi.o)
                0x02003b70                _pxiRecvUnhandled
 .text._pxiRecvIrqHandler
                0x02003b74      0x154 /opt/devkitpro/calico/lib/libcalico_ds9.a(pxi.o)
 .text._pxiInit
                0x02003cc8       0x58 /opt/devkitpro/calico/lib/libcalico_ds9.a(pxi.o)
                0x02003cc8                _pxiInit
 .text.pxiSetHandler
                0x02003d20       0x74 /opt/devkitpro/calico/lib/libcalico_ds9.a(pxi.o)
                0x02003d20                pxiSetHandler
 .text.pxiSetMailbox
                0x02003d94       0x68 /opt/devkitpro/calico/lib/libcalico_ds9.a(pxi.o)
                0x02003d94                pxiSetMailbox
 .text.pxiWaitRemote
                0x02003dfc       0x38 /opt/devkitpro/calico/lib/libcalico_ds9.a(pxi.o)
                0x02003dfc                pxiWaitRemote
 .text.pxiSendPacket
                0x02003e34       0x50 /opt/devkitpro/calico/lib/libcalico_ds9.a(pxi.o)
                0x02003e34                pxiSendPacket
 .text.pxiSendExtPacket
                0x02003e84       0x98 /opt/devkitpro/calico/lib/libcalico_ds9.a(pxi.o)
                0x02003e84                pxiSendExtPacket
 .text.pxiBeginReceive
                0x02003f1c       0x2c /opt/devkitpro/calico/lib/libcalico_ds9.a(pxi.o)
                0x02003f1c                pxiBeginReceive
 .text.pxiEndReceive
                0x02003f48       0xac /opt/devkitpro/calico/lib/libcalico_ds9.a(pxi.o)
                0x02003f48                pxiEndReceive
 .text.systemUserStartup
                0x02003ff4        0x4 /opt/devkitpro/calico/lib/libcalico_ds9.a(sys_startup.o)
                0x02003ff4                systemUserStartup
 .text.systemStartup
                0x02003ff8      0x104 /opt/devkitpro/calico/lib/libcalico_ds9.a(sys_startup.o)
                0x02003ff8                systemStartup
 .text.irqSet   0x020040fc       0x64 /opt/devkitpro/calico/lib/libcalico_ds9.a(irq.o)
                0x020040fc                irqSet
 .text.threadUpdateDynamicPrio
                0x02004160      0x1cc /opt/devkitpro/calico/lib/libcalico_ds9.a(mutex.o)
 .text.threadRemoveWaiter
                0x0200432c      0x1c8 /opt/devkitpro/calico/lib/libcalico_ds9.a(mutex.o)
 .text.mutexLock
                0x020044f4      0x150 /opt/devkitpro/calico/lib/libcalico_ds9.a(mutex.o)
                0x020044f4                mutexLock
 .text.mutexUnlock
                0x02004644       0xd0 /opt/devkitpro/calico/lib/libcalico_ds9.a(mutex.o)
                0x02004644                mutexUnlock
 .text._pmCallEventHandlers
                0x02004714       0x40 /opt/devkitpro/calico/lib/libcalico_ds9.a(pm.o)
 .text._pmPxiThreadMain
                0x02004754       0xa0 /opt/devkitpro/calico/lib/libcalico_ds9.a(pm.o)
 .text._pmResetPxiHandler
                0x020047f4       0x28 /opt/devkitpro/calico/lib/libcalico_ds9.a(pm.o)
 .text.systemUserExit
                0x0200481c        0x4 /opt/devkitpro/calico/lib/libcalico_ds9.a(pm.o)
                0x0200481c                systemUserExit
 .text.systemErrorExit
                0x02004820        0x4 /opt/devkitpro/calico/lib/libcalico_ds9.a(pm.o)
                0x02004820                systemErrorExit
 .text.__syscall_exit
                0x02004824      0x138 /opt/devkitpro/calico/lib/libcalico_ds9.a(pm.o)
                0x02004824                __syscall_exit
 .text.pmInit   0x0200495c       0x58 /opt/devkitpro/calico/lib/libcalico_ds9.a(pm.o)
                0x0200495c                pmInit
 .text          0x020049b4      0x11c /opt/devkitpro/devkitARM/bin/../lib/gcc/arm-none-eabi/15.1.0/thumb/libgcc.a(_udivsi3.o)
                0x020049b4                __udivsi3
                0x020049b4                __aeabi_uidiv
                0x02004ab0                __aeabi_uidivmod
 .text          0x02004ad0      0x150 /opt/devkitpro/devkitARM/bin/../lib/gcc/arm-none-eabi/15.1.0/thumb/libgcc.a(_divsi3.o)
                0x02004ad0                __aeabi_idiv
                0x02004ad0                __divsi3
                0x02004c00                __aeabi_idivmod
 .text          0x02004c20        0x4 /opt/devkitpro/devkitARM/bin/../lib/gcc/arm-none-eabi/15.1.0/thumb/libgcc.a(_dvmd_tls.o)
                0x02004c20                __aeabi_ldiv0
                0x02004c20                __aeabi_idiv0
 .text          0x02004c24       0x3c /opt/devkitpro/devkitARM/bin/../lib/gcc/arm-none-eabi/15.1.0/thumb/libgcc.a(_aeabi_uldivmod.o)
                0x02004c24                __aeabi_uldivmod
 .text.__udivmoddi4
                0x02004c60      0x194 /opt/devkitpro/devkitARM/bin/../lib/gcc/arm-none-eabi/15.1.0/thumb/libgcc.a(_udivmoddi4.o)
                0x02004c60                __udivmoddi4
 .text          0x02004df4       0x28 /opt/devkitpro/devkitARM/bin/../lib/gcc/arm-none-eabi/15.1.0/thumb/libgcc.a(_clzdi2.o)
                0x02004df4                __clzdi2
 .text          0x02004e1c       0x48 /opt/devkitpro/devkitARM/bin/../lib/gcc/arm-none-eabi/15.1.0/thumb/libgcc.a(_clzsi2.o)
                0x02004e1c                __clzsi2
 .text.__libc_init_array
                0x02004e64       0x54 /opt/devkitpro/devkitARM/bin/../lib/gcc/arm-none-eabi/15.1.0/../../../../arm-none-eabi/lib/thumb/libg.a(libc_a-init.o)
                0x02004e64                __libc_init_array
 .text.siscanf  0x02004eb8       0x50 /opt/devkitpro/devkitARM/bin/../lib/gcc/arm-none-eabi/15.1.0/../../../../arm-none-eabi/lib/thumb/libg.a(libc_a-siscanf.o)
                0x02004eb8                siscanf
 .text._malloc_r
                0x02004f08      0x550 /opt/devkitpro/devkitARM/bin/../lib/gcc/arm-none-eabi/15.1.0/../../../../arm-none-eabi/lib/thumb/libg.a(libc_a-mallocr.o)
                0x02004f08                _malloc_r
 .text._malloc_trim_r
                0x02005458       0xac /opt/devkitpro/devkitARM/bin/../lib/gcc/arm-none-eabi/15.1.0/../../../../arm-none-eabi/lib/thumb/libg.a(libc_a-freer.o)
                0x02005458                _malloc_trim_r
 .text._free_r  0x02005504      0x1d8 /opt/devkitpro/devkitARM/bin/../lib/gcc/arm-none-eabi/15.1.0/../../../../arm-none-eabi/lib/thumb/libg.a(libc_a-freer.o)
                0x02005504                _free_r
 .text.memset   0x020056dc       0x8c /opt/devkitpro/devkitARM/bin/../lib/gcc/arm-none-eabi/15.1.0/../../../../arm-none-eabi/lib/thumb/libg.a(libc_a-memset.o)
                0x020056dc                memset
 .text.__malloc_lock
                0x02005768       0x14 /opt/devkitpro/devkitARM/bin/../lib/gcc/arm-none-eabi/15.1.0/../../../../arm-none-eabi/lib/thumb/libg.a(libc_a-mlock.o)
                0x02005768                __malloc_lock
 .text.__malloc_unlock
                0x0200577c       0x14 /opt/devkitpro/devkitARM/bin/../lib/gcc/arm-none-eabi/15.1.0/../../../../arm-none-eabi/lib/thumb/libg.a(libc_a-mlock.o)
                0x0200577c                __malloc_unlock
 .text.__call_exitprocs
                0x02005790        0xc /opt/devkitpro/devkitARM/bin/../lib/gcc/arm-none-eabi/15.1.0/../../../../arm-none-eabi/lib/thumb/libg.a(libc_a-exit.o)
                0x02005790                __call_exitprocs
 .text.setvbuf  0x0200579c      0x1ac /opt/devkitpro/devkitARM/bin/../lib/gcc/arm-none-eabi/15.1.0/../../../../arm-none-eabi/lib/thumb/libg.a(libc_a-setvbuf.o)
                0x0200579c                setvbuf
 .text.memcpy   0x02005948       0xb0 /opt/devkitpro/devkitARM/bin/../lib/gcc/arm-none-eabi/15.1.0/../../../../arm-none-eabi/lib/thumb/libg.a(libc_a-memcpy-stub.o)
                0x02005948                memcpy
 .text.iprintf  0x020059f8       0x28 /opt/devkitpro/devkitARM/bin/../lib/gcc/arm-none-eabi/15.1.0/../../../../arm-none-eabi/lib/thumb/libg.a(libc_a-iprintf.o)
                0x020059f8                iprintf
 .text.__sread  0x02005a20       0x34 /opt/devkitpro/devkitARM/bin/../lib/gcc/arm-none-eabi/15.1.0/../../../../arm-none-eabi/lib/thumb/libg.a(libc_a-stdio.o)
                0x02005a20                __sread
 .text.__seofread
                0x02005a54        0x4 /opt/devkitpro/devkitARM/bin/../lib/gcc/arm-none-eabi/15.1.0/../../../../arm-none-eabi/lib/thumb/libg.a(libc_a-stdio.o)
                0x02005a54                __seofread
 .text.__swrite
                0x02005a58       0x4c /opt/devkitpro/devkitARM/bin/../lib/gcc/arm-none-eabi/15.1.0/../../../../arm-none-eabi/lib/thumb/libg.a(libc_a-stdio.o)
                0x02005a58                __swrite
 .text.__sseek  0x02005aa4       0x3c /opt/devkitpro/devkitARM/bin/../lib/gcc/arm-none-eabi/15.1.0/../../../../arm-none-eabi/lib/thumb/libg.a(libc_a-stdio.o)
                0x02005aa4                __sseek
 .text.__sclose
                0x02005ae0       0x10 /opt/devkitpro/devkitARM/bin/../lib/gcc/arm-none-eabi/15.1.0/../../../../arm-none-eabi/lib/thumb/libg.a(libc_a-stdio.o)
                0x02005ae0                __sclose
 .text.get_arg  0x02005af0      0x404 /opt/devkitpro/devkitARM/bin/../lib/gcc/arm-none-eabi/15.1.0/../../../../arm-none-eabi/lib/thumb/libg.a(libc_a-vfiprintf.o)
 .text._vfiprintf_r
                0x02005ef4     0x16d0 /opt/devkitpro/devkitARM/bin/../lib/gcc/arm-none-eabi/15.1.0/../../../../arm-none-eabi/lib/thumb/libg.a(libc_a-vfiprintf.o)
                0x02005ef4                _vfiprintf_r
 .text.__sbprintf
                0x020075c4       0x7c /opt/devkitpro/devkitARM/bin/../lib/gcc/arm-none-eabi/15.1.0/../../../../arm-none-eabi/lib/thumb/libg.a(libc_a-vfiprintf.o)
 .text.strlen   0x02007640       0x60 /opt/devkitpro/devkitARM/bin/../lib/gcc/arm-none-eabi/15.1.0/../../../../arm-none-eabi/lib/thumb/libg.a(libc_a-strlen.o)
                0x02007640                strlen
 .text.get_arg  0x020076a0       0x3e /opt/devkitpro/devkitARM/bin/../lib/gcc/arm-none-eabi/15.1.0/../../../../arm-none-eabi/lib/thumb/libg.a(libc_a-svfiscanf.o)
 .text._sungetc_r
                0x020076de       0x7e /opt/devkitpro/devkitARM/bin/../lib/gcc/arm-none-eabi/15.1.0/../../../../arm-none-eabi/lib/thumb/libg.a(libc_a-svfiscanf.o)
                0x020076de                _sungetc_r
 .text.__ssrefill_r
                0x0200775c       0x42 /opt/devkitpro/devkitARM/bin/../lib/gcc/arm-none-eabi/15.1.0/../../../../arm-none-eabi/lib/thumb/libg.a(libc_a-svfiscanf.o)
                0x0200775c                __ssrefill_r
 .text._sfread_r
                0x0200779e       0x88 /opt/devkitpro/devkitARM/bin/../lib/gcc/arm-none-eabi/15.1.0/../../../../arm-none-eabi/lib/thumb/libg.a(libc_a-svfiscanf.o)
                0x0200779e                _sfread_r
 *fill*         0x02007826        0x2 ff
 .text.__ssvfiscanf_r
                0x02007828     0x1984 /opt/devkitpro/devkitARM/bin/../lib/gcc/arm-none-eabi/15.1.0/../../../../arm-none-eabi/lib/thumb/libg.a(libc_a-svfiscanf.o)
                0x02007828                __ssvfiscanf_r
 .text.stdio_exit_handler
                0x020091ac       0x20 /opt/devkitpro/devkitARM/bin/../lib/gcc/arm-none-eabi/15.1.0/../../../../arm-none-eabi/lib/thumb/libg.a(libc_a-findfp.o)
 .text.cleanup_stdio
                0x020091cc       0x40 /opt/devkitpro/devkitARM/bin/../lib/gcc/arm-none-eabi/15.1.0/../../../../arm-none-eabi/lib/thumb/libg.a(libc_a-findfp.o)
 .text.global_stdio_init.part.0
                0x0200920c      0x120 /opt/devkitpro/devkitARM/bin/../lib/gcc/arm-none-eabi/15.1.0/../../../../arm-none-eabi/lib/thumb/libg.a(libc_a-findfp.o)
 .text.__sinit  0x0200932c       0x3c /opt/devkitpro/devkitARM/bin/../lib/gcc/arm-none-eabi/15.1.0/../../../../arm-none-eabi/lib/thumb/libg.a(libc_a-findfp.o)
                0x0200932c                __sinit
 .text.__sfp_lock_acquire
                0x02009368       0x14 /opt/devkitpro/devkitARM/bin/../lib/gcc/arm-none-eabi/15.1.0/../../../../arm-none-eabi/lib/thumb/libg.a(libc_a-findfp.o)
                0x02009368                __sfp_lock_acquire
 .text.__sfp_lock_release
                0x0200937c       0x14 /opt/devkitpro/devkitARM/bin/../lib/gcc/arm-none-eabi/15.1.0/../../../../arm-none-eabi/lib/thumb/libg.a(libc_a-findfp.o)
                0x0200937c                __sfp_lock_release
 .text._strtoul_l.isra.0
                0x02009390      0x150 /opt/devkitpro/devkitARM/bin/../lib/gcc/arm-none-eabi/15.1.0/../../../../arm-none-eabi/lib/thumb/libg.a(libc_a-strtoul.o)
 .text._strtoul_r
                0x020094e0       0x20 /opt/devkitpro/devkitARM/bin/../lib/gcc/arm-none-eabi/15.1.0/../../../../arm-none-eabi/lib/thumb/libg.a(libc_a-strtoul.o)
                0x020094e0                _strtoul_r
 .text._fwalk_sglue
                0x02009500       0x4c /opt/devkitpro/devkitARM/bin/../lib/gcc/arm-none-eabi/15.1.0/../../../../arm-none-eabi/lib/thumb/libg.a(libc_a-fwalk.o)
                0x02009500                _fwalk_sglue
 .text.__sprint_r
                0x0200954c       0x24 /opt/devkitpro/devkitARM/bin/../lib/gcc/arm-none-eabi/15.1.0/../../../../arm-none-eabi/lib/thumb/libg.a(libc_a-sprint_r.o)
                0x0200954c                __sprint_r
 .text.iswspace
                0x02009570       0x10 /opt/devkitpro/devkitARM/bin/../lib/gcc/arm-none-eabi/15.1.0/../../../../arm-none-eabi/lib/thumb/libg.a(libc_a-iswspace.o)
                0x02009570                iswspace
 .text._localeconv_r
                0x02009580       0x1c /opt/devkitpro/devkitARM/bin/../lib/gcc/arm-none-eabi/15.1.0/../../../../arm-none-eabi/lib/thumb/libg.a(libc_a-localeconv.o)
                0x02009580                _localeconv_r
 .text.realloc  0x0200959c       0x18 /opt/devkitpro/devkitARM/bin/../lib/gcc/arm-none-eabi/15.1.0/../../../../arm-none-eabi/lib/thumb/libg.a(libc_a-realloc.o)
                0x0200959c                realloc
 .text.memchr   0x020095b4       0x74 /opt/devkitpro/devkitARM/bin/../lib/gcc/arm-none-eabi/15.1.0/../../../../arm-none-eabi/lib/thumb/libg.a(libc_a-memchr-stub.o)
                0x020095b4                memchr
 .text._wcrtomb_r
                0x02009628       0x84 /opt/devkitpro/devkitARM/bin/../lib/gcc/arm-none-eabi/15.1.0/../../../../arm-none-eabi/lib/thumb/libg.a(libc_a-wcrtomb.o)
                0x02009628                _wcrtomb_r
 .text._strtol_l.part.0
                0x020096ac      0x25c /opt/devkitpro/devkitARM/bin/../lib/gcc/arm-none-eabi/15.1.0/../../../../arm-none-eabi/lib/thumb/libg.a(libc_a-strtol.o)
 .text._strtol_r
                0x02009908       0x34 /opt/devkitpro/devkitARM/bin/../lib/gcc/arm-none-eabi/15.1.0/../../../../arm-none-eabi/lib/thumb/libg.a(libc_a-strtol.o)
                0x02009908                _strtol_r
 .text.__libc_fini_array
                0x0200993c       0x30 /opt/devkitpro/devkitARM/bin/../lib/gcc/arm-none-eabi/15.1.0/../../../../arm-none-eabi/lib/thumb/libg.a(libc_a-fini.o)
                0x0200993c                __libc_fini_array
 .text.malloc   0x0200996c       0x28 /opt/devkitpro/devkitARM/bin/../lib/gcc/arm-none-eabi/15.1.0/../../../../arm-none-eabi/lib/thumb/libg.a(libc_a-malloc.o)
                0x0200996c                malloc
 .text.free     0x02009994       0x14 /opt/devkitpro/devkitARM/bin/../lib/gcc/arm-none-eabi/15.1.0/../../../../arm-none-eabi/lib/thumb/libg.a(libc_a-malloc.o)
                0x02009994                free
 .text.__sccl   0x020099a8       0xb0 /opt/devkitpro/devkitARM/bin/../lib/gcc/arm-none-eabi/15.1.0/../../../../arm-none-eabi/lib/thumb/libg.a(libc_a-sccl.o)
                0x020099a8                __sccl
 .text.__sflush_r
                0x02009a58      0x180 /opt/devkitpro/devkitARM/bin/../lib/gcc/arm-none-eabi/15.1.0/../../../../arm-none-eabi/lib/thumb/libg.a(libc_a-fflush.o)
                0x02009a58                __sflush_r
 .text._fflush_r
                0x02009bd8       0x70 /opt/devkitpro/devkitARM/bin/../lib/gcc/arm-none-eabi/15.1.0/../../../../arm-none-eabi/lib/thumb/libg.a(libc_a-fflush.o)
                0x02009bd8                _fflush_r
 .text.__smakebuf_r
                0x02009c48       0xe0 /opt/devkitpro/devkitARM/bin/../lib/gcc/arm-none-eabi/15.1.0/../../../../arm-none-eabi/lib/thumb/libg.a(libc_a-makebuf.o)
                0x02009c48                __smakebuf_r
 .text.__swhatbuf_r
                0x02009d28       0x5c /opt/devkitpro/devkitARM/bin/../lib/gcc/arm-none-eabi/15.1.0/../../../../arm-none-eabi/lib/thumb/libg.a(libc_a-makebuf.o)
                0x02009d28                __swhatbuf_r
 .text._realloc_r
                0x02009d84      0x344 /opt/devkitpro/devkitARM/bin/../lib/gcc/arm-none-eabi/15.1.0/../../../../arm-none-eabi/lib/thumb/libg.a(libc_a-reallocr.o)
                0x02009d84                _realloc_r
 .text.strncpy  0x0200a0c8       0x68 /opt/devkitpro/devkitARM/bin/../lib/gcc/arm-none-eabi/15.1.0/../../../../arm-none-eabi/lib/thumb/libg.a(libc_a-strncpy.o)
                0x0200a0c8                strncpy
 .text._strtoull_l.isra.0
                0x0200a130      0x1c0 /opt/devkitpro/devkitARM/bin/../lib/gcc/arm-none-eabi/15.1.0/../../../../arm-none-eabi/lib/thumb/libg.a(libc_a-strtoull.o)
 .text._strtoull_r
                0x0200a2f0       0x20 /opt/devkitpro/devkitARM/bin/../lib/gcc/arm-none-eabi/15.1.0/../../../../arm-none-eabi/lib/thumb/libg.a(libc_a-strtoull.o)
                0x0200a2f0                _strtoull_r
 .text._wcsrtombs_r
                0x0200a310       0x20 /opt/devkitpro/devkitARM/bin/../lib/gcc/arm-none-eabi/15.1.0/../../../../arm-none-eabi/lib/thumb/libg.a(libc_a-wcsrtombs.o)
                0x0200a310                _wcsrtombs_r
 .text._mbrtowc_r
                0x0200a330       0x98 /opt/devkitpro/devkitARM/bin/../lib/gcc/arm-none-eabi/15.1.0/../../../../arm-none-eabi/lib/thumb/libg.a(libc_a-mbrtowc.o)
                0x0200a330                _mbrtowc_r
 .text.__swsetup_r
                0x0200a3c8       0xd4 /opt/devkitpro/devkitARM/bin/../lib/gcc/arm-none-eabi/15.1.0/../../../../arm-none-eabi/lib/thumb/libg.a(libc_a-wsetup.o)
                0x0200a3c8                __swsetup_r
 .text.__sfvwrite_r
                0x0200a49c      0x31c /opt/devkitpro/devkitARM/bin/../lib/gcc/arm-none-eabi/15.1.0/../../../../arm-none-eabi/lib/thumb/libg.a(libc_a-fvwrite.o)
                0x0200a49c                __sfvwrite_r
 .text.memmove  0x0200a7b8       0xcc /opt/devkitpro/devkitARM/bin/../lib/gcc/arm-none-eabi/15.1.0/../../../../arm-none-eabi/lib/thumb/libg.a(libc_a-memmove.o)
                0x0200a7b8                memmove
 .text.iswspace_l
                0x0200a884       0x28 /opt/devkitpro/devkitARM/bin/../lib/gcc/arm-none-eabi/15.1.0/../../../../arm-none-eabi/lib/thumb/libg.a(libc_a-iswspace_l.o)
                0x0200a884                iswspace_l
 .text._fclose_r
                0x0200a8ac       0xdc /opt/devkitpro/devkitARM/bin/../lib/gcc/arm-none-eabi/15.1.0/../../../../arm-none-eabi/lib/thumb/libg.a(libc_a-fclose.o)
                0x0200a8ac                _fclose_r
 .text._strtoll_l.isra.0
                0x0200a988      0x300 /opt/devkitpro/devkitARM/bin/../lib/gcc/arm-none-eabi/15.1.0/../../../../arm-none-eabi/lib/thumb/libg.a(libc_a-strtoll.o)
 .text._strtoll_r
                0x0200ac88       0x20 /opt/devkitpro/devkitARM/bin/../lib/gcc/arm-none-eabi/15.1.0/../../../../arm-none-eabi/lib/thumb/libg.a(libc_a-strtoll.o)
                0x0200ac88                _strtoll_r
 .text.__locale_mb_cur_max
                0x0200aca8       0x20 /opt/devkitpro/devkitARM/bin/../lib/gcc/arm-none-eabi/15.1.0/../../../../arm-none-eabi/lib/thumb/libg.a(libc_a-locale.o)
                0x0200aca8                __locale_mb_cur_max
 .text.__submore
                0x0200acc8       0x7c /opt/devkitpro/devkitARM/bin/../lib/gcc/arm-none-eabi/15.1.0/../../../../arm-none-eabi/lib/thumb/libg.a(libc_a-ungetc.o)
                0x0200acc8                __submore
 .text._memalign_r
                0x0200ad44      0x118 /opt/devkitpro/devkitARM/bin/../lib/gcc/arm-none-eabi/15.1.0/../../../../arm-none-eabi/lib/thumb/libg.a(libc_a-malignr.o)
                0x0200ad44                _memalign_r
 .text._wcsnrtombs_l
                0x0200ae5c      0x11c /opt/devkitpro/devkitARM/bin/../lib/gcc/arm-none-eabi/15.1.0/../../../../arm-none-eabi/lib/thumb/libg.a(libc_a-wcsnrtombs.o)
                0x0200ae5c                _wcsnrtombs_l
 .text._wcsnrtombs_r
                0x0200af78       0x40 /opt/devkitpro/devkitARM/bin/../lib/gcc/arm-none-eabi/15.1.0/../../../../arm-none-eabi/lib/thumb/libg.a(libc_a-wcsnrtombs.o)
                0x0200af78                _wcsnrtombs_r
 .text.__utf8_mbtowc
                0x0200afb8      0x24c /opt/devkitpro/devkitARM/bin/../lib/gcc/arm-none-eabi/15.1.0/../../../../arm-none-eabi/lib/thumb/libg.a(libc_a-mbtowc_r.o)
                0x0200afb8                __utf8_mbtowc
 .text.category
                0x0200b204       0x5c /opt/devkitpro/devkitARM/bin/../lib/gcc/arm-none-eabi/15.1.0/../../../../arm-none-eabi/lib/thumb/libg.a(libc_a-categories.o)
                0x0200b204                category
 .text.__utf8_wctomb
                0x0200b260       0xbc /opt/devkitpro/devkitARM/bin/../lib/gcc/arm-none-eabi/15.1.0/../../../../arm-none-eabi/lib/thumb/libg.a(libc_a-wctomb_r.o)
                0x0200b260                __utf8_wctomb
 .text._exit    0x0200b31c       0x14 /opt/devkitpro/devkitARM/bin/../lib/gcc/arm-none-eabi/15.1.0/../../../../arm-none-eabi/lib/thumb/libsysbase.a(libsysbase_libsysbase_a-_exit.o)
                0x0200b31c                _exit
 .text._fstat_r
                0x0200b330       0x5c /opt/devkitpro/devkitARM/bin/../lib/gcc/arm-none-eabi/15.1.0/../../../../arm-none-eabi/lib/thumb/libsysbase.a(libsysbase_libsysbase_a-fstat.o)
                0x0200b330                _fstat_r
 .text.__getreent
                0x0200b38c       0x20 /opt/devkitpro/devkitARM/bin/../lib/gcc/arm-none-eabi/15.1.0/../../../../arm-none-eabi/lib/thumb/libsysbase.a(libsysbase_libsysbase_a-getreent.o)
                0x0200b38c                __getreent
 .text.__get_handle
                0x0200b3ac       0x34 /opt/devkitpro/devkitARM/bin/../lib/gcc/arm-none-eabi/15.1.0/../../../../arm-none-eabi/lib/thumb/libsysbase.a(libsysbase_libsysbase_a-handle_manager.o)
                0x0200b3ac                __get_handle
 .text._close_r
                0x0200b3e0       0xb0 /opt/devkitpro/devkitARM/bin/../lib/gcc/arm-none-eabi/15.1.0/../../../../arm-none-eabi/lib/thumb/libsysbase.a(libsysbase_libsysbase_a-handle_manager.o)
                0x0200b3e0                _close_r
 .text.null_write
                0x0200b490        0x4 /opt/devkitpro/devkitARM/bin/../lib/gcc/arm-none-eabi/15.1.0/../../../../arm-none-eabi/lib/thumb/libsysbase.a(libsysbase_libsysbase_a-iosupport.o)
 .text._isatty_r
                0x0200b494        0x4 /opt/devkitpro/devkitARM/bin/../lib/gcc/arm-none-eabi/15.1.0/../../../../arm-none-eabi/lib/thumb/libsysbase.a(libsysbase_libsysbase_a-isatty.o)
                0x0200b494                _isatty_r
 .text._lseek_r
                0x0200b498       0x64 /opt/devkitpro/devkitARM/bin/../lib/gcc/arm-none-eabi/15.1.0/../../../../arm-none-eabi/lib/thumb/libsysbase.a(libsysbase_libsysbase_a-lseek.o)
                0x0200b498                _lseek_r
 .text._read_r  0x0200b4fc       0x5c /opt/devkitpro/devkitARM/bin/../lib/gcc/arm-none-eabi/15.1.0/../../../../arm-none-eabi/lib/thumb/libsysbase.a(libsysbase_libsysbase_a-read.o)
                0x0200b4fc                _read_r
 .text._sbrk_r  0x0200b558       0x50 /opt/devkitpro/devkitARM/bin/../lib/gcc/arm-none-eabi/15.1.0/../../../../arm-none-eabi/lib/thumb/libsysbase.a(libsysbase_libsysbase_a-sbrk.o)
                0x0200b558                _sbrk_r
 .text.__libc_lock_acquire
                0x0200b5a8       0x18 /opt/devkitpro/devkitARM/bin/../lib/gcc/arm-none-eabi/15.1.0/../../../../arm-none-eabi/lib/thumb/libsysbase.a(libsysbase_libsysbase_a-syscall_support.o)
                0x0200b5a8                __libc_lock_acquire
 .text.__libc_lock_release
                0x0200b5c0       0x18 /opt/devkitpro/devkitARM/bin/../lib/gcc/arm-none-eabi/15.1.0/../../../../arm-none-eabi/lib/thumb/libsysbase.a(libsysbase_libsysbase_a-syscall_support.o)
                0x0200b5c0                __libc_lock_release
 .text.__libc_lock_acquire_recursive
                0x0200b5d8       0x18 /opt/devkitpro/devkitARM/bin/../lib/gcc/arm-none-eabi/15.1.0/../../../../arm-none-eabi/lib/thumb/libsysbase.a(libsysbase_libsysbase_a-syscall_support.o)
                0x0200b5d8                __libc_lock_acquire_recursive
 .text.__libc_lock_release_recursive
                0x0200b5f0       0x18 /opt/devkitpro/devkitARM/bin/../lib/gcc/arm-none-eabi/15.1.0/../../../../arm-none-eabi/lib/thumb/libsysbase.a(libsysbase_libsysbase_a-syscall_support.o)
                0x0200b5f0                __libc_lock_release_recursive
 .text._write_r
                0x0200b608       0x5c /opt/devkitpro/devkitARM/bin/../lib/gcc/arm-none-eabi/15.1.0/../../../../arm-none-eabi/lib/thumb/libsysbase.a(libsysbase_libsysbase_a-write.o)
                0x0200b608                _write_r
 .text          0x0200b664       0x14 /opt/devkitpro/devkitARM/bin/../lib/gcc/arm-none-eabi/15.1.0/thumb/libgcc.a(_thumb1_case_uqi.o)
                0x0200b664                __gnu_thumb1_case_uqi
 .text          0x0200b678       0x14 /opt/devkitpro/devkitARM/bin/../lib/gcc/arm-none-eabi/15.1.0/thumb/libgcc.a(_thumb1_case_uhi.o)
                0x0200b678                __gnu_thumb1_case_uhi
 .text.__muldi3
                0x0200b68c       0x58 /opt/devkitpro/devkitARM/bin/../lib/gcc/arm-none-eabi/15.1.0/thumb/libgcc.a(_muldi3.o)
                0x0200b68c                __aeabi_lmul
                0x0200b68c                __muldi3
 EXCLUDE_FILE(*.twl.*) *(.glue_7t .glue_7 .vfp11_veneer .v4_bx)
 .glue_7        0x0200b6e4        0x0 linker stubs
 .glue_7t       0x0200b6e4        0x0 linker stubs
 .vfp11_veneer  0x0200b6e4        0x0 linker stubs
 .v4_bx         0x0200b6e4        0x0 linker stubs
 *(SORT_NONE(.fini))
 .fini          0x0200b6e4        0x4 /opt/devkitpro/devkitARM/bin/../lib/gcc/arm-none-eabi/15.1.0/thumb/crti.o
                0x0200b6e4                _fini
 .fini          0x0200b6e8        0x8 /opt/devkitpro/devkitARM/bin/../lib/gcc/arm-none-eabi/15.1.0/thumb/crtn.o
 .fini.__stub   0x0200b6f0       0x10 linker stubs
 EXCLUDE_FILE(*.twl.*) *(.rodata .rodata.* .gnu.linkonce.r.*)
 .rodata.main.str1.4
                0x0200b700      0x2b4 main.o
                                0x122 (size before relaxing)
 .rodata.miniFont
                0x0200b9b4       0x1e main.o
                0x0200b9b4                miniFont
 .rodata.str1.4
                0x0200b9d2       0xf9 main.o
 *fill*         0x0200b9d2        0x2 ff
 .rodata.allPuzzles
                0x0200b9d4     0x4a7c main.o
 .rodata.con_write.str1.4
                0x02010450       0x30 /opt/devkitpro/libnds/lib/libnds9.a(console.o)
 .rodata.con_write
                0x02010450       0xd4 /opt/devkitpro/libnds/lib/libnds9.a(console.o)
 .rodata.str1.4
                0x02010524       0x14 /opt/devkitpro/libnds/lib/libnds9.a(console.o)
 .rodata.dotab_stdout
                0x02010524       0x80 /opt/devkitpro/libnds/lib/libnds9.a(console.o)
 .rodata.SIN_LUT
                0x020105a4      0x102 /opt/devkitpro/libnds/lib/libnds9.a(trig.o)
                0x020105a4                SIN_LUT
 *fill*         0x020106a6        0x2 ff
 .rodata.default_font_bin
                0x020106a8      0x800 /opt/devkitpro/libnds/lib/libnds9.a(default_font.bin.o)
                0x020106a8                default_font_bin
                0x02010ea8                default_font_bin_end
 .rodata._vfiprintf_r.str1.1
                0x02010ea8       0x29 /opt/devkitpro/devkitARM/bin/../lib/gcc/arm-none-eabi/15.1.0/../../../../arm-none-eabi/lib/thumb/libg.a(libc_a-vfiprintf.o)
 *fill*         0x02010ed1        0x3 ff
 .rodata.zeroes.0
                0x02010ed4       0x10 /opt/devkitpro/devkitARM/bin/../lib/gcc/arm-none-eabi/15.1.0/../../../../arm-none-eabi/lib/thumb/libg.a(libc_a-vfiprintf.o)
 .rodata.blanks.1
                0x02010ee4       0x10 /opt/devkitpro/devkitARM/bin/../lib/gcc/arm-none-eabi/15.1.0/../../../../arm-none-eabi/lib/thumb/libg.a(libc_a-vfiprintf.o)
 .rodata.basefix.0
                0x02010ef4       0x22 /opt/devkitpro/devkitARM/bin/../lib/gcc/arm-none-eabi/15.1.0/../../../../arm-none-eabi/lib/thumb/libg.a(libc_a-svfiscanf.o)
 *fill*         0x02010f16        0x2 ff
 .rodata._ctype_
                0x02010f18      0x101 /opt/devkitpro/devkitARM/bin/../lib/gcc/arm-none-eabi/15.1.0/../../../../arm-none-eabi/lib/thumb/libg.a(libc_a-ctype_.o)
                0x02010f18                _ctype_
 *fill*         0x02011019        0x3 ff
 .rodata.__action_table
                0x0201101c       0x6c /opt/devkitpro/devkitARM/bin/../lib/gcc/arm-none-eabi/15.1.0/../../../../arm-none-eabi/lib/thumb/libg.a(libc_a-svfiprintf.o)
                0x0201101c                __action_table
 .rodata.__state_table
                0x02011088       0x6c /opt/devkitpro/devkitARM/bin/../lib/gcc/arm-none-eabi/15.1.0/../../../../arm-none-eabi/lib/thumb/libg.a(libc_a-svfiprintf.o)
                0x02011088                __state_table
 .rodata.__chclass
                0x020110f4      0x100 /opt/devkitpro/devkitARM/bin/../lib/gcc/arm-none-eabi/15.1.0/../../../../arm-none-eabi/lib/thumb/libg.a(libc_a-svfiprintf.o)
                0x020110f4                __chclass
 .rodata._mbrtowc_r.str1.4
                0x020111f4        0x1 /opt/devkitpro/devkitARM/bin/../lib/gcc/arm-none-eabi/15.1.0/../../../../arm-none-eabi/lib/thumb/libg.a(libc_a-mbrtowc.o)
 .rodata.str1.4
                0x020111f4       0x4c /opt/devkitpro/devkitARM/bin/../lib/gcc/arm-none-eabi/15.1.0/../../../../arm-none-eabi/lib/thumb/libg.a(libc_a-locale.o)
 .rodata.categories
                0x020111f4     0x35dc /opt/devkitpro/devkitARM/bin/../lib/gcc/arm-none-eabi/15.1.0/../../../../arm-none-eabi/lib/thumb/libg.a(libc_a-categories.o)
 .rodata.AddDevice.str1.4
                0x020147d0        0x8 /opt/devkitpro/devkitARM/bin/../lib/gcc/arm-none-eabi/15.1.0/../../../../arm-none-eabi/lib/thumb/libsysbase.a(libsysbase_libsysbase_a-iosupport.o)
 .rodata.dotab_stdnull
                0x020147d0       0x80 /opt/devkitpro/devkitARM/bin/../lib/gcc/arm-none-eabi/15.1.0/../../../../arm-none-eabi/lib/thumb/libsysbase.a(libsysbase_libsysbase_a-iosupport.o)
                0x020147d0                dotab_stdnull
 EXCLUDE_FILE(*.twl.*) *(.rodata1)
                0x02014850                        . = ALIGN (0x4)

.main.rw        0x02014850     0x1850 load address 0x02018884
 EXCLUDE_FILE(*.twl.*) *(.data .data.* .gnu.linkonce.d.*)
 .data.soundChannel
                0x02014850        0x4 main.o
                0x02014850                soundChannel
 .data.bgTransform
                0x02014854       0x20 /opt/devkitpro/libnds/lib/libnds9.a(background.o)
                0x02014854                bgTransform
 .data.bgScrollTable
                0x02014874       0x20 /opt/devkitpro/libnds/lib/libnds9.a(background.o)
                0x02014874                bgScrollTable
 .data.bgControl
                0x02014894       0x20 /opt/devkitpro/libnds/lib/libnds9.a(background.o)
                0x02014894                bgControl
 .data.firstConsoleInit.0
                0x020148b4        0x1 /opt/devkitpro/libnds/lib/libnds9.a(console.o)
 *fill*         0x020148b5        0x3 ff
 .data.currentConsole
                0x020148b8        0x4 /opt/devkitpro/libnds/lib/libnds9.a(console.o)
                0x020148b8                currentConsole
 .data.defaultConsole
                0x020148bc       0x5c /opt/devkitpro/libnds/lib/libnds9.a(console.o)
                0x020148bc                defaultConsole
 .data.count    0x02014918        0x1 /opt/devkitpro/libnds/lib/libnds9.a(keys.o)
 .data.repeat   0x02014919        0x1 /opt/devkitpro/libnds/lib/libnds9.a(keys.o)
 .data.delay    0x0201491a        0x1 /opt/devkitpro/libnds/lib/libnds9.a(keys.o)
 *fill*         0x0201491b        0x1 ff
 .data.__malloc_sbrk_base
                0x0201491c        0x4 /opt/devkitpro/devkitARM/bin/../lib/gcc/arm-none-eabi/15.1.0/../../../../arm-none-eabi/lib/thumb/libg.a(libc_a-mallocr.o)
                0x0201491c                __malloc_sbrk_base
 .data.__malloc_trim_threshold
                0x02014920        0x4 /opt/devkitpro/devkitARM/bin/../lib/gcc/arm-none-eabi/15.1.0/../../../../arm-none-eabi/lib/thumb/libg.a(libc_a-mallocr.o)
                0x02014920                __malloc_trim_threshold
 *fill*         0x02014924        0x4 ff
 .data.__malloc_av_
                0x02014928      0x408 /opt/devkitpro/devkitARM/bin/../lib/gcc/arm-none-eabi/15.1.0/../../../../arm-none-eabi/lib/thumb/libg.a(libc_a-mallocr.o)
                0x02014928                __malloc_av_
 .data.__sglue  0x02014d30        0xc /opt/devkitpro/devkitARM/bin/../lib/gcc/arm-none-eabi/15.1.0/../../../../arm-none-eabi/lib/thumb/libg.a(libc_a-findfp.o)
                0x02014d30                __sglue
 .data._impure_ptr
                0x02014d3c        0x4 /opt/devkitpro/devkitARM/bin/../lib/gcc/arm-none-eabi/15.1.0/../../../../arm-none-eabi/lib/thumb/libg.a(libc_a-impure.o)
                0x02014d3c                _impure_ptr
 .data._impure_data
                0x02014d40      0x140 /opt/devkitpro/devkitARM/bin/../lib/gcc/arm-none-eabi/15.1.0/../../../../arm-none-eabi/lib/thumb/libg.a(libc_a-impure.o)
                0x02014d40                _impure_data
 .data.__global_locale
                0x02014e80      0x16c /opt/devkitpro/devkitARM/bin/../lib/gcc/arm-none-eabi/15.1.0/../../../../arm-none-eabi/lib/thumb/libg.a(libc_a-locale.o)
                0x02014e80                __global_locale
 *fill*         0x02014fec        0x4 ff
 .data.handles  0x02014ff0     0x1000 /opt/devkitpro/devkitARM/bin/../lib/gcc/arm-none-eabi/15.1.0/../../../../arm-none-eabi/lib/thumb/libsysbase.a(libsysbase_libsysbase_a-handle_manager.o)
 .data.__stderr_handle
                0x02015ff0        0xc /opt/devkitpro/devkitARM/bin/../lib/gcc/arm-none-eabi/15.1.0/../../../../arm-none-eabi/lib/thumb/libsysbase.a(libsysbase_libsysbase_a-handle_manager.o)
 .data.__stdout_handle
                0x02015ffc        0xc /opt/devkitpro/devkitARM/bin/../lib/gcc/arm-none-eabi/15.1.0/../../../../arm-none-eabi/lib/thumb/libsysbase.a(libsysbase_libsysbase_a-handle_manager.o)
 .data.__stdin_handle
                0x02016008        0xc /opt/devkitpro/devkitARM/bin/../lib/gcc/arm-none-eabi/15.1.0/../../../../arm-none-eabi/lib/thumb/libsysbase.a(libsysbase_libsysbase_a-handle_manager.o)
 .data.devoptab_list
                0x02016014       0x8c /opt/devkitpro/devkitARM/bin/../lib/gcc/arm-none-eabi/15.1.0/../../../../arm-none-eabi/lib/thumb/libsysbase.a(libsysbase_libsysbase_a-iosupport.o)
                0x02016014                devoptab_list
 EXCLUDE_FILE(*.twl.*) *(.data1)
 EXCLUDE_FILE(*.twl.*) *(.igot.plt)
 .igot.plt      0x020160a0        0x0 /opt/devkitpro/devkitARM/bin/../lib/gcc/arm-none-eabi/15.1.0/thumb/crtbegin.o
                0x020160a0                        . = ALIGN (0x4)

.ARM.extab
 *(.ARM.extab* .gnu.linkonce.armextab.*)

.ARM.exidx      0x020160a0        0x0 load address 0x0201a0d4
 *(.ARM.exidx* .gnu.linkonce.armexidx.*)
                [!provide]                        PROVIDE (__exidx_start = ADDR (.ARM.exidx))
                [!provide]                        PROVIDE (__exidx_end = (ADDR (.ARM.exidx) + SIZEOF (.ARM.exidx)))

.eh_frame_hdr
 *(.eh_frame_hdr)
 *(.eh_frame_entry .eh_frame_entry.*)

.eh_frame       0x020160a0        0x4 load address 0x0201a0d4
 *(.eh_frame)
 .eh_frame      0x020160a0        0x0 /opt/devkitpro/devkitARM/bin/../lib/gcc/arm-none-eabi/15.1.0/thumb/crtbegin.o
 .eh_frame      0x020160a0        0x4 /opt/devkitpro/devkitARM/bin/../lib/gcc/arm-none-eabi/15.1.0/thumb/crtend.o
 *(.eh_frame.*)

.gcc_except_table
 *(.gcc_except_table .gcc_except_table.*)

.gnu_extab
 *(.gnu_extab*)

.tinfo          0x020160a4        0xc load address 0x0201a0d8
                0x020160a4        0x4 LONG 0x20160c0 __tls_start
                0x020160a8        0x4 LONG 0x0 SIZEOF (.main.tls)
                0x020160ac        0x4 LONG 0x0 SIZEOF (.tdata)
                0x020160a4                        PROVIDE (__tls_info = ADDR (.tinfo))

.preinit_array  0x020160b0        0x0 load address 0x0201a0e4
                0x020160b0                        PROVIDE (__preinit_array_start = .)
 *(.preinit_array)
                0x020160b0                        PROVIDE (__preinit_array_end = .)

.init_array     0x020160b0        0x8 load address 0x0201a0e4
                0x020160b0                        PROVIDE (__init_array_start = .)
 *(SORT_BY_INIT_PRIORITY(.init_array.*) SORT_BY_INIT_PRIORITY(.ctors.*))
 *(.init_array .ctors)
 .init_array    0x020160b0        0x4 /opt/devkitpro/devkitARM/bin/../lib/gcc/arm-none-eabi/15.1.0/thumb/crtbegin.o
 .init_array    0x020160b4        0x4 /opt/devkitpro/libnds/lib/libnds9.a(sound.o)
                0x020160b8                        PROVIDE (__init_array_end = .)

.fini_array     0x020160b8        0x4 load address 0x0201a0ec
                0x020160b8                        PROVIDE (__fini_array_start = .)
 *(SORT_BY_INIT_PRIORITY(.fini_array.*) SORT_BY_INIT_PRIORITY(.dtors.*))
 *(.fini_array .dtors)
 .fini_array    0x020160b8        0x4 /opt/devkitpro/devkitARM/bin/../lib/gcc/arm-none-eabi/15.1.0/thumb/crtbegin.o
                0x020160bc                        PROVIDE (__fini_array_end = .)
                [!provide]                        PROVIDE (__main_lma = LOADADDR (.main))
                0x020013c0                        PROVIDE (__main_start = ADDR (.main))
                0x020160bc                        PROVIDE (__main_end = (ADDR (.fini_array) + SIZEOF (.fini_array)))

.tdata          0x00000000        0x0 load address 0x0201a0f0
 *(.tdata .tdata.* .gnu.linkonce.td.*)
                0x00000000                        . = ALIGN (0x4)

.tbss           0x00000000        0x0 load address 0x0201a0f0
 *(.tbss .tbss.* .gnu.linkonce.tb.*)
 *(.tcommon)
                0x00000000                        . = ALIGN (0x4)
                0x00000001                        ASSERT (((ALIGNOF (.tdata) <= 0x8) || (ALIGNOF (.tbss) <= 0x8)), Error: TLS is overaligned (up to 8-byte alignment is supported))
                0x00000001                        ASSERT (((ADDR (.tbss) + SIZEOF (.tbss)) <= (ORIGIN (tls) + LENGTH (tls))), Error: TLS section too large)

.main.tls       0x020160c0        0x0
                0x020160c0                        . = (. + ((ADDR (.tbss) + SIZEOF (.tbss)) - ADDR (.tdata)))
                [!provide]                        PROVIDE (__tls_lma = LOADADDR (.tdata))
                0x020160c0                        PROVIDE (__tls_start = ADDR (.main.tls))
                0x020160c0                        PROVIDE (__tls_end = (ADDR (.main.tls) + SIZEOF (.tdata)))

.main.bss       0x020160c0     0x1124
 EXCLUDE_FILE(*.twl.*) *(.dynbss)
 EXCLUDE_FILE(*.twl.*) *(.bss .bss.* .gnu.linkonce.b.*)
 .bss.completed.1
                0x020160c0        0x1 /opt/devkitpro/devkitARM/bin/../lib/gcc/arm-none-eabi/15.1.0/thumb/crtbegin.o
 *fill*         0x020160c1        0x3 
 .bss.object.0  0x020160c4       0x18 /opt/devkitpro/devkitARM/bin/../lib/gcc/arm-none-eabi/15.1.0/thumb/crtbegin.o
 .bss.soundTimer
                0x020160dc        0x4 main.o
                0x020160dc                soundTimer
 .bss.dragType  0x020160e0        0x4 main.o
                0x020160e0                dragType
 .bss.isDragging
                0x020160e4        0x1 main.o
                0x020160e4                isDragging
 *fill*         0x020160e5        0x3 
 .bss.colClues  0x020160e8      0x21c main.o
                0x020160e8                colClues
 .bss.rowClues  0x02016304      0x21c main.o
                0x02016304                rowClues
 .bss.colDone   0x02016520        0xf main.o
                0x02016520                colDone
 *fill*         0x0201652f        0x1 
 .bss.rowDone   0x02016530        0xf main.o
                0x02016530                rowDone
 .bss.gameWon   0x0201653f        0x1 main.o
                0x0201653f                gameWon
 .bss.playerGrid
                0x02016540      0x384 main.o
                0x02016540                playerGrid
 .bss.currentPuzzleIndex
                0x020168c4        0x4 main.o
                0x020168c4                currentPuzzleIndex
 .bss.videoBuffer
                0x020168c8        0x4 main.o
                0x020168c8                videoBuffer
 .bss.bgIsTextLut
                0x020168cc        0x8 /opt/devkitpro/libnds/lib/libnds9.a(background.o)
                0x020168cc                bgIsTextLut
 .bss.bgState   0x020168d4      0x140 /opt/devkitpro/libnds/lib/libnds9.a(background.o)
                0x020168d4                bgState
 .bss.currentCopy
                0x02016a14       0x5c /opt/devkitpro/libnds/lib/libnds9.a(console.o)
                0x02016a14                currentCopy
 .bss.keysrepeat
                0x02016a70        0x2 /opt/devkitpro/libnds/lib/libnds9.a(keys.o)
 *fill*         0x02016a72        0x2 
 .bss.s_keypad  0x02016a74        0x4 /opt/devkitpro/libnds/lib/libnds9.a(keys.o)
 .bss.s_sleepThreads
                0x02016a78        0x8 /opt/devkitpro/calico/lib/libcalico_ds9.a(thread_cold.o)
 .bss.s_joinThreads
                0x02016a80        0x8 /opt/devkitpro/calico/lib/libcalico_ds9.a(thread_cold.o)
 .bss.s_idleThread
                0x02016a88       0x70 /opt/devkitpro/calico/lib/libcalico_ds9.a(thread_cold.o)
 .bss.s_mainThread
                0x02016af8       0x70 /opt/devkitpro/calico/lib/libcalico_ds9.a(thread_cold.o)
 .bss.s_soundPxiCredits
                0x02016b68        0x2 /opt/devkitpro/calico/lib/libcalico_ds9.a(sound.o)
 *fill*         0x02016b6a        0x2 
 .bss.s_soundPxiCreditWaitList
                0x02016b6c        0x8 /opt/devkitpro/calico/lib/libcalico_ds9.a(sound.o)
 .bss.s_soundAutoUpdate
                0x02016b74        0x1 /opt/devkitpro/calico/lib/libcalico_ds9.a(sound.o)
 .bss.s_soundInit
                0x02016b75        0x1 /opt/devkitpro/calico/lib/libcalico_ds9.a(sound.o)
 *fill*         0x02016b76        0x2 
 .bss.s_firstTask
                0x02016b78        0x4 /opt/devkitpro/calico/lib/libcalico_ds9.a(tick.o)
 *fill*         0x02016b7c        0x4 
 .bss.s_highTickCount
                0x02016b80        0x8 /opt/devkitpro/calico/lib/libcalico_ds9.a(tick.o)
 .bss.s_tickInit
                0x02016b88        0x1 /opt/devkitpro/calico/lib/libcalico_ds9.a(tick.o)
 *fill*         0x02016b89        0x3 
 .bss.s_mailboxRecvQueue
                0x02016b8c        0x8 /opt/devkitpro/calico/lib/libcalico_ds9.a(mailbox.o)
 .bss.s_defaultErrno.0
                0x02016b94        0x4 /opt/devkitpro/calico/lib/libcalico_ds9.a(newlib_syscalls.o)
 .bss.__stacksize__
                0x02016b98        0x4 /opt/devkitpro/calico/lib/libcalico_ds9.a(startup.crt0.o)
                0x02016b98                __stacksize__
 .bss.g_isTwlMode
                0x02016b9c        0x1 /opt/devkitpro/calico/lib/libcalico_ds9.a(startup.crt0.o)
                0x02016b9c                g_isTwlMode
 *fill*         0x02016b9d        0x3 
 .bss.s_pxiChannels
                0x02016ba0      0x1f0 /opt/devkitpro/calico/lib/libcalico_ds9.a(pxi.o)
 .bss.s_pxiRecvState
                0x02016d90        0x4 /opt/devkitpro/calico/lib/libcalico_ds9.a(pxi.o)
 .bss.s_pxiRecvQueue
                0x02016d94        0x8 /opt/devkitpro/calico/lib/libcalico_ds9.a(pxi.o)
 .bss.s_pxiSendMutex
                0x02016d9c        0x4 /opt/devkitpro/calico/lib/libcalico_ds9.a(pxi.o)
 .bss.s_pmPxiThreadStack
                0x02016da0      0x200 /opt/devkitpro/calico/lib/libcalico_ds9.a(pm.o)
 .bss.s_pmPxiThread
                0x02016fa0       0x70 /opt/devkitpro/calico/lib/libcalico_ds9.a(pm.o)
 .bss.s_pmState
                0x02017010        0x8 /opt/devkitpro/calico/lib/libcalico_ds9.a(pm.o)
 .bss.__malloc_current_mallinfo
                0x02017018       0x28 /opt/devkitpro/devkitARM/bin/../lib/gcc/arm-none-eabi/15.1.0/../../../../arm-none-eabi/lib/thumb/libg.a(libc_a-mallocr.o)
                0x02017018                __malloc_current_mallinfo
 .bss.__malloc_max_total_mem
                0x02017040        0x4 /opt/devkitpro/devkitARM/bin/../lib/gcc/arm-none-eabi/15.1.0/../../../../arm-none-eabi/lib/thumb/libg.a(libc_a-mallocr.o)
                0x02017040                __malloc_max_total_mem
 .bss.__malloc_max_sbrked_mem
                0x02017044        0x4 /opt/devkitpro/devkitARM/bin/../lib/gcc/arm-none-eabi/15.1.0/../../../../arm-none-eabi/lib/thumb/libg.a(libc_a-mallocr.o)
                0x02017044                __malloc_max_sbrked_mem
 .bss.__malloc_top_pad
                0x02017048        0x4 /opt/devkitpro/devkitARM/bin/../lib/gcc/arm-none-eabi/15.1.0/../../../../arm-none-eabi/lib/thumb/libg.a(libc_a-mallocr.o)
                0x02017048                __malloc_top_pad
 .bss.__malloc_recursive_mutex
                0x0201704c        0xc /opt/devkitpro/devkitARM/bin/../lib/gcc/arm-none-eabi/15.1.0/../../../../arm-none-eabi/lib/thumb/libg.a(libc_a-mlock.o)
 .bss.__sfp_recursive_mutex
                0x02017058        0xc /opt/devkitpro/devkitARM/bin/../lib/gcc/arm-none-eabi/15.1.0/../../../../arm-none-eabi/lib/thumb/libg.a(libc_a-findfp.o)
 *fill*         0x02017064        0x4 
 .bss.__sf      0x02017068      0x168 /opt/devkitpro/devkitARM/bin/../lib/gcc/arm-none-eabi/15.1.0/../../../../arm-none-eabi/lib/thumb/libg.a(libc_a-findfp.o)
                0x02017068                __sf
 .bss.__stdio_exit_handler
                0x020171d0        0x4 /opt/devkitpro/devkitARM/bin/../lib/gcc/arm-none-eabi/15.1.0/../../../../arm-none-eabi/lib/thumb/libg.a(libc_a-findfp.o)
                0x020171d0                __stdio_exit_handler
 .bss.__hndl_lock
                0x020171d4        0x4 /opt/devkitpro/devkitARM/bin/../lib/gcc/arm-none-eabi/15.1.0/../../../../arm-none-eabi/lib/thumb/libsysbase.a(libsysbase_libsysbase_a-handle_manager.o)
 .bss.fake_heap_start
                0x020171d8        0x4 /opt/devkitpro/devkitARM/bin/../lib/gcc/arm-none-eabi/15.1.0/../../../../arm-none-eabi/lib/thumb/libsysbase.a(libsysbase_libsysbase_a-malloc_vars.o)
                0x020171d8                fake_heap_start
 .bss.fake_heap_end
                0x020171dc        0x4 /opt/devkitpro/devkitARM/bin/../lib/gcc/arm-none-eabi/15.1.0/../../../../arm-none-eabi/lib/thumb/libsysbase.a(libsysbase_libsysbase_a-malloc_vars.o)
                0x020171dc                fake_heap_end
 .bss.heap_start.0
                0x020171e0        0x4 /opt/devkitpro/devkitARM/bin/../lib/gcc/arm-none-eabi/15.1.0/../../../../arm-none-eabi/lib/thumb/libsysbase.a(libsysbase_libsysbase_a-sbrk.o)
 EXCLUDE_FILE(*.twl.*) *(COMMON)
                0x020171e4                        . = ALIGN (0x4)
                [!provide]                        PROVIDE (__main_bss_start = ADDR (.main.bss))
                0x020171e4                        PROVIDE (__main_bss_end = (ADDR (.main.bss) + SIZEOF (.main.bss)))
                0x020171e4                        . = .
                0x020171e4                        PROVIDE (__heap_start_ntr = .)
                0x00000001                        ASSERT ((. <= 0x2380000), Error: DS-mode sections overflow DS ARM9 memory size (3.5 MB))

.twl            0x02017200        0x0 load address 0x02400000
 *(.twl .twl.*)
 *.twl.*(.text .stub .text.* .gnu.linkonce.t.*)
 *.twl.*(.glue_7t .glue_7 .vfp11_veneer .v4_bx)
 *.twl.*(.rodata .rodata.* .gnu.linkonce.r.*)
 *.twl.*(.rodata1)
                0x02017200                        . = ALIGN (0x4)

.twl.rw         0x02017200        0x0 load address 0x02400000
 *.twl.*(.data .data.* .gnu.linkonce.d.*)
 *.twl.*(.data1)
                0x02017200                        . = ALIGN (0x4)
                0x02400000                        PROVIDE (__twl_lma = LOADADDR (.twl))
                0x02017200                        PROVIDE (__twl_start = ADDR (.twl))
                0x02017200                        PROVIDE (__twl_end = (ADDR (.twl.rw) + SIZEOF (.twl.rw)))

.twl.bss        0x02017200        0x0 load address 0x02400000
 *(.twl_bss .twl_bss.*)
 *.twl.*(.dynbss)
 *.twl.*(.bss .bss.* .gnu.linkonce.b.*)
 *.twl.*(COMMON)
                0x02017200                        . = ALIGN (0x4)
                [!provide]                        PROVIDE (__twl_bss_start = ADDR (.twl.bss))
                0x02017200                        PROVIDE (__twl_bss_end = (ADDR (.twl.bss) + SIZEOF (.twl.bss)))
                0x02017200                        . = .
                0x02017200                        PROVIDE (__heap_start_twl = .)

.loadlist       0x0e000998       0x30 load address 0x0201a0f0
                0x0e000998        0x4 LONG 0x1ff8000 __itcm_start
                0x0e00099c        0x4 LONG 0x1ff869c __itcm_end
                0x0e0009a0        0x4 LONG 0x1ff869c __itcm_end
                0x0e0009a4        0x4 LONG 0x2ff0000 __dtcm_start
                0x0e0009a8        0x4 LONG 0x2ff0000 __dtcm_end
                0x0e0009ac        0x4 LONG 0x2ff0098 __dtcm_bss_end
                0x0e0009b0        0x4 LONG 0x20013c0 __main_start
                0x0e0009b4        0x4 LONG 0x20160bc __main_end
                0x0e0009b8        0x4 LONG 0x20160bc __main_end
                0x0e0009bc        0x4 LONG 0x20160c0 __tls_start
                0x0e0009c0        0x4 LONG 0x20160c0 __tls_end
                0x0e0009c4        0x4 LONG 0x20171e4 __main_bss_end
                0x02004d58                        PROVIDE (__loadlist_lma = __itcm_lma)
                0x0201a0f0                        PROVIDE (__loadlist_start = LOADADDR (.loadlist))
                0x0201a120                        PROVIDE (__loadlist_end = (LOADADDR (.loadlist) + SIZEOF (.loadlist)))

.twl.loadlist   0x0e0009c8        0xc load address 0x02400000
                0x0e0009c8        0x4 LONG 0x2017200 __twl_start
                0x0e0009cc        0x4 LONG 0x2017200 __twl_end
                0x0e0009d0        0x4 LONG 0x2017200 __twl_bss_end
                0x02400000                        PROVIDE (__twl_loadlist_lma = __twl_lma)
                0x02400000                        PROVIDE (__twl_loadlist_start = LOADADDR (.twl.loadlist))
                0x0240000c                        PROVIDE (__twl_loadlist_end = (LOADADDR (.twl.loadlist) + SIZEOF (.twl.loadlist)))

.rel.dyn        0x0e0009d4        0x0 load address 0x0240000c
 .rel.iplt      0x0e0009d4        0x0 /opt/devkitpro/devkitARM/bin/../lib/gcc/arm-none-eabi/15.1.0/thumb/crtbegin.o

.stab
 *(.stab)

.stabstr
 *(.stabstr)

.stab.excl
 *(.stab.excl)

.stab.exclstr
 *(.stab.exclstr)

.stab.index
 *(.stab.index)

.stab.indexstr
 *(.stab.indexstr)

.comment        0x00000000       0x23
 *(.comment)
 .comment       0x00000000       0x23 /opt/devkitpro/devkitARM/bin/../lib/gcc/arm-none-eabi/15.1.0/thumb/crtbegin.o
                                 0x24 (size before relaxing)
 .comment       0x00000023       0x24 main.o
 .comment       0x00000023       0x24 /opt/devkitpro/libnds/lib/libnds9.a(background.o)
 .comment       0x00000023       0x24 /opt/devkitpro/libnds/lib/libnds9.a(console.o)
 .comment       0x00000023       0x24 /opt/devkitpro/libnds/lib/libnds9.a(keys.o)
 .comment       0x00000023       0x24 /opt/devkitpro/libnds/lib/libnds9.a(sound.o)
 .comment       0x00000023       0x24 /opt/devkitpro/libnds/lib/libnds9.a(trig.o)
 .comment       0x00000023       0x24 /opt/devkitpro/calico/lib/libcalico_ds9.a(thread_cold.o)
 .comment       0x00000023       0x24 /opt/devkitpro/calico/lib/libcalico_ds9.a(thread_hot.32.o)
 .comment       0x00000023       0x24 /opt/devkitpro/calico/lib/libcalico_ds9.a(arm-shims.32.o)
 .comment       0x00000023       0x24 /opt/devkitpro/calico/lib/libcalico_ds9.a(keypad.o)
 .comment       0x00000023       0x24 /opt/devkitpro/calico/lib/libcalico_ds9.a(touch.o)
 .comment       0x00000023       0x24 /opt/devkitpro/calico/lib/libcalico_ds9.a(sound.o)
 .comment       0x00000023       0x24 /opt/devkitpro/calico/lib/libcalico_ds9.a(mic.o)
 .comment       0x00000023       0x24 /opt/devkitpro/calico/lib/libcalico_ds9.a(tick.o)
 .comment       0x00000023       0x24 /opt/devkitpro/calico/lib/libcalico_ds9.a(mailbox.o)
 .comment       0x00000023       0x24 /opt/devkitpro/calico/lib/libcalico_ds9.a(newlib_syscalls.o)
 .comment       0x00000023       0x24 /opt/devkitpro/calico/lib/libcalico_ds9.a(startup.crt0.o)
 .comment       0x00000023       0x24 /opt/devkitpro/calico/lib/libcalico_ds9.a(pxi.o)
 .comment       0x00000023       0x24 /opt/devkitpro/calico/lib/libcalico_ds9.a(sys_startup.o)
 .comment       0x00000023       0x24 /opt/devkitpro/calico/lib/libcalico_ds9.a(irq.o)
 .comment       0x00000023       0x24 /opt/devkitpro/calico/lib/libcalico_ds9.a(mutex.o)
 .comment       0x00000023       0x24 /opt/devkitpro/calico/lib/libcalico_ds9.a(pm.o)
 .comment       0x00000023       0x24 /opt/devkitpro/devkitARM/bin/../lib/gcc/arm-none-eabi/15.1.0/thumb/libgcc.a(_udivmoddi4.o)
 .comment       0x00000023       0x24 /opt/devkitpro/devkitARM/bin/../lib/gcc/arm-none-eabi/15.1.0/../../../../arm-none-eabi/lib/thumb/libg.a(libc_a-init.o)
 .comment       0x00000023       0x24 /opt/devkitpro/devkitARM/bin/../lib/gcc/arm-none-eabi/15.1.0/../../../../arm-none-eabi/lib/thumb/libg.a(libc_a-siscanf.o)
 .comment       0x00000023       0x24 /opt/devkitpro/devkitARM/bin/../lib/gcc/arm-none-eabi/15.1.0/../../../../arm-none-eabi/lib/thumb/libg.a(libc_a-mallocr.o)
 .comment       0x00000023       0x24 /opt/devkitpro/devkitARM/bin/../lib/gcc/arm-none-eabi/15.1.0/../../../../arm-none-eabi/lib/thumb/libg.a(libc_a-freer.o)
 .comment       0x00000023       0x24 /opt/devkitpro/devkitARM/bin/../lib/gcc/arm-none-eabi/15.1.0/../../../../arm-none-eabi/lib/thumb/libg.a(libc_a-memset.o)
 .comment       0x00000023       0x24 /opt/devkitpro/devkitARM/bin/../lib/gcc/arm-none-eabi/15.1.0/../../../../arm-none-eabi/lib/thumb/libg.a(libc_a-mlock.o)
 .comment       0x00000023       0x24 /opt/devkitpro/devkitARM/bin/../lib/gcc/arm-none-eabi/15.1.0/../../../../arm-none-eabi/lib/thumb/libg.a(libc_a-exit.o)
 .comment       0x00000023       0x24 /opt/devkitpro/devkitARM/bin/../lib/gcc/arm-none-eabi/15.1.0/../../../../arm-none-eabi/lib/thumb/libg.a(libc_a-setvbuf.o)
 .comment       0x00000023       0x24 /opt/devkitpro/devkitARM/bin/../lib/gcc/arm-none-eabi/15.1.0/../../../../arm-none-eabi/lib/thumb/libg.a(libc_a-memcpy-stub.o)
 .comment       0x00000023       0x24 /opt/devkitpro/devkitARM/bin/../lib/gcc/arm-none-eabi/15.1.0/../../../../arm-none-eabi/lib/thumb/libg.a(libc_a-iprintf.o)
 .comment       0x00000023       0x24 /opt/devkitpro/devkitARM/bin/../lib/gcc/arm-none-eabi/15.1.0/../../../../arm-none-eabi/lib/thumb/libg.a(libc_a-stdio.o)
 .comment       0x00000023       0x24 /opt/devkitpro/devkitARM/bin/../lib/gcc/arm-none-eabi/15.1.0/../../../../arm-none-eabi/lib/thumb/libg.a(libc_a-vfiprintf.o)
 .comment       0x00000023       0x24 /opt/devkitpro/devkitARM/bin/../lib/gcc/arm-none-eabi/15.1.0/../../../../arm-none-eabi/lib/thumb/libg.a(libc_a-strlen.o)
 .comment       0x00000023       0x24 /opt/devkitpro/devkitARM/bin/../lib/gcc/arm-none-eabi/15.1.0/../../../../arm-none-eabi/lib/thumb/libg.a(libc_a-svfiscanf.o)
 .comment       0x00000023       0x24 /opt/devkitpro/devkitARM/bin/../lib/gcc/arm-none-eabi/15.1.0/../../../../arm-none-eabi/lib/thumb/libg.a(libc_a-findfp.o)
 .comment       0x00000023       0x24 /opt/devkitpro/devkitARM/bin/../lib/gcc/arm-none-eabi/15.1.0/../../../../arm-none-eabi/lib/thumb/libg.a(libc_a-strtoul.o)
 .comment       0x00000023       0x24 /opt/devkitpro/devkitARM/bin/../lib/gcc/arm-none-eabi/15.1.0/../../../../arm-none-eabi/lib/thumb/libg.a(libc_a-fwalk.o)
 .comment       0x00000023       0x24 /opt/devkitpro/devkitARM/bin/../lib/gcc/arm-none-eabi/15.1.0/../../../../arm-none-eabi/lib/thumb/libg.a(libc_a-sprint_r.o)
 .comment       0x00000023       0x24 /opt/devkitpro/devkitARM/bin/../lib/gcc/arm-none-eabi/15.1.0/../../../../arm-none-eabi/lib/thumb/libg.a(libc_a-iswspace.o)
 .comment       0x00000023       0x24 /opt/devkitpro/devkitARM/bin/../lib/gcc/arm-none-eabi/15.1.0/../../../../arm-none-eabi/lib/thumb/libg.a(libc_a-localeconv.o)
 .comment       0x00000023       0x24 /opt/devkitpro/devkitARM/bin/../lib/gcc/arm-none-eabi/15.1.0/../../../../arm-none-eabi/lib/thumb/libg.a(libc_a-realloc.o)
 .comment       0x00000023       0x24 /opt/devkitpro/devkitARM/bin/../lib/gcc/arm-none-eabi/15.1.0/../../../../arm-none-eabi/lib/thumb/libg.a(libc_a-memchr-stub.o)
 .comment       0x00000023       0x24 /opt/devkitpro/devkitARM/bin/../lib/gcc/arm-none-eabi/15.1.0/../../../../arm-none-eabi/lib/thumb/libg.a(libc_a-wcrtomb.o)
 .comment       0x00000023       0x24 /opt/devkitpro/devkitARM/bin/../lib/gcc/arm-none-eabi/15.1.0/../../../../arm-none-eabi/lib/thumb/libg.a(libc_a-strtol.o)
 .comment       0x00000023       0x24 /opt/devkitpro/devkitARM/bin/../lib/gcc/arm-none-eabi/15.1.0/../../../../arm-none-eabi/lib/thumb/libg.a(libc_a-fini.o)
 .comment       0x00000023       0x24 /opt/devkitpro/devkitARM/bin/../lib/gcc/arm-none-eabi/15.1.0/../../../../arm-none-eabi/lib/thumb/libg.a(libc_a-malloc.o)
 .comment       0x00000023       0x24 /opt/devkitpro/devkitARM/bin/../lib/gcc/arm-none-eabi/15.1.0/../../../../arm-none-eabi/lib/thumb/libg.a(libc_a-sccl.o)
 .comment       0x00000023       0x24 /opt/devkitpro/devkitARM/bin/../lib/gcc/arm-none-eabi/15.1.0/../../../../arm-none-eabi/lib/thumb/libg.a(libc_a-fflush.o)
 .comment       0x00000023       0x24 /opt/devkitpro/devkitARM/bin/../lib/gcc/arm-none-eabi/15.1.0/../../../../arm-none-eabi/lib/thumb/libg.a(libc_a-ctype_.o)
 .comment       0x00000023       0x24 /opt/devkitpro/devkitARM/bin/../lib/gcc/arm-none-eabi/15.1.0/../../../../arm-none-eabi/lib/thumb/libg.a(libc_a-makebuf.o)
 .comment       0x00000023       0x24 /opt/devkitpro/devkitARM/bin/../lib/gcc/arm-none-eabi/15.1.0/../../../../arm-none-eabi/lib/thumb/libg.a(libc_a-reallocr.o)
 .comment       0x00000023       0x24 /opt/devkitpro/devkitARM/bin/../lib/gcc/arm-none-eabi/15.1.0/../../../../arm-none-eabi/lib/thumb/libg.a(libc_a-impure.o)
 .comment       0x00000023       0x24 /opt/devkitpro/devkitARM/bin/../lib/gcc/arm-none-eabi/15.1.0/../../../../arm-none-eabi/lib/thumb/libg.a(libc_a-strncpy.o)
 .comment       0x00000023       0x24 /opt/devkitpro/devkitARM/bin/../lib/gcc/arm-none-eabi/15.1.0/../../../../arm-none-eabi/lib/thumb/libg.a(libc_a-strtoull.o)
 .comment       0x00000023       0x24 /opt/devkitpro/devkitARM/bin/../lib/gcc/arm-none-eabi/15.1.0/../../../../arm-none-eabi/lib/thumb/libg.a(libc_a-wcsrtombs.o)
 .comment       0x00000023       0x24 /opt/devkitpro/devkitARM/bin/../lib/gcc/arm-none-eabi/15.1.0/../../../../arm-none-eabi/lib/thumb/libg.a(libc_a-svfiprintf.o)
 .comment       0x00000023       0x24 /opt/devkitpro/devkitARM/bin/../lib/gcc/arm-none-eabi/15.1.0/../../../../arm-none-eabi/lib/thumb/libg.a(libc_a-mbrtowc.o)
 .comment       0x00000023       0x24 /opt/devkitpro/devkitARM/bin/../lib/gcc/arm-none-eabi/15.1.0/../../../../arm-none-eabi/lib/thumb/libg.a(libc_a-wsetup.o)
 .comment       0x00000023       0x24 /opt/devkitpro/devkitARM/bin/../lib/gcc/arm-none-eabi/15.1.0/../../../../arm-none-eabi/lib/thumb/libg.a(libc_a-fvwrite.o)
 .comment       0x00000023       0x24 /opt/devkitpro/devkitARM/bin/../lib/gcc/arm-none-eabi/15.1.0/../../../../arm-none-eabi/lib/thumb/libg.a(libc_a-memmove.o)
 .comment       0x00000023       0x24 /opt/devkitpro/devkitARM/bin/../lib/gcc/arm-none-eabi/15.1.0/../../../../arm-none-eabi/lib/thumb/libg.a(libc_a-iswspace_l.o)
 .comment       0x00000023       0x24 /opt/devkitpro/devkitARM/bin/../lib/gcc/arm-none-eabi/15.1.0/../../../../arm-none-eabi/lib/thumb/libg.a(libc_a-fclose.o)
 .comment       0x00000023       0x24 /opt/devkitpro/devkitARM/bin/../lib/gcc/arm-none-eabi/15.1.0/../../../../arm-none-eabi/lib/thumb/libg.a(libc_a-strtoll.o)
 .comment       0x00000023       0x24 /opt/devkitpro/devkitARM/bin/../lib/gcc/arm-none-eabi/15.1.0/../../../../arm-none-eabi/lib/thumb/libg.a(libc_a-locale.o)
 .comment       0x00000023       0x24 /opt/devkitpro/devkitARM/bin/../lib/gcc/arm-none-eabi/15.1.0/../../../../arm-none-eabi/lib/thumb/libg.a(libc_a-ungetc.o)
 .comment       0x00000023       0x24 /opt/devkitpro/devkitARM/bin/../lib/gcc/arm-none-eabi/15.1.0/../../../../arm-none-eabi/lib/thumb/libg.a(libc_a-malignr.o)
 .comment       0x00000023       0x24 /opt/devkitpro/devkitARM/bin/../lib/gcc/arm-none-eabi/15.1.0/../../../../arm-none-eabi/lib/thumb/libg.a(libc_a-wcsnrtombs.o)
 .comment       0x00000023       0x24 /opt/devkitpro/devkitARM/bin/../lib/gcc/arm-none-eabi/15.1.0/../../../../arm-none-eabi/lib/thumb/libg.a(libc_a-mbtowc_r.o)
 .comment       0x00000023       0x24 /opt/devkitpro/devkitARM/bin/../lib/gcc/arm-none-eabi/15.1.0/../../../../arm-none-eabi/lib/thumb/libg.a(libc_a-categories.o)
 .comment       0x00000023       0x24 /opt/devkitpro/devkitARM/bin/../lib/gcc/arm-none-eabi/15.1.0/../../../../arm-none-eabi/lib/thumb/libg.a(libc_a-wctomb_r.o)
 .comment       0x00000023       0x24 /opt/devkitpro/devkitARM/bin/../lib/gcc/arm-none-eabi/15.1.0/../../../../arm-none-eabi/lib/thumb/libsysbase.a(libsysbase_libsysbase_a-_exit.o)
 .comment       0x00000023       0x24 /opt/devkitpro/devkitARM/bin/../lib/gcc/arm-none-eabi/15.1.0/../../../../arm-none-eabi/lib/thumb/libsysbase.a(libsysbase_libsysbase_a-fstat.o)
 .comment       0x00000023       0x24 /opt/devkitpro/devkitARM/bin/../lib/gcc/arm-none-eabi/15.1.0/../../../../arm-none-eabi/lib/thumb/libsysbase.a(libsysbase_libsysbase_a-getreent.o)
 .comment       0x00000023       0x24 /opt/devkitpro/devkitARM/bin/../lib/gcc/arm-none-eabi/15.1.0/../../../../arm-none-eabi/lib/thumb/libsysbase.a(libsysbase_libsysbase_a-handle_manager.o)
 .comment       0x00000023       0x24 /opt/devkitpro/devkitARM/bin/../lib/gcc/arm-none-eabi/15.1.0/../../../../arm-none-eabi/lib/thumb/libsysbase.a(libsysbase_libsysbase_a-iosupport.o)
 .comment       0x00000023       0x24 /opt/devkitpro/devkitARM/bin/../lib/gcc/arm-none-eabi/15.1.0/../../../../arm-none-eabi/lib/thumb/libsysbase.a(libsysbase_libsysbase_a-isatty.o)
 .comment       0x00000023       0x24 /opt/devkitpro/devkitARM/bin/../lib/gcc/arm-none-eabi/15.1.0/../../../../arm-none-eabi/lib/thumb/libsysbase.a(libsysbase_libsysbase_a-lseek.o)
 .comment       0x00000023       0x24 /opt/devkitpro/devkitARM/bin/../lib/gcc/arm-none-eabi/15.1.0/../../../../arm-none-eabi/lib/thumb/libsysbase.a(libsysbase_libsysbase_a-malloc_vars.o)
 .comment       0x00000023       0x24 /opt/devkitpro/devkitARM/bin/../lib/gcc/arm-none-eabi/15.1.0/../../../../arm-none-eabi/lib/thumb/libsysbase.a(libsysbase_libsysbase_a-read.o)
 .comment       0x00000023       0x24 /opt/devkitpro/devkitARM/bin/../lib/gcc/arm-none-eabi/15.1.0/../../../../arm-none-eabi/lib/thumb/libsysbase.a(libsysbase_libsysbase_a-sbrk.o)
 .comment       0x00000023       0x24 /opt/devkitpro/devkitARM/bin/../lib/gcc/arm-none-eabi/15.1.0/../../../../arm-none-eabi/lib/thumb/libsysbase.a(libsysbase_libsysbase_a-syscall_support.o)
 .comment       0x00000023       0x24 /opt/devkitpro/devkitARM/bin/../lib/gcc/arm-none-eabi/15.1.0/../../../../arm-none-eabi/lib/thumb/libsysbase.a(libsysbase_libsysbase_a-write.o)
 .comment       0x00000023       0x24 /opt/devkitpro/devkitARM/bin/../lib/gcc/arm-none-eabi/15.1.0/thumb/libgcc.a(_muldi3.o)
 .comment       0x00000023       0x24 /opt/devkitpro/devkitARM/bin/../lib/gcc/arm-none-eabi/15.1.0/thumb/crtend.o

.gnu.build.attributes
 *(.gnu.build.attributes .gnu.build.attributes.*)

.debug
 *(.debug)

.line
 *(.line)

.debug_srcinfo
 *(.debug_srcinfo)

.debug_sfnames
 *(.debug_sfnames)

.debug_aranges  0x00000000      0x910
 *(.debug_aranges)
 .debug_aranges
                0x00000000       0x98 main.o
 .debug_aranges
                0x00000098       0x40 /opt/devkitpro/libnds/lib/libnds9.a(background.o)
 .debug_aranges
                0x000000d8       0x80 /opt/devkitpro/libnds/lib/libnds9.a(console.o)
 .debug_aranges
                0x00000158       0x50 /opt/devkitpro/libnds/lib/libnds9.a(keys.o)
 .debug_aranges
                0x000001a8       0x50 /opt/devkitpro/libnds/lib/libnds9.a(sound.o)
 .debug_aranges
                0x000001f8       0x60 /opt/devkitpro/libnds/lib/libnds9.a(trig.o)
 .debug_aranges
                0x00000258       0x88 /opt/devkitpro/calico/lib/libcalico_ds9.a(thread_cold.o)
 .debug_aranges
                0x000002e0       0x50 /opt/devkitpro/calico/lib/libcalico_ds9.a(thread_hot.32.o)
 .debug_aranges
                0x00000330       0x28 /opt/devkitpro/calico/lib/libcalico_ds9.a(arm-context.32.o)
 .debug_aranges
                0x00000358       0x70 /opt/devkitpro/calico/lib/libcalico_ds9.a(arm-shims.32.o)
 .debug_aranges
                0x000003c8       0x20 /opt/devkitpro/calico/lib/libcalico_ds9.a(keypad.o)
 .debug_aranges
                0x000003e8       0x38 /opt/devkitpro/calico/lib/libcalico_ds9.a(bootstub_arm9.o)
 .debug_aranges
                0x00000420       0x20 /opt/devkitpro/calico/lib/libcalico_ds9.a(excpt_handler.32.o)
 .debug_aranges
                0x00000440       0x20 /opt/devkitpro/calico/lib/libcalico_ds9.a(touch.o)
 .debug_aranges
                0x00000460       0xb0 /opt/devkitpro/calico/lib/libcalico_ds9.a(sound.o)
 .debug_aranges
                0x00000510       0x50 /opt/devkitpro/calico/lib/libcalico_ds9.a(mic.o)
 .debug_aranges
                0x00000560       0x50 /opt/devkitpro/calico/lib/libcalico_ds9.a(tick.o)
 .debug_aranges
                0x000005b0       0x30 /opt/devkitpro/calico/lib/libcalico_ds9.a(mailbox.o)
 .debug_aranges
                0x000005e0       0xa8 /opt/devkitpro/calico/lib/libcalico_ds9.a(newlib_syscalls.o)
 .debug_aranges
                0x00000688       0x48 /opt/devkitpro/calico/lib/libcalico_ds9.a(arm-cache.32.o)
 .debug_aranges
                0x000006d0       0x28 /opt/devkitpro/calico/lib/libcalico_ds9.a(startup.crt0.o)
 .debug_aranges
                0x000006f8       0x28 /opt/devkitpro/calico/lib/libcalico_ds9.a(utils.crt0.o)
 .debug_aranges
                0x00000720       0x20 /opt/devkitpro/calico/lib/libcalico_ds9.a(irq_handler.32.o)
 .debug_aranges
                0x00000740       0x78 /opt/devkitpro/calico/lib/libcalico_ds9.a(pxi.o)
 .debug_aranges
                0x000007b8       0x20 /opt/devkitpro/calico/lib/libcalico_ds9.a(mpu_setup.crt0.o)
 .debug_aranges
                0x000007d8       0x28 /opt/devkitpro/calico/lib/libcalico_ds9.a(sys_startup.o)
 .debug_aranges
                0x00000800       0x20 /opt/devkitpro/calico/lib/libcalico_ds9.a(irq.o)
 .debug_aranges
                0x00000820       0x50 /opt/devkitpro/calico/lib/libcalico_ds9.a(mutex.o)
 .debug_aranges
                0x00000870       0xa0 /opt/devkitpro/calico/lib/libcalico_ds9.a(pm.o)

.debug_pubnames
 *(.debug_pubnames)

.debug_info     0x00000000    0x1601f
 *(.debug_info .gnu.linkonce.wi.*)
 .debug_info    0x00000000     0x2b7f main.o
 .debug_info    0x00002b7f      0xa36 /opt/devkitpro/libnds/lib/libnds9.a(background.o)
 .debug_info    0x000035b5     0x2a7a /opt/devkitpro/libnds/lib/libnds9.a(console.o)
 .debug_info    0x0000602f      0x48d /opt/devkitpro/libnds/lib/libnds9.a(keys.o)
 .debug_info    0x000064bc      0xa30 /opt/devkitpro/libnds/lib/libnds9.a(sound.o)
 .debug_info    0x00006eec      0x77c /opt/devkitpro/libnds/lib/libnds9.a(trig.o)
 .debug_info    0x00007668     0x1e51 /opt/devkitpro/calico/lib/libcalico_ds9.a(thread_cold.o)
 .debug_info    0x000094b9     0x126f /opt/devkitpro/calico/lib/libcalico_ds9.a(thread_hot.32.o)
 .debug_info    0x0000a728       0x3b /opt/devkitpro/calico/lib/libcalico_ds9.a(arm-context.32.o)
 .debug_info    0x0000a763      0x385 /opt/devkitpro/calico/lib/libcalico_ds9.a(arm-shims.32.o)
 .debug_info    0x0000aae8      0x1c6 /opt/devkitpro/calico/lib/libcalico_ds9.a(keypad.o)
 .debug_info    0x0000acae       0x3e /opt/devkitpro/calico/lib/libcalico_ds9.a(bootstub_arm9.o)
 .debug_info    0x0000acec       0x5d /opt/devkitpro/calico/lib/libcalico_ds9.a(excpt_handler.32.o)
 .debug_info    0x0000ad49      0x26f /opt/devkitpro/calico/lib/libcalico_ds9.a(touch.o)
 .debug_info    0x0000afb8     0x26da /opt/devkitpro/calico/lib/libcalico_ds9.a(sound.o)
 .debug_info    0x0000d692     0x122c /opt/devkitpro/calico/lib/libcalico_ds9.a(mic.o)
 .debug_info    0x0000e8be      0xc64 /opt/devkitpro/calico/lib/libcalico_ds9.a(tick.o)
 .debug_info    0x0000f522      0x80d /opt/devkitpro/calico/lib/libcalico_ds9.a(mailbox.o)
 .debug_info    0x0000fd2f     0x161d /opt/devkitpro/calico/lib/libcalico_ds9.a(newlib_syscalls.o)
 .debug_info    0x0001134c       0x67 /opt/devkitpro/calico/lib/libcalico_ds9.a(arm-cache.32.o)
 .debug_info    0x000113b3      0x4e1 /opt/devkitpro/calico/lib/libcalico_ds9.a(startup.crt0.o)
 .debug_info    0x00011894       0x3b /opt/devkitpro/calico/lib/libcalico_ds9.a(utils.crt0.o)
 .debug_info    0x000118cf       0x33 /opt/devkitpro/calico/lib/libcalico_ds9.a(irq_handler.32.o)
 .debug_info    0x00011902     0x13cf /opt/devkitpro/calico/lib/libcalico_ds9.a(pxi.o)
 .debug_info    0x00012cd1       0x33 /opt/devkitpro/calico/lib/libcalico_ds9.a(mpu_setup.crt0.o)
 .debug_info    0x00012d04      0x4fc /opt/devkitpro/calico/lib/libcalico_ds9.a(sys_startup.o)
 .debug_info    0x00013200      0x28e /opt/devkitpro/calico/lib/libcalico_ds9.a(irq.o)
 .debug_info    0x0001348e     0x1070 /opt/devkitpro/calico/lib/libcalico_ds9.a(mutex.o)
 .debug_info    0x000144fe     0x1b21 /opt/devkitpro/calico/lib/libcalico_ds9.a(pm.o)

.debug_abbrev   0x00000000     0x4b75
 *(.debug_abbrev)
 .debug_abbrev  0x00000000      0x605 main.o
 .debug_abbrev  0x00000605      0x364 /opt/devkitpro/libnds/lib/libnds9.a(background.o)
 .debug_abbrev  0x00000969      0x62f /opt/devkitpro/libnds/lib/libnds9.a(console.o)
 .debug_abbrev  0x00000f98      0x273 /opt/devkitpro/libnds/lib/libnds9.a(keys.o)
 .debug_abbrev  0x0000120b      0x2a2 /opt/devkitpro/libnds/lib/libnds9.a(sound.o)
 .debug_abbrev  0x000014ad      0x26c /opt/devkitpro/libnds/lib/libnds9.a(trig.o)
 .debug_abbrev  0x00001719      0x592 /opt/devkitpro/calico/lib/libcalico_ds9.a(thread_cold.o)
 .debug_abbrev  0x00001cab      0x36d /opt/devkitpro/calico/lib/libcalico_ds9.a(thread_hot.32.o)
 .debug_abbrev  0x00002018       0x26 /opt/devkitpro/calico/lib/libcalico_ds9.a(arm-context.32.o)
 .debug_abbrev  0x0000203e      0x1c3 /opt/devkitpro/calico/lib/libcalico_ds9.a(arm-shims.32.o)
 .debug_abbrev  0x00002201       0xd0 /opt/devkitpro/calico/lib/libcalico_ds9.a(keypad.o)
 .debug_abbrev  0x000022d1       0x26 /opt/devkitpro/calico/lib/libcalico_ds9.a(bootstub_arm9.o)
 .debug_abbrev  0x000022f7       0x26 /opt/devkitpro/calico/lib/libcalico_ds9.a(excpt_handler.32.o)
 .debug_abbrev  0x0000231d      0x11a /opt/devkitpro/calico/lib/libcalico_ds9.a(touch.o)
 .debug_abbrev  0x00002437      0x40e /opt/devkitpro/calico/lib/libcalico_ds9.a(sound.o)
 .debug_abbrev  0x00002845      0x3fa /opt/devkitpro/calico/lib/libcalico_ds9.a(mic.o)
 .debug_abbrev  0x00002c3f      0x329 /opt/devkitpro/calico/lib/libcalico_ds9.a(tick.o)
 .debug_abbrev  0x00002f68      0x2af /opt/devkitpro/calico/lib/libcalico_ds9.a(mailbox.o)
 .debug_abbrev  0x00003217      0x4a2 /opt/devkitpro/calico/lib/libcalico_ds9.a(newlib_syscalls.o)
 .debug_abbrev  0x000036b9       0x26 /opt/devkitpro/calico/lib/libcalico_ds9.a(arm-cache.32.o)
 .debug_abbrev  0x000036df      0x1d6 /opt/devkitpro/calico/lib/libcalico_ds9.a(startup.crt0.o)
 .debug_abbrev  0x000038b5       0x26 /opt/devkitpro/calico/lib/libcalico_ds9.a(utils.crt0.o)
 .debug_abbrev  0x000038db       0x28 /opt/devkitpro/calico/lib/libcalico_ds9.a(irq_handler.32.o)
 .debug_abbrev  0x00003903      0x446 /opt/devkitpro/calico/lib/libcalico_ds9.a(pxi.o)
 .debug_abbrev  0x00003d49       0x28 /opt/devkitpro/calico/lib/libcalico_ds9.a(mpu_setup.crt0.o)
 .debug_abbrev  0x00003d71      0x1e7 /opt/devkitpro/calico/lib/libcalico_ds9.a(sys_startup.o)
 .debug_abbrev  0x00003f58      0x1c1 /opt/devkitpro/calico/lib/libcalico_ds9.a(irq.o)
 .debug_abbrev  0x00004119      0x3c9 /opt/devkitpro/calico/lib/libcalico_ds9.a(mutex.o)
 .debug_abbrev  0x000044e2      0x693 /opt/devkitpro/calico/lib/libcalico_ds9.a(pm.o)

.debug_line     0x00000000     0xcd40
 *(.debug_line .debug_line.* .debug_line_end)
 .debug_line    0x00000000     0x1c3a main.o
 .debug_line    0x00001c3a      0x61c /opt/devkitpro/libnds/lib/libnds9.a(background.o)
 .debug_line    0x00002256     0x1622 /opt/devkitpro/libnds/lib/libnds9.a(console.o)
 .debug_line    0x00003878      0x457 /opt/devkitpro/libnds/lib/libnds9.a(keys.o)
 .debug_line    0x00003ccf      0x611 /opt/devkitpro/libnds/lib/libnds9.a(sound.o)
 .debug_line    0x000042e0      0x77f /opt/devkitpro/libnds/lib/libnds9.a(trig.o)
 .debug_line    0x00004a5f      0xeab /opt/devkitpro/calico/lib/libcalico_ds9.a(thread_cold.o)
 .debug_line    0x0000590a     0x1058 /opt/devkitpro/calico/lib/libcalico_ds9.a(thread_hot.32.o)
 .debug_line    0x00006962       0x69 /opt/devkitpro/calico/lib/libcalico_ds9.a(arm-context.32.o)
 .debug_line    0x000069cb      0x2aa /opt/devkitpro/calico/lib/libcalico_ds9.a(arm-shims.32.o)
 .debug_line    0x00006c75      0x16f /opt/devkitpro/calico/lib/libcalico_ds9.a(keypad.o)
 .debug_line    0x00006de4      0x108 /opt/devkitpro/calico/lib/libcalico_ds9.a(bootstub_arm9.o)
 .debug_line    0x00006eec       0x66 /opt/devkitpro/calico/lib/libcalico_ds9.a(excpt_handler.32.o)
 .debug_line    0x00006f52      0x19d /opt/devkitpro/calico/lib/libcalico_ds9.a(touch.o)
 .debug_line    0x000070ef      0xe99 /opt/devkitpro/calico/lib/libcalico_ds9.a(sound.o)
 .debug_line    0x00007f88      0x60a /opt/devkitpro/calico/lib/libcalico_ds9.a(mic.o)
 .debug_line    0x00008592      0xa69 /opt/devkitpro/calico/lib/libcalico_ds9.a(tick.o)
 .debug_line    0x00008ffb      0x4e3 /opt/devkitpro/calico/lib/libcalico_ds9.a(mailbox.o)
 .debug_line    0x000094de      0x765 /opt/devkitpro/calico/lib/libcalico_ds9.a(newlib_syscalls.o)
 .debug_line    0x00009c43       0xb2 /opt/devkitpro/calico/lib/libcalico_ds9.a(arm-cache.32.o)
 .debug_line    0x00009cf5      0x3bd /opt/devkitpro/calico/lib/libcalico_ds9.a(startup.crt0.o)
 .debug_line    0x0000a0b2       0x7d /opt/devkitpro/calico/lib/libcalico_ds9.a(utils.crt0.o)