Archive member included to satisfy reference by file (symbol)

/opt/devkitpro/libnds/lib/libnds9.a(background.o)
                              main.o (bgState)
/opt/devkitpro/libnds/lib/libnds9.a(console.o)
                              main.o (consoleInit)
/opt/devkitpro/libnds/lib/libnds9.a(keys.o)
                              main.o (scanKeys)
/opt/devkitpro/libnds/lib/libnds9.a(sound.o)
                              main.o (soundPlayPSG)
/opt/devkitpro/libnds/lib/libnds9.a(trig.o)
                              /opt/devkitpro/libnds/lib/libnds9.a(background.o) (sinLerp)
/opt/devkitpro/libnds/lib/libnds9.a(default_font.bin.o)
                              /opt/devkitpro/libnds/lib/libnds9.a(console.o) (default_font_bin)
/opt/devkitpro/calico/lib/libcalico_ds9.a(thread_cold.o)
                              main.o (threadIrqWait)
/opt/devkitpro/calico/lib/libcalico_ds9.a(thread_hot.32.o)
                              /opt/devkitpro/calico/lib/libcalico_ds9.a(thread_cold.o) (__sched_state)
/opt/devkitpro/calico/lib/libcalico_ds9.a(arm-copy-fill.32.o)
                              /opt/devkitpro/calico/lib/libcalico_ds9.a(thread_cold.o) (armCopyMem32)
/opt/devkitpro/calico/lib/libcalico_ds9.a(arm-context.32.o)
                              /opt/devkitpro/calico/lib/libcalico_ds9.a(thread_cold.o) (armContextSave)
/opt/devkitpro/calico/lib/libcalico_ds9.a(arm-shims.32.o)
                              /opt/devkitpro/calico/lib/libcalico_ds9.a(thread_cold.o) (armWaitForIrq)
/opt/devkitpro/calico/lib/libcalico_ds9.a(keypad.o)
                              /opt/devkitpro/libnds/lib/libnds9.a(keys.o) (keypadGetState)
/opt/devkitpro/calico/lib/libcalico_ds9.a(bootstub_arm9.o)
                              (__ds9_bootstub)
/opt/devkitpro/calico/lib/libcalico_ds9.a(excpt_handler.32.o)
                              /opt/devkitpro/calico/lib/libcalico_ds9.a(bootstub_arm9.o) (__arm_excpt_rst)
/opt/devkitpro/calico/lib/libcalico_ds9.a(pm_arm9.o)
                              /opt/devkitpro/libnds/lib/libnds9.a(sound.o) (pmMicSetAmp)
/opt/devkitpro/calico/lib/libcalico_ds9.a(touch.o)
                              main.o (touchRead)
/opt/devkitpro/calico/lib/libcalico_ds9.a(sound.o)
                              /opt/devkitpro/libnds/lib/libnds9.a(sound.o) (soundInit)
/opt/devkitpro/calico/lib/libcalico_ds9.a(mic.o)
                              /opt/devkitpro/libnds/lib/libnds9.a(sound.o) (micInit)
/opt/devkitpro/calico/lib/libcalico_ds9.a(tick.o)
                              /opt/devkitpro/calico/lib/libcalico_ds9.a(thread_cold.o) (tickTaskStart)
/opt/devkitpro/calico/lib/libcalico_ds9.a(mailbox.o)
                              /opt/devkitpro/calico/lib/libcalico_ds9.a(mic.o) (mailboxRecv)
/opt/devkitpro/calico/lib/libcalico_ds9.a(newlib_syscalls.o)
                              /opt/devkitpro/calico/lib/libcalico_ds9.a(bootstub_arm9.o) (__newlib_syscalls)
/opt/devkitpro/calico/lib/libcalico_ds9.a(arm-cache.32.o)
                              /opt/devkitpro/calico/lib/libcalico_ds9.a(pm_arm9.o) (armDCacheFlush)
/opt/devkitpro/calico/lib/libcalico_ds9.a(startup.crt0.o)
                              /opt/devkitpro/calico/lib/libcalico_ds9.a(bootstub_arm9.o) (crt0Startup)
/opt/devkitpro/calico/lib/libcalico_ds9.a(utils.crt0.o)
                              /opt/devkitpro/calico/lib/libcalico_ds9.a(startup.crt0.o) (crt0CopyMem32)
/opt/devkitpro/calico/lib/libcalico_ds9.a(irq_handler.32.o)
                              /opt/devkitpro/calico/lib/libcalico_ds9.a(bootstub_arm9.o) (__arm_excpt_irq)
/opt/devkitpro/calico/lib/libcalico_ds9.a(pxi.o)
                              /opt/devkitpro/calico/lib/libcalico_ds9.a(startup.crt0.o) (_pxiInit)
/opt/devkitpro/calico/lib/libcalico_ds9.a(mpu_setup.crt0.o)
                              /opt/devkitpro/calico/lib/libcalico_ds9.a(startup.crt0.o) (crt0SetupMPU)
/opt/devkitpro/calico/lib/libcalico_ds9.a(sys_startup.o)
                              /opt/devkitpro/calico/lib/libcalico_ds9.a(startup.crt0.o) (systemStartup)
/opt/devkitpro/calico/lib/libcalico_ds9.a(irq.o)
                              /opt/devkitpro/calico/lib/libcalico_ds9.a(tick.o) (irqSet)
/opt/devkitpro/calico/lib/libcalico_ds9.a(mutex.o)
                              /opt/devkitpro/calico/lib/libcalico_ds9.a(newlib_syscalls.o) (mutexLock)
/opt/devkitpro/calico/lib/libcalico_ds9.a(pm.o)
                              /opt/devkitpro/calico/lib/libcalico_ds9.a(sys_startup.o) (pmInit)
/opt/devkitpro/devkitARM/bin/../lib/gcc/arm-none-eabi/15.1.0/thumb/libgcc.a(_udivsi3.o)
                              /opt/devkitpro/libnds/lib/libnds9.a(sound.o) (__aeabi_uidiv)
/opt/devkitpro/devkitARM/bin/../lib/gcc/arm-none-eabi/15.1.0/thumb/libgcc.a(_divsi3.o)
                              main.o (__aeabi_idiv)
/opt/devkitpro/devkitARM/bin/../lib/gcc/arm-none-eabi/15.1.0/thumb/libgcc.a(_dvmd_tls.o)
                              /opt/devkitpro/devkitARM/bin/../lib/gcc/arm-none-eabi/15.1.0/thumb/libgcc.a(_udivsi3.o) (__aeabi_idiv0)
[...]
Memory Configuration

Name             Origin             Length             Attributes
lma9             0x02004000         0x0027c000
lma9i            0x02400000         0x00280000
vectors          0x00000000         0x00000020
itcm             0x01ff8020         0x00007fe0
main             0x02001000         0x00f7f000
dtcm             0x02ff0000         0x00003e80
dldi             0x0380b000         0x00004000
stub             0x0e000000         0x00004000
tls              0x00000000         0x00000400
*default*        0x00000000         0xffffffff

Linker script and memory map

                0x00000000                        __sync_synchronize = __sync_synchronize_none
LOAD /opt/devkitpro/devkitARM/bin/../lib/gcc/arm-none-eabi/15.1.0/thumb/crti.o
LOAD /opt/devkitpro/devkitARM/bin/../lib/gcc/arm-none-eabi/15.1.0/thumb/crtbegin.o
LOAD main.o
LOAD /opt/devkitpro/libnds/lib/libnds9.a
LOAD /opt/devkitpro/calico/lib/libcalico_ds9.a
START GROUP
LOAD /opt/devkitpro/devkitARM/bin/../lib/gcc/arm-none-eabi/15.1.0/thumb/libgcc.a
LOAD /opt/devkitpro/devkitARM/bin/../lib/gcc/arm-none-eabi/15.1.0/../../../../arm-none-eabi/lib/thumb/libg.a
LOAD /opt/devkitpro/devkitARM/bin/../lib/gcc/arm-none-eabi/15.1.0/../../../../arm-none-eabi/lib/thumb/libc.a
LOAD /opt/devkitpro/devkitARM/bin/../lib/gcc/arm-none-eabi/15.1.0/../../../../arm-none-eabi/lib/thumb/libsysbase.a
END GROUP
LOAD /opt/devkitpro/devkitARM/bin/../lib/gcc/arm-none-eabi/15.1.0/thumb/crtend.o
LOAD /opt/devkitpro/devkitARM/bin/../lib/gcc/arm-none-eabi/15.1.0/thumb/crtn.o
                0x02ff3e80                        PROVIDE (__sp_usr = (ORIGIN (dtcm) + LENGTH (dtcm)))
                0x02ff3f80                        PROVIDE (__sp_irq = (__sp_usr + 0x100))
                0x02ff3fc0                        PROVIDE (__sp_svc = (__sp_irq + 0x40))
                0x02ff3ff8                        PROVIDE (__irq_flags = (__sp_svc + 0x38))
                [!provide]                        PROVIDE (__irq_vector = (__sp_svc + 0x3c))
                [!provide]                        PROVIDE (__arm_excpt_rst = 0xffff0000)
                [!provide]                        PROVIDE (__arm_excpt_und = 0xffff0004)
                0xffff0008                        PROVIDE (__arm_excpt_svc = 0xffff0008)
                [!provide]                        PROVIDE (__arm_excpt_pabt = 0xffff000c)
                [!provide]                        PROVIDE (__arm_excpt_dabt = 0xffff0010)
                [!provide]                        PROVIDE (__arm_excpt_irq = 0xffff0018)
                [!provide]                        PROVIDE (__arm_excpt_fiq = 0xffff001c)
                0x00000000                        PROVIDE (__end__ = 0x0)

.secure         0x0e000000      0x800 load address 0x02004000
                0x0e0007fc                        . = (. + 0x7fc)
 *fill*         0x0e000000      0x7fc 00000000
                0x0e0007fc        0x4 LONG 0x0

.bootstub       0x0e000800      0x198 load address 0x02004800
 *(.bootstub .bootstub.*)
 .bootstub.__ds9_bootstub
                0x0e000800      0x198 /opt/devkitpro/calico/lib/libcalico_ds9.a(bootstub_arm9.o)
                0x0e000800                __ds9_bootstub
                0x0e000998                        . = ALIGN (0x4)

.crt0           0x02001000      0x3c0 load address 0x02004998
 *(.crt0 .crt0.*)
 .crt0.__ds9_bootstub_trampoline
                0x02001000       0x60 /opt/devkitpro/calico/lib/libcalico_ds9.a(bootstub_arm9.o)
 *.crt0.*(.text .stub .text.* .gnu.linkonce.t.*)
 .text.crt0ProcessLoadList
                0x02001060       0x74 /opt/devkitpro/calico/lib/libcalico_ds9.a(startup.crt0.o)
                0x02001060                crt0ProcessLoadList
 .text.crt0Startup
                0x020010d4      0x180 /opt/devkitpro/calico/lib/libcalico_ds9.a(startup.crt0.o)
                0x020010d4                crt0Startup
 .text.crt0CopyMem32
                0x02001254       0x4c /opt/devkitpro/calico/lib/libcalico_ds9.a(utils.crt0.o)
                0x02001254                crt0CopyMem32
 .text.crt0FillMem32
                0x020012a0       0x58 /opt/devkitpro/calico/lib/libcalico_ds9.a(utils.crt0.o)
                0x020012a0                crt0FillMem32
 .text.crt0SetupMPU
                0x020012f8       0xb4 /opt/devkitpro/calico/lib/libcalico_ds9.a(mpu_setup.crt0.o)
                0x020012f8                crt0SetupMPU
 *.crt0.*(.glue_7t .glue_7 .vfp11_veneer .v4_bx)
 *.crt0.*(.rodata .rodata.* .gnu.linkonce.r.*)
 *.crt0.*(.rodata1)
                0x020013c0                        . = ALIGN (0x20)
 *fill*         0x020013ac       0x14 ff
                0x02004998                        PROVIDE (__crt0_lma = LOADADDR (.crt0))
                0x02001000                        PROVIDE (__crt0_start = ADDR (.crt0))
                0x020013c0                        PROVIDE (__crt0_end = (ADDR (.crt0) + SIZEOF (.crt0)))
                0x00000001                        ASSERT (((__crt0_end <= LOADADDR (.bootstub)) || (__crt0_start >= (LOADADDR (.bootstub) + SIZEOF (.bootstub)))), Error: crt0 section overlaps initial bootstrap)

.dldi           0x0380b000        0x0 load address 0x02004d58
 *(.dldi)
                0x00000000                        PROVIDE (__dldi_lma = SIZEOF (.dldi)?LOADADDR (.dldi):0x0)

.vectors        0x00000000       0x20 load address 0x02004d58
 *(.vectors)
 .vectors       0x00000000       0x20 /opt/devkitpro/calico/lib/libcalico_ds9.a(bootstub_arm9.o)

.itcm           0x01ff8020      0x67c load address 0x02004d78
 *(.itcm .itcm.*)
 .itcm          0x01ff8020       0x30 /opt/devkitpro/calico/lib/libcalico_ds9.a(bootstub_arm9.o)
                0x01ff8038                __excpt_vectors
 *.itcm.*(.text .stub .text.* .gnu.linkonce.t.*)
 *.32.o(.text .stub .text.* .gnu.linkonce.t.*)
 .text.threadReschedule
                0x01ff8050       0x88 /opt/devkitpro/calico/lib/libcalico_ds9.a(thread_hot.32.o)
 .text.threadBlock
                0x01ff80d8       0xd8 /opt/devkitpro/calico/lib/libcalico_ds9.a(thread_hot.32.o)
                0x01ff80d8                threadBlock
 .text.threadUnblockOneByValue
                0x01ff81b0       0xc0 /opt/devkitpro/calico/lib/libcalico_ds9.a(thread_hot.32.o)
                0x01ff81b0                threadUnblockOneByValue
 .text.threadUnblockAllByValue
                0x01ff8270      0x130 /opt/devkitpro/calico/lib/libcalico_ds9.a(thread_hot.32.o)
                0x01ff8270                threadUnblockAllByValue
 .text.threadUnblockAllByMask
                0x01ff83a0      0x134 /opt/devkitpro/calico/lib/libcalico_ds9.a(thread_hot.32.o)
                0x01ff83a0                threadUnblockAllByMask
 .text.armContextSave
                0x01ff84d4       0x2c /opt/devkitpro/calico/lib/libcalico_ds9.a(arm-context.32.o)
                0x01ff84d4                armContextSave
 .text.armContextLoad
                0x01ff8500       0x20 /opt/devkitpro/calico/lib/libcalico_ds9.a(arm-context.32.o)
                0x01ff8500                armContextLoad
                0x01ff8504                armContextLoadFromSvc
 .text.armWaitForIrq
                0x01ff8520        0x8 /opt/devkitpro/calico/lib/libcalico_ds9.a(arm-shims.32.o)
                0x01ff8520                armWaitForIrq
 .text.__excpt_entry
                0x01ff8528       0x50 /opt/devkitpro/calico/lib/libcalico_ds9.a(excpt_handler.32.o)
                0x01ff8528                __arm_excpt_rst
                0x01ff852c                __arm_excpt_pabt
                0x01ff8530                __arm_excpt_und
                0x01ff853c                __arm_excpt_dabt
 .text.armDrainWriteBuffer
                0x01ff8578        0xc /opt/devkitpro/calico/lib/libcalico_ds9.a(arm-cache.32.o)
                0x01ff8578                armDrainWriteBuffer
 .text.armDCacheFlushAll
                0x01ff8584       0x28 /opt/devkitpro/calico/lib/libcalico_ds9.a(arm-cache.32.o)
                0x01ff8584                armDCacheFlushAll
 .text.armICacheInvalidateAll
                0x01ff85ac        0xc /opt/devkitpro/calico/lib/libcalico_ds9.a(arm-cache.32.o)
                0x01ff85ac                armICacheInvalidateAll
 .text.__arm_excpt_irq
                0x01ff85b8       0xe4 /opt/devkitpro/calico/lib/libcalico_ds9.a(irq_handler.32.o)
                0x01ff85b8                __arm_excpt_irq
 *.itcm.*(.glue_7t .glue_7 .vfp11_veneer .v4_bx)
 *.32.o(.glue_7t .glue_7 .vfp11_veneer .v4_bx)
 *.itcm.*(.rodata .rodata.* .gnu.linkonce.r.*)
 *.32.o(.rodata .rodata.* .gnu.linkonce.r.*)
 *.itcm.*(.rodata1)
 *.32.o(.rodata1)
                0x01ff869c                        . = ALIGN (0x4)
                0x02004d58                        PROVIDE (__itcm_lma = LOADADDR (.vectors))
                0x01ff8000                        PROVIDE (__itcm_start = (ADDR (.itcm) - SIZEOF (.vectors)))
                0x01ff869c                        PROVIDE (__itcm_end = (ADDR (.itcm) + SIZEOF (.itcm)))
                0x00000001                        ASSERT (((__itcm_lma + SIZEOF (.vectors)) == LOADADDR (.itcm)), Error: gap between vectors and itcm)

.dtcm           0x02ff0000        0x0 load address 0x020053f4
 *(.dtcm .dtcm.*)
 *.32.o(.data .data.* .gnu.linkonce.d.*)
 *.32.o(.data1)
                0x02ff0000                        . = ALIGN (0x4)
                [!provide]                        PROVIDE (__dtcm_lma = LOADADDR (.dtcm))
                0x02ff0000                        PROVIDE (__dtcm_start = ADDR (.dtcm))
                0x02ff0000                        PROVIDE (__dtcm_end = (ADDR (.dtcm) + SIZEOF (.dtcm)))

.dtcm.bss       0x02ff0000       0x98 load address 0x020053f4
 *(.sbss .sbss.*)
 *.32.o(.dynbss)
 *.32.o(.bss .bss.* .gnu.linkonce.b.*)
 .bss.__irq_table
                0x02ff0000       0x80 /opt/devkitpro/calico/lib/libcalico_ds9.a(thread_hot.32.o)
                0x02ff0000                __irq_table
 .bss.__sched_state
                0x02ff0080       0x18 /opt/devkitpro/calico/lib/libcalico_ds9.a(thread_hot.32.o)
                0x02ff0080                __sched_state
 *.32.o(COMMON)
                0x02ff0098                        . = ALIGN (0x4)
                [!provide]                        PROVIDE (__dtcm_bss_start = ADDR (.dtcm.bss))
                0x02ff0098                        PROVIDE (__dtcm_bss_end = (ADDR (.dtcm.bss) + SIZEOF (.dtcm.bss)))

.main           0x020013c0    0x43d38 load address 0x020053f4
 *(SORT_NONE(.init))
 .init          0x020013c0        0x4 /opt/devkitpro/devkitARM/bin/../lib/gcc/arm-none-eabi/15.1.0/thumb/crti.o
                0x020013c0                _init
 .init          0x020013c4        0x8 /opt/devkitpro/devkitARM/bin/../lib/gcc/arm-none-eabi/15.1.0/thumb/crtn.o
 EXCLUDE_FILE(*.twl.*) *(.text.unlikely .text.*_unlikely .text.unlikely.*)
 EXCLUDE_FILE(*.twl.*) *(.text.exit .text.exit.*)
 .text.exit     0x020013cc       0x24 /opt/devkitpro/devkitARM/bin/../lib/gcc/arm-none-eabi/15.1.0/../../../../arm-none-eabi/lib/thumb/libg.a(libc_a-exit.o)
                0x020013cc                exit
 EXCLUDE_FILE(*.twl.*) *(.text.startup .text.startup.*)
 .text.startup.main
                0x020013f0      0x444 main.o
                0x020013f0                main
 .text.startup._soundEnsureInit
                0x02001834        0xc /opt/devkitpro/libnds/lib/libnds9.a(sound.o)
 EXCLUDE_FILE(*.twl.*) *(.text.hot .text.hot.*)
 EXCLUDE_FILE(*.twl.*) *(.text .iplt .stub .text.* .gnu.linkonce.t.*)
 .text.__do_global_dtors_aux
                0x02001840       0x2c /opt/devkitpro/devkitARM/bin/../lib/gcc/arm-none-eabi/15.1.0/thumb/crtbegin.o
 .text.frame_dummy
                0x0200186c       0x24 /opt/devkitpro/devkitARM/bin/../lib/gcc/arm-none-eabi/15.1.0/thumb/crtbegin.o
 .iplt          0x02001890        0x0 /opt/devkitpro/devkitARM/bin/../lib/gcc/arm-none-eabi/15.1.0/thumb/crtbegin.o
 .text.playSound
                0x02001890       0x90 main.o
                0x02001890                playSound
 .text.updateSound
                0x02001920       0x38 main.o
                0x02001920                updateSound
 .text.calculateTargetClues
                0x02001958      0x170 main.o
                0x02001958                calculateTargetClues
 .text.checkLineMatch
                0x02001ac8      0x100 main.o
                0x02001ac8                checkLineMatch
 .text.updateClueStates
                0x02001bc8       0x34 main.o
                0x02001bc8                updateClueStates
 .text.resetGame
                0x02001bfc       0x28 main.o
                0x02001bfc                resetGame
 .text.drawMiniNum
                0x02001c24       0xc4 main.o
                0x02001c24                drawMiniNum
 .text.drawCursor
                0x02001ce8      0x120 main.o
                0x02001ce8                drawCursor
 .text.renderGame
                0x02001e08      0x2c4 main.o
                0x02001e08                renderGame
 .text.shuffleBag
                0x020020cc       0x44 main.o
                0x020020cc                shuffleBag
 .text.getNextPuzzleID
                0x02002110       0x28 main.o
                0x02002110                getNextPuzzleID
 .text.triggerExplosion
                0x02002138       0xdc main.o
                0x02002138                triggerExplosion
 .text.checkWin.part.0
                0x02002214       0xa4 main.o
 .text.updateAndDrawFireworks
                0x020022b8      0x194 main.o
                0x020022b8                updateAndDrawFireworks
 .text.checkIfText
                0x0200244c       0x6c /opt/devkitpro/libnds/lib/libnds9.a(background.o)
                0x0200244c                checkIfText
 .text.bgUpdate
                0x020024b8       0xe8 /opt/devkitpro/libnds/lib/libnds9.a(background.o)
                0x020024b8                bgUpdate
 .text.bgInit_call
                0x020025a0       0xa8 /opt/devkitpro/libnds/lib/libnds9.a(background.o)
                0x020025a0                bgInit_call
 .text.bgInitSub_call
                0x02002648       0xb0 /opt/devkitpro/libnds/lib/libnds9.a(background.o)
                0x02002648                bgInitSub_call
 .text.newRow   0x020026f8       0xe0 /opt/devkitpro/libnds/lib/libnds9.a(console.o)
 .text.consolePrintChar
                0x020027d8       0xe0 /opt/devkitpro/libnds/lib/libnds9.a(console.o)
                0x020027d8                consolePrintChar
 .text.con_write
                0x020028b8      0x344 /opt/devkitpro/libnds/lib/libnds9.a(console.o)
                0x020028b8                con_write
 .text.consoleLoadFont
                0x02002bfc      0x2e8 /opt/devkitpro/libnds/lib/libnds9.a(console.o)
                0x02002bfc                consoleLoadFont
 .text.consoleInit
                0x02002ee4      0x170 /opt/devkitpro/libnds/lib/libnds9.a(console.o)
                0x02002ee4                consoleInit
 .text.scanKeys
                0x02003054       0x6c /opt/devkitpro/libnds/lib/libnds9.a(keys.o)
                0x02003054                scanKeys
 .text.keysHeld
                0x020030c0        0xc /opt/devkitpro/libnds/lib/libnds9.a(keys.o)
                0x020030c0                keysHeld
 .text.keysDown
                0x020030cc       0x10 /opt/devkitpro/libnds/lib/libnds9.a(keys.o)
                0x020030cc                keysDown
 .text.soundPlayPSG
                0x020030dc       0x54 /opt/devkitpro/libnds/lib/libnds9.a(sound.o)
                0x020030dc                soundPlayPSG
 .text.soundPlayNoise
                0x02003130       0x5c /opt/devkitpro/libnds/lib/libnds9.a(sound.o)
                0x02003130                soundPlayNoise
 .text.sinLutLookup
                0x0200318c       0x4c /opt/devkitpro/libnds/lib/libnds9.a(trig.o)
                0x0200318c                sinLutLookup
 .text.sinLerp  0x020031d8       0x38 /opt/devkitpro/libnds/lib/libnds9.a(trig.o)
                0x020031d8                sinLerp
 .text.cosLerp  0x02003210       0x44 /opt/devkitpro/libnds/lib/libnds9.a(trig.o)
                0x02003210                cosLerp
 .text.threadExit
                0x02003254       0x9c /opt/devkitpro/calico/lib/libcalico_ds9.a(thread_cold.o)
                0x02003254                threadExit
 .text._threadTickTask
                0x020032f0       0x10 /opt/devkitpro/calico/lib/libcalico_ds9.a(thread_cold.o)
 .text._threadInit
                0x02003300       0x98 /opt/devkitpro/calico/lib/libcalico_ds9.a(thread_cold.o)
                0x02003300                _threadInit
 .text.threadPrepare
                0x02003398       0xa4 /opt/devkitpro/calico/lib/libcalico_ds9.a(thread_cold.o)
                0x02003398                threadPrepare
 .text.threadStart
                0x0200343c       0xc8 /opt/devkitpro/calico/lib/libcalico_ds9.a(thread_cold.o)
                0x0200343c                threadStart
 .text.threadIrqWait
                0x02003504       0xa0 /opt/devkitpro/calico/lib/libcalico_ds9.a(thread_cold.o)
                0x02003504                threadIrqWait
 .text.threadSleepTicks
                0x020035a4       0x58 /opt/devkitpro/calico/lib/libcalico_ds9.a(thread_cold.o)
                0x020035a4                threadSleepTicks
 .text.keypadGetState
                0x020035fc       0x28 /opt/devkitpro/calico/lib/libcalico_ds9.a(keypad.o)
                0x020035fc                keypadGetState
 .text.touchRead
                0x02003624       0x58 /opt/devkitpro/calico/lib/libcalico_ds9.a(touch.o)
                0x02003624                touchRead
 .text._soundPxiCheckCredits
                0x0200367c       0x70 /opt/devkitpro/calico/lib/libcalico_ds9.a(sound.o)
 .text._soundPxiHandler
                0x020036ec       0x3c /opt/devkitpro/calico/lib/libcalico_ds9.a(sound.o)
 .text.soundInit
                0x02003728       0x64 /opt/devkitpro/calico/lib/libcalico_ds9.a(sound.o)
                0x02003728                soundInit
 .text.soundSetPower
                0x0200378c       0x28 /opt/devkitpro/calico/lib/libcalico_ds9.a(sound.o)
                0x0200378c                soundSetPower
 .text.soundGetActiveChannels
                0x020037b4       0x58 /opt/devkitpro/calico/lib/libcalico_ds9.a(sound.o)
                0x020037b4                soundGetActiveChannels
 .text.soundPreparePsg
                0x0200380c       0xb8 /opt/devkitpro/calico/lib/libcalico_ds9.a(sound.o)
                0x0200380c                soundPreparePsg
 .text.soundStop
                0x020038c4       0x2c /opt/devkitpro/calico/lib/libcalico_ds9.a(sound.o)
                0x020038c4                soundStop
 .text.micInit  0x020038f0        0x8 /opt/devkitpro/calico/lib/libcalico_ds9.a(mic.o)
                0x020038f0                micInit
 .text._tickCountIsr
                0x020038f8       0x1c /opt/devkitpro/calico/lib/libcalico_ds9.a(tick.o)
 .text._tickTaskSchedule.part.0.isra.0
                0x02003914       0x84 /opt/devkitpro/calico/lib/libcalico_ds9.a(tick.o)
 .text.tickInit
                0x02003998       0xa0 /opt/devkitpro/calico/lib/libcalico_ds9.a(tick.o)
                0x02003998                tickInit
 .text.tickGetCount
                0x02003a38       0x5c /opt/devkitpro/calico/lib/libcalico_ds9.a(tick.o)
                0x02003a38                tickGetCount
 .text._tickTaskIsr
                0x02003a94      0x110 /opt/devkitpro/calico/lib/libcalico_ds9.a(tick.o)
 .text.tickTaskStart
                0x02003ba4      0x144 /opt/devkitpro/calico/lib/libcalico_ds9.a(tick.o)
                0x02003ba4                tickTaskStart
 .text.mailboxTrySend
                0x02003ce8       0x98 /opt/devkitpro/calico/lib/libcalico_ds9.a(mailbox.o)
                0x02003ce8                mailboxTrySend
 .text.mailboxRecv
                0x02003d80       0x98 /opt/devkitpro/calico/lib/libcalico_ds9.a(mailbox.o)
                0x02003d80                mailboxRecv
 .text.__syscall_getreent
                0x02003e18       0x14 /opt/devkitpro/calico/lib/libcalico_ds9.a(newlib_syscalls.o)
                0x02003e18                __syscall_getreent
 .text.__errno  0x02003e2c       0x24 /opt/devkitpro/calico/lib/libcalico_ds9.a(newlib_syscalls.o)
                0x02003e2c                __errno
 .text.__syscall_gettod_r
                0x02003e50       0x30 /opt/devkitpro/calico/lib/libcalico_ds9.a(newlib_syscalls.o)
                0x02003e50                __syscall_gettod_r
 .text.__syscall_lock_acquire
                0x02003e80        0x4 /opt/devkitpro/calico/lib/libcalico_ds9.a(newlib_syscalls.o)
                0x02003e80                __syscall_lock_acquire
 .text.__syscall_lock_release
                0x02003e84        0x4 /opt/devkitpro/calico/lib/libcalico_ds9.a(newlib_syscalls.o)
                0x02003e84                __syscall_lock_release
 .text.__syscall_lock_acquire_recursive
                0x02003e88       0x4c /opt/devkitpro/calico/lib/libcalico_ds9.a(newlib_syscalls.o)
                0x02003e88                __syscall_lock_acquire_recursive
 .text.__syscall_lock_release_recursive
                0x02003ed4       0x18 /opt/devkitpro/calico/lib/libcalico_ds9.a(newlib_syscalls.o)
                0x02003ed4                __syscall_lock_release_recursive
 .text._pxiMailboxHandler
                0x02003eec        0x4 /opt/devkitpro/calico/lib/libcalico_ds9.a(pxi.o)
 .text._pxiRecvUnhandled
                0x02003ef0        0x4 /opt/devkitpro/calico/lib/libcalico_ds9.a(pxi.o)
                0x02003ef0                _pxiRecvUnhandled
 .text._pxiRecvIrqHandler
                0x02003ef4      0x154 /opt/devkitpro/calico/lib/libcalico_ds9.a(pxi.o)
 .text._pxiInit
                0x02004048       0x58 /opt/devkitpro/calico/lib/libcalico_ds9.a(pxi.o)
                0x02004048                _pxiInit
 .text.pxiSetHandler
                0x020040a0       0x74 /opt/devkitpro/calico/lib/libcalico_ds9.a(pxi.o)
                0x020040a0                pxiSetHandler
 .text.pxiSetMailbox
                0x02004114       0x68 /opt/devkitpro/calico/lib/libcalico_ds9.a(pxi.o)
                0x02004114                pxiSetMailbox
 .text.pxiWaitRemote
                0x0200417c       0x38 /opt/devkitpro/calico/lib/libcalico_ds9.a(pxi.o)
                0x0200417c                pxiWaitRemote
 .text.pxiSendPacket
                0x020041b4       0x50 /opt/devkitpro/calico/lib/libcalico_ds9.a(pxi.o)
                0x020041b4                pxiSendPacket
 .text.pxiSendExtPacket
                0x02004204       0x98 /opt/devkitpro/calico/lib/libcalico_ds9.a(pxi.o)
                0x02004204                pxiSendExtPacket
 .text.pxiBeginReceive
                0x0200429c       0x2c /opt/devkitpro/calico/lib/libcalico_ds9.a(pxi.o)
                0x0200429c                pxiBeginReceive
 .text.pxiEndReceive
                0x020042c8       0xac /opt/devkitpro/calico/lib/libcalico_ds9.a(pxi.o)
                0x020042c8                pxiEndReceive
 .text.systemUserStartup
                0x02004374        0x4 /opt/devkitpro/calico/lib/libcalico_ds9.a(sys_startup.o)
                0x02004374                systemUserStartup
 .text.systemStartup
                0x02004378      0x104 /opt/devkitpro/calico/lib/libcalico_ds9.a(sys_startup.o)
                0x02004378                systemStartup
 .text.irqSet   0x0200447c       0x64 /opt/devkitpro/calico/lib/libcalico_ds9.a(irq.o)
                0x0200447c                irqSet
 .text.threadUpdateDynamicPrio
                0x020044e0      0x1cc /opt/devkitpro/calico/lib/libcalico_ds9.a(mutex.o)
 .text.threadRemoveWaiter
                0x020046ac      0x1c8 /opt/devkitpro/calico/lib/libcalico_ds9.a(mutex.o)
 .text.mutexLock
                0x02004874      0x150 /opt/devkitpro/calico/lib/libcalico_ds9.a(mutex.o)
                0x02004874                mutexLock
 .text.mutexUnlock
                0x020049c4       0xd0 /opt/devkitpro/calico/lib/libcalico_ds9.a(mutex.o)
                0x020049c4                mutexUnlock
 .text._pmCallEventHandlers
                0x02004a94       0x40 /opt/devkitpro/calico/lib/libcalico_ds9.a(pm.o)
 .text._pmPxiThreadMain
                0x02004ad4       0xa0 /opt/devkitpro/calico/lib/libcalico_ds9.a(pm.o)
 .text._pmResetPxiHandler
                0x02004b74       0x28 /opt/devkitpro/calico/lib/libcalico_ds9.a(pm.o)
 .text.systemUserExit
                0x02004b9c        0x4 /opt/devkitpro/calico/lib/libcalico_ds9.a(pm.o)
                0x02004b9c                systemUserExit
 .text.systemErrorExit
                0x02004ba0        0x4 /opt/devkitpro/calico/lib/libcalico_ds9.a(pm.o)
                0x02004ba0                systemErrorExit
 .text.__syscall_exit
                0x02004ba4      0x138 /opt/devkitpro/calico/lib/libcalico_ds9.a(pm.o)
                0x02004ba4                __syscall_exit
 .text.pmInit   0x02004cdc       0x58 /opt/devkitpro/calico/lib/libcalico_ds9.a(pm.o)
                0x02004cdc                pmInit
 .text          0x02004d34      0x11c /opt/devkitpro/devkitARM/bin/../lib/gcc/arm-none-eabi/15.1.0/thumb/libgcc.a(_udivsi3.o)
                0x02004d34                __udivsi3
                0x02004d34                __aeabi_uidiv
                0x02004e30                __aeabi_uidivmod
 .text          0x02004e50      0x150 /opt/devkitpro/devkitARM/bin/../lib/gcc/arm-none-eabi/15.1.0/thumb/libgcc.a(_divsi3.o)
                0x02004e50                __aeabi_idiv
                0x02004e50                __divsi3
                0x02004f80                __aeabi_idivmod
 .text          0x02004fa0        0x4 /opt/devkitpro/devkitARM/bin/../lib/gcc/arm-none-eabi/15.1.0/thumb/libgcc.a(_dvmd_tls.o)
                0x02004fa0                __aeabi_ldiv0
                0x02004fa0                __aeabi_idiv0
 .text          0x02004fa4      0x424 /opt/devkitpro/devkitARM/bin/../lib/gcc/arm-none-eabi/15.1.0/thumb/libgcc.a(_arm_addsubdf3.o)
                0x02004fa4                __aeabi_drsub
                0x02004fac                __aeabi_dsub
                0x02004fac                __subdf3
                0x02004fb0                __adddf3
                0x02004fb0                __aeabi_dadd
                0x020052c0                __aeabi_ui2d
                0x020052c0                __floatunsidf
                0x020052e4                __floatsidf
                0x020052e4                __aeabi_i2d
                0x0200530c                __extendsfdf2
                0x0200530c                __aeabi_f2d
                0x02005354                __aeabi_ul2d
                0x02005354                __floatundidf
                0x02005368                __floatdidf
                0x02005368                __aeabi_l2d
 .text          0x020053c8      0x49c /opt/devkitpro/devkitARM/bin/../lib/gcc/arm-none-eabi/15.1.0/thumb/libgcc.a(_arm_muldivdf3.o)
                0x020053c8                __aeabi_dmul
                0x020053c8                __muldf3
                0x02005658                __aeabi_ddiv
                0x02005658                __divdf3
 .text          0x02005864       0xa0 /opt/devkitpro/devkitARM/bin/../lib/gcc/arm-none-eabi/15.1.0/thumb/libgcc.a(_arm_truncdfsf2.o)
                0x02005864                __aeabi_d2f
                0x02005864                __truncdfsf2
 .text          0x02005904      0x2ac /opt/devkitpro/devkitARM/bin/../lib/gcc/arm-none-eabi/15.1.0/thumb/libgcc.a(_arm_addsubsf3.o)
                0x02005904                __aeabi_frsub
                0x0200590c                __subsf3
                0x0200590c                __aeabi_fsub
                0x02005910                __aeabi_fadd
                0x02005910                __addsf3
                0x02005acc                __aeabi_ui2f
                0x02005acc                __floatunsisf
                0x02005ad4                __aeabi_i2f
                0x02005ad4                __floatsisf
                0x02005af4                __floatundisf
                0x02005af4                __aeabi_ul2f
                0x02005b04                __floatdisf
                0x02005b04                __aeabi_l2f
 .text          0x02005bb0      0x114 /opt/devkitpro/devkitARM/bin/../lib/gcc/arm-none-eabi/15.1.0/thumb/libgcc.a(_arm_cmpsf2.o)
                0x02005bb0                __gtsf2
                0x02005bb0                __gesf2
                0x02005bb8                __lesf2
                0x02005bb8                __ltsf2
                0x02005bc0                __nesf2
                0x02005bc0                __eqsf2
                0x02005bc0                __cmpsf2
                0x02005c24                __aeabi_cfrcmple
                0x02005c34                __aeabi_cfcmple
                0x02005c34                __aeabi_cfcmpeq
                0x02005c4c                __aeabi_fcmpeq
                0x02005c64                __aeabi_fcmplt
                0x02005c7c                __aeabi_fcmple
                0x02005c94                __aeabi_fcmpge
                0x02005cac                __aeabi_fcmpgt
 .text          0x02005cc4       0x5c /opt/devkitpro/devkitARM/bin/../lib/gcc/arm-none-eabi/15.1.0/thumb/libgcc.a(_arm_fixsfsi.o)
                0x02005cc4                __fixsfsi
                0x02005cc4                __aeabi_f2iz
 .text          0x02005d20       0x3c /opt/devkitpro/devkitARM/bin/../lib/gcc/arm-none-eabi/15.1.0/thumb/libgcc.a(_aeabi_uldivmod.o)
                0x02005d20                __aeabi_uldivmod
 .text.__udivmoddi4
                0x02005d5c      0x194 /opt/devkitpro/devkitARM/bin/../lib/gcc/arm-none-eabi/15.1.0/thumb/libgcc.a(_udivmoddi4.o)
                0x02005d5c                __udivmoddi4
 .text          0x02005ef0       0x28 /opt/devkitpro/devkitARM/bin/../lib/gcc/arm-none-eabi/15.1.0/thumb/libgcc.a(_clzdi2.o)
                0x02005ef0                __clzdi2
 .text          0x02005f18       0x48 /opt/devkitpro/devkitARM/bin/../lib/gcc/arm-none-eabi/15.1.0/thumb/libgcc.a(_clzsi2.o)
                0x02005f18                __clzsi2
 .text.srand    0x02005f60       0x18 /opt/devkitpro/devkitARM/bin/../lib/gcc/arm-none-eabi/15.1.0/../../../../arm-none-eabi/lib/thumb/libg.a(libc_a-rand.o)
                0x02005f60                srand
 .text.rand     0x02005f78       0x30 /opt/devkitpro/devkitARM/bin/../lib/gcc/arm-none-eabi/15.1.0/../../../../arm-none-eabi/lib/thumb/libg.a(libc_a-rand.o)
                0x02005f78                rand
 .text.__libc_init_array
                0x02005fa8       0x54 /opt/devkitpro/devkitARM/bin/../lib/gcc/arm-none-eabi/15.1.0/../../../../arm-none-eabi/lib/thumb/libg.a(libc_a-init.o)
                0x02005fa8                __libc_init_array
 .text.siscanf  0x02005ffc       0x50 /opt/devkitpro/devkitARM/bin/../lib/gcc/arm-none-eabi/15.1.0/../../../../arm-none-eabi/lib/thumb/libg.a(libc_a-siscanf.o)
                0x02005ffc                siscanf
 .text._malloc_r
                0x0200604c      0x550 /opt/devkitpro/devkitARM/bin/../lib/gcc/arm-none-eabi/15.1.0/../../../../arm-none-eabi/lib/thumb/libg.a(libc_a-mallocr.o)
                0x0200604c                _malloc_r
 .text._malloc_trim_r
                0x0200659c       0xac /opt/devkitpro/devkitARM/bin/../lib/gcc/arm-none-eabi/15.1.0/../../../../arm-none-eabi/lib/thumb/libg.a(libc_a-freer.o)
                0x0200659c                _malloc_trim_r
 .text._free_r  0x02006648      0x1d8 /opt/devkitpro/devkitARM/bin/../lib/gcc/arm-none-eabi/15.1.0/../../../../arm-none-eabi/lib/thumb/libg.a(libc_a-freer.o)
                0x02006648                _free_r
 .text.time     0x02006820       0x38 /opt/devkitpro/devkitARM/bin/../lib/gcc/arm-none-eabi/15.1.0/../../../../arm-none-eabi/lib/thumb/libg.a(libc_a-time.o)
                0x02006820                time
 .text.memset   0x02006858       0x8c /opt/devkitpro/devkitARM/bin/../lib/gcc/arm-none-eabi/15.1.0/../../../../arm-none-eabi/lib/thumb/libg.a(libc_a-memset.o)
                0x02006858                memset
 .text.__malloc_lock
                0x020068e4       0x14 /opt/devkitpro/devkitARM/bin/../lib/gcc/arm-none-eabi/15.1.0/../../../../arm-none-eabi/lib/thumb/libg.a(libc_a-mlock.o)
                0x020068e4                __malloc_lock
 .text.__malloc_unlock
                0x020068f8       0x14 /opt/devkitpro/devkitARM/bin/../lib/gcc/arm-none-eabi/15.1.0/../../../../arm-none-eabi/lib/thumb/libg.a(libc_a-mlock.o)
                0x020068f8                __malloc_unlock
 .text.__call_exitprocs
                0x0200690c        0xc /opt/devkitpro/devkitARM/bin/../lib/gcc/arm-none-eabi/15.1.0/../../../../arm-none-eabi/lib/thumb/libg.a(libc_a-exit.o)
                0x0200690c                __call_exitprocs
 .text.setvbuf  0x02006918      0x1ac /opt/devkitpro/devkitARM/bin/../lib/gcc/arm-none-eabi/15.1.0/../../../../arm-none-eabi/lib/thumb/libg.a(libc_a-setvbuf.o)
                0x02006918                setvbuf
 .text.memcpy   0x02006ac4       0xb0 /opt/devkitpro/devkitARM/bin/../lib/gcc/arm-none-eabi/15.1.0/../../../../arm-none-eabi/lib/thumb/libg.a(libc_a-memcpy-stub.o)
                0x02006ac4                memcpy
 .text.iprintf  0x02006b74       0x28 /opt/devkitpro/devkitARM/bin/../lib/gcc/arm-none-eabi/15.1.0/../../../../arm-none-eabi/lib/thumb/libg.a(libc_a-iprintf.o)
                0x02006b74                iprintf
 .text.__sread  0x02006b9c       0x34 /opt/devkitpro/devkitARM/bin/../lib/gcc/arm-none-eabi/15.1.0/../../../../arm-none-eabi/lib/thumb/libg.a(libc_a-stdio.o)
                0x02006b9c                __sread
 .text.__seofread
                0x02006bd0        0x4 /opt/devkitpro/devkitARM/bin/../lib/gcc/arm-none-eabi/15.1.0/../../../../arm-none-eabi/lib/thumb/libg.a(libc_a-stdio.o)
                0x02006bd0                __seofread
 .text.__swrite
                0x02006bd4       0x4c /opt/devkitpro/devkitARM/bin/../lib/gcc/arm-none-eabi/15.1.0/../../../../arm-none-eabi/lib/thumb/libg.a(libc_a-stdio.o)
                0x02006bd4                __swrite
 .text.__sseek  0x02006c20       0x3c /opt/devkitpro/devkitARM/bin/../lib/gcc/arm-none-eabi/15.1.0/../../../../arm-none-eabi/lib/thumb/libg.a(libc_a-stdio.o)
                0x02006c20                __sseek
 .text.__sclose
                0x02006c5c       0x10 /opt/devkitpro/devkitARM/bin/../lib/gcc/arm-none-eabi/15.1.0/../../../../arm-none-eabi/lib/thumb/libg.a(libc_a-stdio.o)
                0x02006c5c                __sclose
 .text.get_arg  0x02006c6c      0x404 /opt/devkitpro/devkitARM/bin/../lib/gcc/arm-none-eabi/15.1.0/../../../../arm-none-eabi/lib/thumb/libg.a(libc_a-vfiprintf.o)
 .text._vfiprintf_r
                0x02007070     0x16d0 /opt/devkitpro/devkitARM/bin/../lib/gcc/arm-none-eabi/15.1.0/../../../../arm-none-eabi/lib/thumb/libg.a(libc_a-vfiprintf.o)
                0x02007070                _vfiprintf_r
 .text.__sbprintf
                0x02008740       0x7c /opt/devkitpro/devkitARM/bin/../lib/gcc/arm-none-eabi/15.1.0/../../../../arm-none-eabi/lib/thumb/libg.a(libc_a-vfiprintf.o)
 .text.strlen   0x020087bc       0x60 /opt/devkitpro/devkitARM/bin/../lib/gcc/arm-none-eabi/15.1.0/../../../../arm-none-eabi/lib/thumb/libg.a(libc_a-strlen.o)
                0x020087bc                strlen
 .text.get_arg  0x0200881c       0x3e /opt/devkitpro/devkitARM/bin/../lib/gcc/arm-none-eabi/15.1.0/../../../../arm-none-eabi/lib/thumb/libg.a(libc_a-svfiscanf.o)
 .text._sungetc_r
                0x0200885a       0x7e /opt/devkitpro/devkitARM/bin/../lib/gcc/arm-none-eabi/15.1.0/../../../../arm-none-eabi/lib/thumb/libg.a(libc_a-svfiscanf.o)
                0x0200885a                _sungetc_r
 .text.__ssrefill_r
                0x020088d8       0x42 /opt/devkitpro/devkitARM/bin/../lib/gcc/arm-none-eabi/15.1.0/../../../../arm-none-eabi/lib/thumb/libg.a(libc_a-svfiscanf.o)
                0x020088d8                __ssrefill_r
 .text._sfread_r
                0x0200891a       0x88 /opt/devkitpro/devkitARM/bin/../lib/gcc/arm-none-eabi/15.1.0/../../../../arm-none-eabi/lib/thumb/libg.a(libc_a-svfiscanf.o)
                0x0200891a                _sfread_r
 *fill*         0x020089a2        0x2 ff
 .text.__ssvfiscanf_r
                0x020089a4     0x1984 /opt/devkitpro/devkitARM/bin/../lib/gcc/arm-none-eabi/15.1.0/../../../../arm-none-eabi/lib/thumb/libg.a(libc_a-svfiscanf.o)
                0x020089a4                __ssvfiscanf_r
 .text.stdio_exit_handler
                0x0200a328       0x20 /opt/devkitpro/devkitARM/bin/../lib/gcc/arm-none-eabi/15.1.0/../../../../arm-none-eabi/lib/thumb/libg.a(libc_a-findfp.o)
 .text.cleanup_stdio
                0x0200a348       0x40 /opt/devkitpro/devkitARM/bin/../lib/gcc/arm-none-eabi/15.1.0/../../../../arm-none-eabi/lib/thumb/libg.a(libc_a-findfp.o)
 .text.global_stdio_init.part.0
                0x0200a388      0x120 /opt/devkitpro/devkitARM/bin/../lib/gcc/arm-none-eabi/15.1.0/../../../../arm-none-eabi/lib/thumb/libg.a(libc_a-findfp.o)
 .text.__sinit  0x0200a4a8       0x3c /opt/devkitpro/devkitARM/bin/../lib/gcc/arm-none-eabi/15.1.0/../../../../arm-none-eabi/lib/thumb/libg.a(libc_a-findfp.o)
                0x0200a4a8                __sinit
 .text.__sfp_lock_acquire
                0x0200a4e4       0x14 /opt/devkitpro/devkitARM/bin/../lib/gcc/arm-none-eabi/15.1.0/../../../../arm-none-eabi/lib/thumb/libg.a(libc_a-findfp.o)
                0x0200a4e4                __sfp_lock_acquire
 .text.__sfp_lock_release
                0x0200a4f8       0x14 /opt/devkitpro/devkitARM/bin/../lib/gcc/arm-none-eabi/15.1.0/../../../../arm-none-eabi/lib/thumb/libg.a(libc_a-findfp.o)
                0x0200a4f8                __sfp_lock_release
 .text._strtoul_l.isra.0
                0x0200a50c      0x150 /opt/devkitpro/devkitARM/bin/../lib/gcc/arm-none-eabi/15.1.0/../../../../arm-none-eabi/lib/thumb/libg.a(libc_a-strtoul.o)
 .text._strtoul_r
                0x0200a65c       0x20 /opt/devkitpro/devkitARM/bin/../lib/gcc/arm-none-eabi/15.1.0/../../../../arm-none-eabi/lib/thumb/libg.a(libc_a-strtoul.o)
                0x0200a65c                _strtoul_r
 .text._fwalk_sglue
                0x0200a67c       0x4c /opt/devkitpro/devkitARM/bin/../lib/gcc/arm-none-eabi/15.1.0/../../../../arm-none-eabi/lib/thumb/libg.a(libc_a-fwalk.o)
                0x0200a67c                _fwalk_sglue
 .text.__sprint_r
                0x0200a6c8       0x24 /opt/devkitpro/devkitARM/bin/../lib/gcc/arm-none-eabi/15.1.0/../../../../arm-none-eabi/lib/thumb/libg.a(libc_a-sprint_r.o)
                0x0200a6c8                __sprint_r
 .text.iswspace
                0x0200a6ec       0x10 /opt/devkitpro/devkitARM/bin/../lib/gcc/arm-none-eabi/15.1.0/../../../../arm-none-eabi/lib/thumb/libg.a(libc_a-iswspace.o)
                0x0200a6ec                iswspace
 .text._localeconv_r
                0x0200a6fc       0x1c /opt/devkitpro/devkitARM/bin/../lib/gcc/arm-none-eabi/15.1.0/../../../../arm-none-eabi/lib/thumb/libg.a(libc_a-localeconv.o)
                0x0200a6fc                _localeconv_r
 .text.realloc  0x0200a718       0x18 /opt/devkitpro/devkitARM/bin/../lib/gcc/arm-none-eabi/15.1.0/../../../../arm-none-eabi/lib/thumb/libg.a(libc_a-realloc.o)
                0x0200a718                realloc
 .text.memchr   0x0200a730       0x74 /opt/devkitpro/devkitARM/bin/../lib/gcc/arm-none-eabi/15.1.0/../../../../arm-none-eabi/lib/thumb/libg.a(libc_a-memchr-stub.o)
                0x0200a730                memchr
 .text._wcrtomb_r
                0x0200a7a4       0x84 /opt/devkitpro/devkitARM/bin/../lib/gcc/arm-none-eabi/15.1.0/../../../../arm-none-eabi/lib/thumb/libg.a(libc_a-wcrtomb.o)
                0x0200a7a4                _wcrtomb_r
 .text._strtol_l.part.0
                0x0200a828      0x25c /opt/devkitpro/devkitARM/bin/../lib/gcc/arm-none-eabi/15.1.0/../../../../arm-none-eabi/lib/thumb/libg.a(libc_a-strtol.o)
 .text._strtol_r
                0x0200aa84       0x34 /opt/devkitpro/devkitARM/bin/../lib/gcc/arm-none-eabi/15.1.0/../../../../arm-none-eabi/lib/thumb/libg.a(libc_a-strtol.o)
                0x0200aa84                _strtol_r
 .text.__libc_fini_array
                0x0200aab8       0x30 /opt/devkitpro/devkitARM/bin/../lib/gcc/arm-none-eabi/15.1.0/../../../../arm-none-eabi/lib/thumb/libg.a(libc_a-fini.o)
                0x0200aab8                __libc_fini_array
 .text.malloc   0x0200aae8       0x28 /opt/devkitpro/devkitARM/bin/../lib/gcc/arm-none-eabi/15.1.0/../../../../arm-none-eabi/lib/thumb/libg.a(libc_a-malloc.o)
                0x0200aae8                malloc
 .text.free     0x0200ab10       0x14 /opt/devkitpro/devkitARM/bin/../lib/gcc/arm-none-eabi/15.1.0/../../../../arm-none-eabi/lib/thumb/libg.a(libc_a-malloc.o)
                0x0200ab10                free
 .text.__sccl   0x0200ab24       0xb0 /opt/devkitpro/devkitARM/bin/../lib/gcc/arm-none-eabi/15.1.0/../../../../arm-none-eabi/lib/thumb/libg.a(libc_a-sccl.o)
                0x0200ab24                __sccl
 .text.__sflush_r
                0x0200abd4      0x180 /opt/devkitpro/devkitARM/bin/../lib/gcc/arm-none-eabi/15.1.0/../../../../arm-none-eabi/lib/thumb/libg.a(libc_a-fflush.o)
                0x0200abd4                __sflush_r
 .text._fflush_r
                0x0200ad54       0x70 /opt/devkitpro/devkitARM/bin/../lib/gcc/arm-none-eabi/15.1.0/../../../../arm-none-eabi/lib/thumb/libg.a(libc_a-fflush.o)
                0x0200ad54                _fflush_r
 .text.__smakebuf_r
                0x0200adc4       0xe0 /opt/devkitpro/devkitARM/bin/../lib/gcc/arm-none-eabi/15.1.0/../../../../arm-none-eabi/lib/thumb/libg.a(libc_a-makebuf.o)
                0x0200adc4                __smakebuf_r
 .text.__swhatbuf_r
                0x0200aea4       0x5c /opt/devkitpro/devkitARM/bin/../lib/gcc/arm-none-eabi/15.1.0/../../../../arm-none-eabi/lib/thumb/libg.a(libc_a-makebuf.o)
                0x0200aea4                __swhatbuf_r
 .text._realloc_r
                0x0200af00      0x344 /opt/devkitpro/devkitARM/bin/../lib/gcc/arm-none-eabi/15.1.0/../../../../arm-none-eabi/lib/thumb/libg.a(libc_a-reallocr.o)
                0x0200af00                _realloc_r
 .text.strncpy  0x0200b244       0x68 /opt/devkitpro/devkitARM/bin/../lib/gcc/arm-none-eabi/15.1.0/../../../../arm-none-eabi/lib/thumb/libg.a(libc_a-strncpy.o)
                0x0200b244                strncpy
 .text._strtoull_l.isra.0
                0x0200b2ac      0x1c0 /opt/devkitpro/devkitARM/bin/../lib/gcc/arm-none-eabi/15.1.0/../../../../arm-none-eabi/lib/thumb/libg.a(libc_a-strtoull.o)
 .text._strtoull_r
                0x0200b46c       0x20 /opt/devkitpro/devkitARM/bin/../lib/gcc/arm-none-eabi/15.1.0/../../../../arm-none-eabi/lib/thumb/libg.a(libc_a-strtoull.o)
                0x0200b46c                _strtoull_r
 .text._wcsrtombs_r
                0x0200b48c       0x20 /opt/devkitpro/devkitARM/bin/../lib/gcc/arm-none-eabi/15.1.0/../../../../arm-none-eabi/lib/thumb/libg.a(libc_a-wcsrtombs.o)
                0x0200b48c                _wcsrtombs_r
 .text._mbrtowc_r
                0x0200b4ac       0x98 /opt/devkitpro/devkitARM/bin/../lib/gcc/arm-none-eabi/15.1.0/../../../../arm-none-eabi/lib/thumb/libg.a(libc_a-mbrtowc.o)
                0x0200b4ac                _mbrtowc_r
 .text.__swsetup_r
                0x0200b544       0xd4 /opt/devkitpro/devkitARM/bin/../lib/gcc/arm-none-eabi/15.1.0/../../../../arm-none-eabi/lib/thumb/libg.a(libc_a-wsetup.o)
                0x0200b544                __swsetup_r
 .text.__sfvwrite_r
                0x0200b618      0x31c /opt/devkitpro/devkitARM/bin/../lib/gcc/arm-none-eabi/15.1.0/../../../../arm-none-eabi/lib/thumb/libg.a(libc_a-fvwrite.o)
                0x0200b618                __sfvwrite_r
 .text.memmove  0x0200b934       0xcc /opt/devkitpro/devkitARM/bin/../lib/gcc/arm-none-eabi/15.1.0/../../../../arm-none-eabi/lib/thumb/libg.a(libc_a-memmove.o)
                0x0200b934                memmove
 .text.iswspace_l
                0x0200ba00       0x28 /opt/devkitpro/devkitARM/bin/../lib/gcc/arm-none-eabi/15.1.0/../../../../arm-none-eabi/lib/thumb/libg.a(libc_a-iswspace_l.o)
                0x0200ba00                iswspace_l
 .text._fclose_r
                0x0200ba28       0xdc /opt/devkitpro/devkitARM/bin/../lib/gcc/arm-none-eabi/15.1.0/../../../../arm-none-eabi/lib/thumb/libg.a(libc_a-fclose.o)
                0x0200ba28                _fclose_r
 .text._strtoll_l.isra.0
                0x0200bb04      0x300 /opt/devkitpro/devkitARM/bin/../lib/gcc/arm-none-eabi/15.1.0/../../../../arm-none-eabi/lib/thumb/libg.a(libc_a-strtoll.o)
 .text._strtoll_r
                0x0200be04       0x20 /opt/devkitpro/devkitARM/bin/../lib/gcc/arm-none-eabi/15.1.0/../../../../arm-none-eabi/lib/thumb/libg.a(libc_a-strtoll.o)
                0x0200be04                _strtoll_r
 .text.__locale_mb_cur_max
                0x0200be24       0x20 /opt/devkitpro/devkitARM/bin/../lib/gcc/arm-none-eabi/15.1.0/../../../../arm-none-eabi/lib/thumb/libg.a(libc_a-locale.o)
                0x0200be24                __locale_mb_cur_max
 .text.__submore
                0x0200be44       0x7c /opt/devkitpro/devkitARM/bin/../lib/gcc/arm-none-eabi/15.1.0/../../../../arm-none-eabi/lib/thumb/libg.a(libc_a-ungetc.o)
                0x0200be44                __submore
 .text._memalign_r
                0x0200bec0      0x118 /opt/devkitpro/devkitARM/bin/../lib/gcc/arm-none-eabi/15.1.0/../../../../arm-none-eabi/lib/thumb/libg.a(libc_a-malignr.o)
                0x0200bec0                _memalign_r
 .text._wcsnrtombs_l
                0x0200bfd8      0x11c /opt/devkitpro/devkitARM/bin/../lib/gcc/arm-none-eabi/15.1.0/../../../../arm-none-eabi/lib/thumb/libg.a(libc_a-wcsnrtombs.o)
                0x0200bfd8                _wcsnrtombs_l
 .text._wcsnrtombs_r
                0x0200c0f4       0x40 /opt/devkitpro/devkitARM/bin/../lib/gcc/arm-none-eabi/15.1.0/../../../../arm-none-eabi/lib/thumb/libg.a(libc_a-wcsnrtombs.o)
                0x0200c0f4                _wcsnrtombs_r
 .text.__utf8_mbtowc
                0x0200c134      0x24c /opt/devkitpro/devkitARM/bin/../lib/gcc/arm-none-eabi/15.1.0/../../../../arm-none-eabi/lib/thumb/libg.a(libc_a-mbtowc_r.o)
                0x0200c134                __utf8_mbtowc
 .text.category
                0x0200c380       0x5c /opt/devkitpro/devkitARM/bin/../lib/gcc/arm-none-eabi/15.1.0/../../../../arm-none-eabi/lib/thumb/libg.a(libc_a-categories.o)
                0x0200c380                category
 .text.__utf8_wctomb
                0x0200c3dc       0xbc /opt/devkitpro/devkitARM/bin/../lib/gcc/arm-none-eabi/15.1.0/../../../../arm-none-eabi/lib/thumb/libg.a(libc_a-wctomb_r.o)
                0x0200c3dc                __utf8_wctomb
 .text._exit    0x0200c498       0x14 /opt/devkitpro/devkitARM/bin/../lib/gcc/arm-none-eabi/15.1.0/../../../../arm-none-eabi/lib/thumb/libsysbase.a(libsysbase_libsysbase_a-_exit.o)
                0x0200c498                _exit
 .text._fstat_r
                0x0200c4ac       0x5c /opt/devkitpro/devkitARM/bin/../lib/gcc/arm-none-eabi/15.1.0/../../../../arm-none-eabi/lib/thumb/libsysbase.a(libsysbase_libsysbase_a-fstat.o)
                0x0200c4ac                _fstat_r
 .text.__getreent
                0x0200c508       0x20 /opt/devkitpro/devkitARM/bin/../lib/gcc/arm-none-eabi/15.1.0/../../../../arm-none-eabi/lib/thumb/libsysbase.a(libsysbase_libsysbase_a-getreent.o)
                0x0200c508                __getreent
 .text._gettimeofday_r
                0x0200c528       0x20 /opt/devkitpro/devkitARM/bin/../lib/gcc/arm-none-eabi/15.1.0/../../../../arm-none-eabi/lib/thumb/libsysbase.a(libsysbase_libsysbase_a-gettod.o)
                0x0200c528                _gettimeofday_r
 .text.__get_handle
                0x0200c548       0x34 /opt/devkitpro/devkitARM/bin/../lib/gcc/arm-none-eabi/15.1.0/../../../../arm-none-eabi/lib/thumb/libsysbase.a(libsysbase_libsysbase_a-handle_manager.o)
                0x0200c548                __get_handle
 .text._close_r
                0x0200c57c       0xb0 /opt/devkitpro/devkitARM/bin/../lib/gcc/arm-none-eabi/15.1.0/../../../../arm-none-eabi/lib/thumb/libsysbase.a(libsysbase_libsysbase_a-handle_manager.o)
                0x0200c57c                _close_r
 .text.null_write
                0x0200c62c        0x4 /opt/devkitpro/devkitARM/bin/../lib/gcc/arm-none-eabi/15.1.0/../../../../arm-none-eabi/lib/thumb/libsysbase.a(libsysbase_libsysbase_a-iosupport.o)
 .text._isatty_r
                0x0200c630        0x4 /opt/devkitpro/devkitARM/bin/../lib/gcc/arm-none-eabi/15.1.0/../../../../arm-none-eabi/lib/thumb/libsysbase.a(libsysbase_libsysbase_a-isatty.o)
                0x0200c630                _isatty_r
 .text._lseek_r
                0x0200c634       0x64 /opt/devkitpro/devkitARM/bin/../lib/gcc/arm-none-eabi/15.1.0/../../../../arm-none-eabi/lib/thumb/libsysbase.a(libsysbase_libsysbase_a-lseek.o)
                0x0200c634                _lseek_r
 .text._read_r  0x0200c698       0x5c /opt/devkitpro/devkitARM/bin/../lib/gcc/arm-none-eabi/15.1.0/../../../../arm-none-eabi/lib/thumb/libsysbase.a(libsysbase_libsysbase_a-read.o)
                0x0200c698                _read_r
 .text._sbrk_r  0x0200c6f4       0x50 /opt/devkitpro/devkitARM/bin/../lib/gcc/arm-none-eabi/15.1.0/../../../../arm-none-eabi/lib/thumb/libsysbase.a(libsysbase_libsysbase_a-sbrk.o)
                0x0200c6f4                _sbrk_r
 .text.__libc_lock_acquire
                0x0200c744       0x18 /opt/devkitpro/devkitARM/bin/../lib/gcc/arm-none-eabi/15.1.0/../../../../arm-none-eabi/lib/thumb/libsysbase.a(libsysbase_libsysbase_a-syscall_support.o)
                0x0200c744                __libc_lock_acquire
 .text.__libc_lock_release
                0x0200c75c       0x18 /opt/devkitpro/devkitARM/bin/../lib/gcc/arm-none-eabi/15.1.0/../../../../arm-none-eabi/lib/thumb/libsysbase.a(libsysbase_libsysbase_a-syscall_support.o)
                0x0200c75c                __libc_lock_release
 .text.__libc_lock_acquire_recursive
                0x0200c774       0x18 /opt/devkitpro/devkitARM/bin/../lib/gcc/arm-none-eabi/15.1.0/../../../../arm-none-eabi/lib/thumb/libsysbase.a(libsysbase_libsysbase_a-syscall_support.o)
                0x0200c774                __libc_lock_acquire_recursive
 .text.__libc_lock_release_recursive
                0x0200c78c       0x18 /opt/devkitpro/devkitARM/bin/../lib/gcc/arm-none-eabi/15.1.0/../../../../arm-none-eabi/lib/thumb/libsysbase.a(libsysbase_libsysbase_a-syscall_support.o)
                0x0200c78c                __libc_lock_release_recursive
 .text._write_r
                0x0200c7a4       0x5c /opt/devkitpro/devkitARM/bin/../lib/gcc/arm-none-eabi/15.1.0/../../../../arm-none-eabi/lib/thumb/libsysbase.a(libsysbase_libsysbase_a-write.o)
                0x0200c7a4                _write_r
 .text          0x0200c800       0x14 /opt/devkitpro/devkitARM/bin/../lib/gcc/arm-none-eabi/15.1.0/thumb/libgcc.a(_thumb1_case_uqi.o)
                0x0200c800                __gnu_thumb1_case_uqi
 .text          0x0200c814       0x14 /opt/devkitpro/devkitARM/bin/../lib/gcc/arm-none-eabi/15.1.0/thumb/libgcc.a(_thumb1_case_uhi.o)
                0x0200c814                __gnu_thumb1_case_uhi
 .text.__muldi3
                0x0200c828       0x58 /opt/devkitpro/devkitARM/bin/../lib/gcc/arm-none-eabi/15.1.0/thumb/libgcc.a(_muldi3.o)
                0x0200c828                __aeabi_lmul
                0x0200c828                __muldi3
 EXCLUDE_FILE(*.twl.*) *(.glue_7t .glue_7 .vfp11_veneer .v4_bx)
 .glue_7        0x0200c880        0x0 linker stubs
 .glue_7t       0x0200c880        0x0 linker stubs
 .vfp11_veneer  0x0200c880        0x0 linker stubs
 .v4_bx         0x0200c880        0x0 linker stubs
 *(SORT_NONE(.fini))
 .fini          0x0200c880        0x4 /opt/devkitpro/devkitARM/bin/../lib/gcc/arm-none-eabi/15.1.0/thumb/crti.o
                0x0200c880                _fini
 .fini          0x0200c884        0x8 /opt/devkitpro/devkitARM/bin/../lib/gcc/arm-none-eabi/15.1.0/thumb/crtn.o
 *fill*         0x0200c88c        0x4 ff
 .fini.__stub   0x0200c890       0x10 linker stubs
 EXCLUDE_FILE(*.twl.*) *(.rodata .rodata.* .gnu.linkonce.r.*)
 .rodata.main.str1.4
                0x0200c8a0      0xd58 main.o
                                0x156 (size before relaxing)
 .rodata.miniFont
                0x0200d5f8       0x1e main.o
                0x0200d5f8                miniFont
 .rodata.str1.4
                0x0200d616      0xb6f main.o
 *fill*         0x0200d616        0x2 ff
 .rodata.allPuzzles
                0x0200d618    0x336e0 main.o
 .rodata.con_write.str1.4
                0x02040cf8       0x30 /opt/devkitpro/libnds/lib/libnds9.a(console.o)
 .rodata.con_write
                0x02040cf8       0xd4 /opt/devkitpro/libnds/lib/libnds9.a(console.o)
 .rodata.str1.4
                0x02040dcc       0x14 /opt/devkitpro/libnds/lib/libnds9.a(console.o)
 .rodata.dotab_stdout
                0x02040dcc       0x80 /opt/devkitpro/libnds/lib/libnds9.a(console.o)
 .rodata.SIN_LUT
                0x02040e4c      0x102 /opt/devkitpro/libnds/lib/libnds9.a(trig.o)
                0x02040e4c                SIN_LUT
 *fill*         0x02040f4e        0x2 ff
 .rodata.default_font_bin
                0x02040f50      0x800 /opt/devkitpro/libnds/lib/libnds9.a(default_font.bin.o)
                0x02040f50                default_font_bin
                0x02041750                default_font_bin_end
 .rodata._vfiprintf_r.str1.1
                0x02041750       0x29 /opt/devkitpro/devkitARM/bin/../lib/gcc/arm-none-eabi/15.1.0/../../../../arm-none-eabi/lib/thumb/libg.a(libc_a-vfiprintf.o)
 *fill*         0x02041779        0x3 ff
 .rodata.zeroes.0
                0x0204177c       0x10 /opt/devkitpro/devkitARM/bin/../lib/gcc/arm-none-eabi/15.1.0/../../../../arm-none-eabi/lib/thumb/libg.a(libc_a-vfiprintf.o)
 .rodata.blanks.1
                0x0204178c       0x10 /opt/devkitpro/devkitARM/bin/../lib/gcc/arm-none-eabi/15.1.0/../../../../arm-none-eabi/lib/thumb/libg.a(libc_a-vfiprintf.o)
 .rodata.basefix.0
                0x0204179c       0x22 /opt/devkitpro/devkitARM/bin/../lib/gcc/arm-none-eabi/15.1.0/../../../../arm-none-eabi/lib/thumb/libg.a(libc_a-svfiscanf.o)
 *fill*         0x020417be        0x2 ff
 .rodata._ctype_
                0x020417c0      0x101 /opt/devkitpro/devkitARM/bin/../lib/gcc/arm-none-eabi/15.1.0/../../../../arm-none-eabi/lib/thumb/libg.a(libc_a-ctype_.o)
                0x020417c0                _ctype_
 *fill*         0x020418c1        0x3 ff
 .rodata.__action_table
                0x020418c4       0x6c /opt/devkitpro/devkitARM/bin/../lib/gcc/arm-none-eabi/15.1.0/../../../../arm-none-eabi/lib/thumb/libg.a(libc_a-svfiprintf.o)
                0x020418c4                __action_table
 .rodata.__state_table
                0x02041930       0x6c /opt/devkitpro/devkitARM/bin/../lib/gcc/arm-none-eabi/15.1.0/../../../../arm-none-eabi/lib/thumb/libg.a(libc_a-svfiprintf.o)
                0x02041930                __state_table
 .rodata.__chclass
                0x0204199c      0x100 /opt/devkitpro/devkitARM/bin/../lib/gcc/arm-none-eabi/15.1.0/../../../../arm-none-eabi/lib/thumb/libg.a(libc_a-svfiprintf.o)
                0x0204199c                __chclass
 .rodata._mbrtowc_r.str1.4
                0x02041a9c        0x1 /opt/devkitpro/devkitARM/bin/../lib/gcc/arm-none-eabi/15.1.0/../../../../arm-none-eabi/lib/thumb/libg.a(libc_a-mbrtowc.o)
 .rodata.str1.4
                0x02041a9c       0x4c /opt/devkitpro/devkitARM/bin/../lib/gcc/arm-none-eabi/15.1.0/../../../../arm-none-eabi/lib/thumb/libg.a(libc_a-locale.o)
 .rodata.categories
                0x02041a9c     0x35dc /opt/devkitpro/devkitARM/bin/../lib/gcc/arm-none-eabi/15.1.0/../../../../arm-none-eabi/lib/thumb/libg.a(libc_a-categories.o)
 .rodata.AddDevice.str1.4
                0x02045078        0x8 /opt/devkitpro/devkitARM/bin/../lib/gcc/arm-none-eabi/15.1.0/../../../../arm-none-eabi/lib/thumb/libsysbase.a(libsysbase_libsysbase_a-iosupport.o)
 .rodata.dotab_stdnull
                0x02045078       0x80 /opt/devkitpro/devkitARM/bin/../lib/gcc/arm-none-eabi/15.1.0/../../../../arm-none-eabi/lib/thumb/libsysbase.a(libsysbase_libsysbase_a-iosupport.o)
                0x02045078                dotab_stdnull
 EXCLUDE_FILE(*.twl.*) *(.rodata1)
                0x020450f8                        . = ALIGN (0x4)

.main.rw        0x020450f8     0x1850 load address 0x0204912c
 EXCLUDE_FILE(*.twl.*) *(.data .data.* .gnu.linkonce.d.*)
 .data.soundChannel
                0x020450f8        0x4 main.o
                0x020450f8                soundChannel
 .data.bgTransform
                0x020450fc       0x20 /opt/devkitpro/libnds/lib/libnds9.a(background.o)
                0x020450fc                bgTransform
 .data.bgScrollTable
                0x0204511c       0x20 /opt/devkitpro/libnds/lib/libnds9.a(background.o)
                0x0204511c                bgScrollTable
 .data.bgControl
                0x0204513c       0x20 /opt/devkitpro/libnds/lib/libnds9.a(background.o)
                0x0204513c                bgControl
 .data.firstConsoleInit.0
                0x0204515c        0x1 /opt/devkitpro/libnds/lib/libnds9.a(console.o)
 *fill*         0x0204515d        0x3 ff
 .data.currentConsole
                0x02045160        0x4 /opt/devkitpro/libnds/lib/libnds9.a(console.o)
                0x02045160                currentConsole
 .data.defaultConsole
                0x02045164       0x5c /opt/devkitpro/libnds/lib/libnds9.a(console.o)
                0x02045164                defaultConsole
 .data.count    0x020451c0        0x1 /opt/devkitpro/libnds/lib/libnds9.a(keys.o)
 .data.repeat   0x020451c1        0x1 /opt/devkitpro/libnds/lib/libnds9.a(keys.o)
 .data.delay    0x020451c2        0x1 /opt/devkitpro/libnds/lib/libnds9.a(keys.o)
 *fill*         0x020451c3        0x1 ff
 .data.__malloc_sbrk_base
                0x020451c4        0x4 /opt/devkitpro/devkitARM/bin/../lib/gcc/arm-none-eabi/15.1.0/../../../../arm-none-eabi/lib/thumb/libg.a(libc_a-mallocr.o)
                0x020451c4                __malloc_sbrk_base
 .data.__malloc_trim_threshold
                0x020451c8        0x4 /opt/devkitpro/devkitARM/bin/../lib/gcc/arm-none-eabi/15.1.0/../../../../arm-none-eabi/lib/thumb/libg.a(libc_a-mallocr.o)
                0x020451c8                __malloc_trim_threshold
 *fill*         0x020451cc        0x4 ff
 .data.__malloc_av_
                0x020451d0      0x408 /opt/devkitpro/devkitARM/bin/../lib/gcc/arm-none-eabi/15.1.0/../../../../arm-none-eabi/lib/thumb/libg.a(libc_a-mallocr.o)
                0x020451d0                __malloc_av_
 .data.__sglue  0x020455d8        0xc /opt/devkitpro/devkitARM/bin/../lib/gcc/arm-none-eabi/15.1.0/../../../../arm-none-eabi/lib/thumb/libg.a(libc_a-findfp.o)
                0x020455d8                __sglue
 .data._impure_ptr
                0x020455e4        0x4 /opt/devkitpro/devkitARM/bin/../lib/gcc/arm-none-eabi/15.1.0/../../../../arm-none-eabi/lib/thumb/libg.a(libc_a-impure.o)
                0x020455e4                _impure_ptr
 .data._impure_data
                0x020455e8      0x140 /opt/devkitpro/devkitARM/bin/../lib/gcc/arm-none-eabi/15.1.0/../../../../arm-none-eabi/lib/thumb/libg.a(libc_a-impure.o)
                0x020455e8                _impure_data
 .data.__global_locale
                0x02045728      0x16c /opt/devkitpro/devkitARM/bin/../lib/gcc/arm-none-eabi/15.1.0/../../../../arm-none-eabi/lib/thumb/libg.a(libc_a-locale.o)
                0x02045728                __global_locale
 *fill*         0x02045894        0x4 ff
 .data.handles  0x02045898     0x1000 /opt/devkitpro/devkitARM/bin/../lib/gcc/arm-none-eabi/15.1.0/../../../../arm-none-eabi/lib/thumb/libsysbase.a(libsysbase_libsysbase_a-handle_manager.o)
 .data.__stderr_handle
                0x02046898        0xc /opt/devkitpro/devkitARM/bin/../lib/gcc/arm-none-eabi/15.1.0/../../../../arm-none-eabi/lib/thumb/libsysbase.a(libsysbase_libsysbase_a-handle_manager.o)
 .data.__stdout_handle
                0x020468a4        0xc /opt/devkitpro/devkitARM/bin/../lib/gcc/arm-none-eabi/15.1.0/../../../../arm-none-eabi/lib/thumb/libsysbase.a(libsysbase_libsysbase_a-handle_manager.o)
 .data.__stdin_handle
                0x020468b0        0xc /opt/devkitpro/devkitARM/bin/../lib/gcc/arm-none-eabi/15.1.0/../../../../arm-none-eabi/lib/thumb/libsysbase.a(libsysbase_libsysbase_a-handle_manager.o)
 .data.devoptab_list
                0x020468bc       0x8c /opt/devkitpro/devkitARM/bin/../lib/gcc/arm-none-eabi/15.1.0/../../../../arm-none-eabi/lib/thumb/libsysbase.a(libsysbase_libsysbase_a-iosupport.o)
                0x020468bc                devoptab_list
 EXCLUDE_FILE(*.twl.*) *(.data1)
 EXCLUDE_FILE(*.twl.*) *(.igot.plt)
 .igot.plt      0x02046948        0x0 /opt/devkitpro/devkitARM/bin/../lib/gcc/arm-none-eabi/15.1.0/thumb/crtbegin.o
                0x02046948                        . = ALIGN (0x4)

.ARM.extab
 *(.ARM.extab* .gnu.linkonce.armextab.*)

.ARM.exidx      0x02046948        0x0 load address 0x0204a97c
 *(.ARM.exidx* .gnu.linkonce.armexidx.*)
                [!provide]                        PROVIDE (__exidx_start = ADDR (.ARM.exidx))
                [!provide]                        PROVIDE (__exidx_end = (ADDR (.ARM.exidx) + SIZEOF (.ARM.exidx)))

.eh_frame_hdr
 *(.eh_frame_hdr)
 *(.eh_frame_entry .eh_frame_entry.*)

.eh_frame       0x02046948        0x4 load address 0x0204a97c
 *(.eh_frame)
 .eh_frame      0x02046948        0x0 /opt/devkitpro/devkitARM/bin/../lib/gcc/arm-none-eabi/15.1.0/thumb/crtbegin.o
 .eh_frame      0x02046948        0x4 /opt/devkitpro/devkitARM/bin/../lib/gcc/arm-none-eabi/15.1.0/thumb/crtend.o
 *(.eh_frame.*)

.gcc_except_table
 *(.gcc_except_table .gcc_except_table.*)

.gnu_extab
 *(.gnu_extab*)

.tinfo          0x0204694c        0xc load address 0x0204a980
                0x0204694c        0x4 LONG 0x2046968 __tls_start
                0x02046950        0x4 LONG 0x0 SIZEOF (.main.tls)
                0x02046954        0x4 LONG 0x0 SIZEOF (.tdata)
                0x0204694c                        PROVIDE (__tls_info = ADDR (.tinfo))

.preinit_array  0x02046958        0x0 load address 0x0204a98c
                0x02046958                        PROVIDE (__preinit_array_start = .)
 *(.preinit_array)
                0x02046958                        PROVIDE (__preinit_array_end = .)

.init_array     0x02046958        0x8 load address 0x0204a98c
                0x02046958                        PROVIDE (__init_array_start = .)
 *(SORT_BY_INIT_PRIORITY(.init_array.*) SORT_BY_INIT_PRIORITY(.ctors.*))
 *(.init_array .ctors)
 .init_array    0x02046958        0x4 /opt/devkitpro/devkitARM/bin/../lib/gcc/arm-none-eabi/15.1.0/thumb/crtbegin.o
 .init_array    0x0204695c        0x4 /opt/devkitpro/libnds/lib/libnds9.a(sound.o)
                0x02046960                        PROVIDE (__init_array_end = .)

.fini_array     0x02046960        0x4 load address 0x0204a994
                0x02046960                        PROVIDE (__fini_array_start = .)
 *(SORT_BY_INIT_PRIORITY(.fini_array.*) SORT_BY_INIT_PRIORITY(.dtors.*))
 *(.fini_array .dtors)
 .fini_array    0x02046960        0x4 /opt/devkitpro/devkitARM/bin/../lib/gcc/arm-none-eabi/15.1.0/thumb/crtbegin.o
                0x02046964                        PROVIDE (__fini_array_end = .)
                [!provide]                        PROVIDE (__main_lma = LOADADDR (.main))
                0x020013c0                        PROVIDE (__main_start = ADDR (.main))
                0x02046964                        PROVIDE (__main_end = (ADDR (.fini_array) + SIZEOF (.fini_array)))

.tdata          0x00000000        0x0 load address 0x0204a998
 *(.tdata .tdata.* .gnu.linkonce.td.*)
                0x00000000                        . = ALIGN (0x4)

.tbss           0x00000000        0x0 load address 0x0204a998
 *(.tbss .tbss.* .gnu.linkonce.tb.*)
 *(.tcommon)
                0x00000000                        . = ALIGN (0x4)
                0x00000001                        ASSERT (((ALIGNOF (.tdata) <= 0x8) || (ALIGNOF (.tbss) <= 0x8)), Error: TLS is overaligned (up to 8-byte alignment is supported))
                0x00000001                        ASSERT (((ADDR (.tbss) + SIZEOF (.tbss)) <= (ORIGIN (tls) + LENGTH (tls))), Error: TLS section too large)

.main.tls       0x02046968        0x0
                0x02046968                        . = (. + ((ADDR (.tbss) + SIZEOF (.tbss)) - ADDR (.tdata)))
                [!provide]                        PROVIDE (__tls_lma = LOADADDR (.tdata))
                0x02046968                        PROVIDE (__tls_start = ADDR (.main.tls))
                0x02046968                        PROVIDE (__tls_end = (ADDR (.main.tls) + SIZEOF (.tdata)))

.main.bss       0x02046968     0x2edc
 EXCLUDE_FILE(*.twl.*) *(.dynbss)
 EXCLUDE_FILE(*.twl.*) *(.bss .bss.* .gnu.linkonce.b.*)
 .bss.completed.1
                0x02046968        0x1 /opt/devkitpro/devkitARM/bin/../lib/gcc/arm-none-eabi/15.1.0/thumb/crtbegin.o
 *fill*         0x02046969        0x3 
 .bss.object.0  0x0204696c       0x18 /opt/devkitpro/devkitARM/bin/../lib/gcc/arm-none-eabi/15.1.0/thumb/crtbegin.o
 .bss.soundTimer
                0x02046984        0x4 main.o
                0x02046984                soundTimer
 .bss.bagIndex  0x02046988        0x4 main.o
                0x02046988                bagIndex
 *fill*         0x0204698c        0x4 
 .bss.puzzleBag
                0x02046990      0xfa0 main.o
                0x02046990                puzzleBag
 .bss.dragType  0x02047930        0x4 main.o
                0x02047930                dragType
 .bss.isDragging
                0x02047934        0x1 main.o
                0x02047934                isDragging
 *fill*         0x02047935        0x3 
 .bss.colClues  0x02047938      0x21c main.o
                0x02047938                colClues
 .bss.rowClues  0x02047b54      0x21c main.o
                0x02047b54                rowClues
 .bss.colDone   0x02047d70        0xf main.o
                0x02047d70                colDone
 *fill*         0x02047d7f        0x1 
 .bss.rowDone   0x02047d80        0xf main.o
                0x02047d80                rowDone
 .bss.gameWon   0x02047d8f        0x1 main.o
                0x02047d8f                gameWon
 .bss.playerGrid
                0x02047d90      0x384 main.o
                0x02047d90                playerGrid
 .bss.currentPuzzleIndex
                0x02048114        0x4 main.o
                0x02048114                currentPuzzleIndex
 .bss.videoBuffer
                0x02048118        0x4 main.o
                0x02048118                videoBuffer
 .bss.fireworksActive
                0x0204811c        0x1 main.o
                0x0204811c                fireworksActive
 *fill*         0x0204811d        0x3 
 .bss.particles
                0x02048120      0xe10 main.o
                0x02048120                particles
 .bss.bgIsTextLut
                0x02048f30        0x8 /opt/devkitpro/libnds/lib/libnds9.a(background.o)
                0x02048f30                bgIsTextLut
 .bss.bgState   0x02048f38      0x140 /opt/devkitpro/libnds/lib/libnds9.a(background.o)
                0x02048f38                bgState
 .bss.currentCopy
                0x02049078       0x5c /opt/devkitpro/libnds/lib/libnds9.a(console.o)
                0x02049078                currentCopy
 .bss.keysrepeat
                0x020490d4        0x2 /opt/devkitpro/libnds/lib/libnds9.a(keys.o)
 *fill*         0x020490d6        0x2 
 .bss.s_keypad  0x020490d8        0x4 /opt/devkitpro/libnds/lib/libnds9.a(keys.o)
 .bss.s_sleepThreads
                0x020490dc        0x8 /opt/devkitpro/calico/lib/libcalico_ds9.a(thread_cold.o)
 .bss.s_joinThreads
                0x020490e4        0x8 /opt/devkitpro/calico/lib/libcalico_ds9.a(thread_cold.o)
 .bss.s_idleThread
                0x020490ec       0x70 /opt/devkitpro/calico/lib/libcalico_ds9.a(thread_cold.o)
 .bss.s_mainThread
                0x0204915c       0x70 /opt/devkitpro/calico/lib/libcalico_ds9.a(thread_cold.o)
 .bss.s_soundPxiCredits
                0x020491cc        0x2 /opt/devkitpro/calico/lib/libcalico_ds9.a(sound.o)
 *fill*         0x020491ce        0x2 
 .bss.s_soundPxiCreditWaitList
                0x020491d0        0x8 /opt/devkitpro/calico/lib/libcalico_ds9.a(sound.o)
 .bss.s_soundAutoUpdate
                0x020491d8        0x1 /opt/devkitpro/calico/lib/libcalico_ds9.a(sound.o)
 .bss.s_soundInit
                0x020491d9        0x1 /opt/devkitpro/calico/lib/libcalico_ds9.a(sound.o)
 *fill*         0x020491da        0x2 
 .bss.s_firstTask
                0x020491dc        0x4 /opt/devkitpro/calico/lib/libcalico_ds9.a(tick.o)
 .bss.s_highTickCount
                0x020491e0        0x8 /opt/devkitpro/calico/lib/libcalico_ds9.a(tick.o)
 .bss.s_tickInit
                0x020491e8        0x1 /opt/devkitpro/calico/lib/libcalico_ds9.a(tick.o)
 *fill*         0x020491e9        0x3 
 .bss.s_mailboxRecvQueue
                0x020491ec        0x8 /opt/devkitpro/calico/lib/libcalico_ds9.a(mailbox.o)
 .bss.s_defaultErrno.0
                0x020491f4        0x4 /opt/devkitpro/calico/lib/libcalico_ds9.a(newlib_syscalls.o)
 .bss.__stacksize__
                0x020491f8        0x4 /opt/devkitpro/calico/lib/libcalico_ds9.a(startup.crt0.o)
                0x020491f8                __stacksize__
 .bss.g_isTwlMode
                0x020491fc        0x1 /opt/devkitpro/calico/lib/libcalico_ds9.a(startup.crt0.o)
                0x020491fc                g_isTwlMode
 *fill*         0x020491fd        0x3 
 .bss.s_pxiChannels
                0x02049200      0x1f0 /opt/devkitpro/calico/lib/libcalico_ds9.a(pxi.o)
 .bss.s_pxiRecvState
                0x020493f0        0x4 /opt/devkitpro/calico/lib/libcalico_ds9.a(pxi.o)
 .bss.s_pxiRecvQueue
                0x020493f4        0x8 /opt/devkitpro/calico/lib/libcalico_ds9.a(pxi.o)
 .bss.s_pxiSendMutex
                0x020493fc        0x4 /opt/devkitpro/calico/lib/libcalico_ds9.a(pxi.o)
 .bss.s_pmPxiThreadStack
                0x02049400      0x200 /opt/devkitpro/calico/lib/libcalico_ds9.a(pm.o)
 .bss.s_pmPxiThread
                0x02049600       0x70 /opt/devkitpro/calico/lib/libcalico_ds9.a(pm.o)
 .bss.s_pmState
                0x02049670        0x8 /opt/devkitpro/calico/lib/libcalico_ds9.a(pm.o)
 .bss.__malloc_current_mallinfo
                0x02049678       0x28 /opt/devkitpro/devkitARM/bin/../lib/gcc/arm-none-eabi/15.1.0/../../../../arm-none-eabi/lib/thumb/libg.a(libc_a-mallocr.o)
                0x02049678                __malloc_current_mallinfo
 .bss.__malloc_max_total_mem
                0x020496a0        0x4 /opt/devkitpro/devkitARM/bin/../lib/gcc/arm-none-eabi/15.1.0/../../../../arm-none-eabi/lib/thumb/libg.a(libc_a-mallocr.o)
                0x020496a0                __malloc_max_total_mem
 .bss.__malloc_max_sbrked_mem
                0x020496a4        0x4 /opt/devkitpro/devkitARM/bin/../lib/gcc/arm-none-eabi/15.1.0/../../../../arm-none-eabi/lib/thumb/libg.a(libc_a-mallocr.o)
                0x020496a4                __malloc_max_sbrked_mem
 .bss.__malloc_top_pad
                0x020496a8        0x4 /opt/devkitpro/devkitARM/bin/../lib/gcc/arm-none-eabi/15.1.0/../../../../arm-none-eabi/lib/thumb/libg.a(libc_a-mallocr.o)
                0x020496a8                __malloc_top_pad
 .bss.__malloc_recursive_mutex
                0x020496ac        0xc /opt/devkitpro/devkitARM/bin/../lib/gcc/arm-none-eabi/15.1.0/../../../../arm-none-eabi/lib/thumb/libg.a(libc_a-mlock.o)
 .bss.__sfp_recursive_mutex
                0x020496b8        0xc /opt/devkitpro/devkitARM/bin/../lib/gcc/arm-none-eabi/15.1.0/../../../../arm-none-eabi/lib/thumb/libg.a(libc_a-findfp.o)
 *fill*         0x020496c4        0x4 
 .bss.__sf      0x020496c8      0x168 /opt/devkitpro/devkitARM/bin/../lib/gcc/arm-none-eabi/15.1.0/../../../../arm-none-eabi/lib/thumb/libg.a(libc_a-findfp.o)
                0x020496c8                __sf
 .bss.__stdio_exit_handler
                0x02049830        0x4 /opt/devkitpro/devkitARM/bin/../lib/gcc/arm-none-eabi/15.1.0/../../../../arm-none-eabi/lib/thumb/libg.a(libc_a-findfp.o)
                0x02049830                __stdio_exit_handler
 .bss.__hndl_lock
                0x02049834        0x4 /opt/devkitpro/devkitARM/bin/../lib/gcc/arm-none-eabi/15.1.0/../../../../arm-none-eabi/lib/thumb/libsysbase.a(libsysbase_libsysbase_a-handle_manager.o)
 .bss.fake_heap_start
                0x02049838        0x4 /opt/devkitpro/devkitARM/bin/../lib/gcc/arm-none-eabi/15.1.0/../../../../arm-none-eabi/lib/thumb/libsysbase.a(libsysbase_libsysbase_a-malloc_vars.o)
                0x02049838                fake_heap_start
 .bss.fake_heap_end
                0x0204983c        0x4 /opt/devkitpro/devkitARM/bin/../lib/gcc/arm-none-eabi/15.1.0/../../../../arm-none-eabi/lib/thumb/libsysbase.a(libsysbase_libsysbase_a-malloc_vars.o)
                0x0204983c                fake_heap_end
 .bss.heap_start.0
                0x02049840        0x4 /opt/devkitpro/devkitARM/bin/../lib/gcc/arm-none-eabi/15.1.0/../../../../arm-none-eabi/lib/thumb/libsysbase.a(libsysbase_libsysbase_a-sbrk.o)
 EXCLUDE_FILE(*.twl.*) *(COMMON)
                0x02049844                        . = ALIGN (0x4)
                [!provide]                        PROVIDE (__main_bss_start = ADDR (.main.bss))
                0x02049844                        PROVIDE (__main_bss_end = (ADDR (.main.bss) + SIZEOF (.main.bss)))
                0x02049844                        . = .
                0x02049844                        PROVIDE (__heap_start_ntr = .)
                0x00000001                        ASSERT ((. <= 0x2380000), Error: DS-mode sections overflow DS ARM9 memory size (3.5 MB))

.twl            0x02049860        0x0 load address 0x02400000
 *(.twl .twl.*)
 *.twl.*(.text .stub .text.* .gnu.linkonce.t.*)
 *.twl.*(.glue_7t .glue_7 .vfp11_veneer .v4_bx)
 *.twl.*(.rodata .rodata.* .gnu.linkonce.r.*)
 *.twl.*(.rodata1)
                0x02049860                        . = ALIGN (0x4)

.twl.rw         0x02049860        0x0 load address 0x02400000
 *.twl.*(.data .data.* .gnu.linkonce.d.*)
 *.twl.*(.data1)
                0x02049860                        . = ALIGN (0x4)
                0x02400000                        PROVIDE (__twl_lma = LOADADDR (.twl))
                0x02049860                        PROVIDE (__twl_start = ADDR (.twl))
                0x02049860                        PROVIDE (__twl_end = (ADDR (.twl.rw) + SIZEOF (.twl.rw)))

.twl.bss        0x02049860        0x0 load address 0x02400000
 *(.twl_bss .twl_bss.*)
 *.twl.*(.dynbss)
 *.twl.*(.bss .bss.* .gnu.linkonce.b.*)
 *.twl.*(COMMON)
                0x02049860                        . = ALIGN (0x4)
                [!provide]                        PROVIDE (__twl_bss_start = ADDR (.twl.bss))
                0x02049860                        PROVIDE (__twl_bss_end = (ADDR (.twl.bss) + SIZEOF (.twl.bss)))
                0x02049860                        . = .
                0x02049860                        PROVIDE (__heap_start_twl = .)

.loadlist       0x0e000998       0x30 load address 0x0204a998
                0x0e000998        0x4 LONG 0x1ff8000 __itcm_start
                0x0e00099c        0x4 LONG 0x1ff869c __itcm_end
                0x0e0009a0        0x4 LONG 0x1ff869c __itcm_end
                0x0e0009a4        0x4 LONG 0x2ff0000 __dtcm_start
                0x0e0009a8        0x4 LONG 0x2ff0000 __dtcm_end
                0x0e0009ac        0x4 LONG 0x2ff0098 __dtcm_bss_end
                0x0e0009b0        0x4 LONG 0x20013c0 __main_start
                0x0e0009b4        0x4 LONG 0x2046964 __main_end
                0x0e0009b8        0x4 LONG 0x2046964 __main_end
                0x0e0009bc        0x4 LONG 0x2046968 __tls_start
                0x0e0009c0        0x4 LONG 0x2046968 __tls_end
                0x0e0009c4        0x4 LONG 0x2049844 __main_bss_end
                0x02004d58                        PROVIDE (__loadlist_lma = __itcm_lma)
                0x0204a998                        PROVIDE (__loadlist_start = LOADADDR (.loadlist))
                0x0204a9c8                        PROVIDE (__loadlist_end = (LOADADDR (.loadlist) + SIZEOF (.loadlist)))

.twl.loadlist   0x0e0009c8        0xc load address 0x02400000
                0x0e0009c8        0x4 LONG 0x2049860 __twl_start
                0x0e0009cc        0x4 LONG 0x2049860 __twl_end
                0x0e0009d0        0x4 LONG 0x2049860 __twl_bss_end
                0x02400000                        PROVIDE (__twl_loadlist_lma = __twl_lma)
                0x02400000                        PROVIDE (__twl_loadlist_start = LOADADDR (.twl.loadlist))
                0x0240000c                        PROVIDE (__twl_loadlist_end = (LOADADDR (.twl.loadlist) + SIZEOF (.twl.loadlist)))

.rel.dyn        0x0e0009d4        0x0 load address 0x0240000c
 .rel.iplt      0x0e0009d4        0x0 /opt/devkitpro/devkitARM/bin/../lib/gcc/arm-none-eabi/15.1.0/thumb/crtbegin.o

.stab
 *(.stab)

.stabstr
 *(.stabstr)

.stab.excl
 *(.stab.excl)

.stab.exclstr
 *(.stab.exclstr)

.stab.index
 *(.stab.index)

.stab.indexstr
 *(.stab.indexstr)

.comment        0x00000000       0x23
 *(.comment)
 .comment       0x00000000       0x23 /opt/devkitpro/devkitARM/bin/../lib/gcc/arm-none-eabi/15.1.0/thumb/crtbegin.o
                                 0x24 (size before relaxing)
 .comment       0x00000023       0x24 main.o
 .comment       0x00000023       0x24 /opt/devkitpro/libnds/lib/libnds9.a(background.o)
 .comment       0x00000023       0x24 /opt/devkitpro/libnds/lib/libnds9.a(console.o)
 .comment       0x00000023       0x24 /opt/devkitpro/libnds/lib/libnds9.a(keys.o)
 .comment       0x00000023       0x24 /opt/devkitpro/libnds/lib/libnds9.a(sound.o)
 .comment       0x00000023       0x24 /opt/devkitpro/libnds/lib/libnds9.a(trig.o)
 .comment       0x00000023       0x24 /opt/devkitpro/calico/lib/libcalico_ds9.a(thread_cold.o)
 .comment       0x00000023       0x24 /opt/devkitpro/calico/lib/libcalico_ds9.a(thread_hot.32.o)
 .comment       0x00000023       0x24 /opt/devkitpro/calico/lib/libcalico_ds9.a(arm-shims.32.o)
 .comment       0x00000023       0x24 /opt/devkitpro/calico/lib/libcalico_ds9.a(keypad.o)
 .comment       0x00000023       0x24 /opt/devkitpro/calico/lib/libcalico_ds9.a(touch.o)
 .comment       0x00000023       0x24 /opt/devkitpro/calico/lib/libcalico_ds9.a(sound.o)
 .comment       0x00000023       0x24 /opt/devkitpro/calico/lib/libcalico_ds9.a(mic.o)
 .comment       0x00000023       0x24 /opt/devkitpro/calico/lib/libcalico_ds9.a(tick.o)
 .comment       0x00000023       0x24 /opt/devkitpro/calico/lib/libcalico_ds9.a(mailbox.o)
 .comment       0x00000023       0x24 /opt/devkitpro/calico/lib/libcalico_ds9.a(newlib_syscalls.o)
 .comment       0x00000023       0x24 /opt/devkitpro/calico/lib/libcalico_ds9.a(startup.crt0.o)
 .comment       0x00000023       0x24 /opt/devkitpro/calico/lib/libcalico_ds9.a(pxi.o)
 .comment       0x00000023       0x24 /opt/devkitpro/calico/lib/libcalico_ds9.a(sys_startup.o)
 .comment       0x00000023       0x24 /opt/devkitpro/calico/lib/libcalico_ds9.a(irq.o)
 .comment       0x00000023       0x24 /opt/devkitpro/calico/lib/libcalico_ds9.a(mutex.o)
 .comment       0x00000023       0x24 /opt/devkitpro/calico/lib/libcalico_ds9.a(pm.o)
 .comment       0x00000023       0x24 /opt/devkitpro/devkitARM/bin/../lib/gcc/arm-none-eabi/15.1.0/thumb/libgcc.a(_udivmoddi4.o)
 .comment       0x00000023       0x24 /opt/devkitpro/devkitARM/bin/../lib/gcc/arm-none-eabi/15.1.0/../../../../arm-none-eabi/lib/thumb/libg.a(libc_a-rand.o)
 .comment       0x00000023       0x24 /opt/devkitpro/devkitARM/bin/../lib/gcc/arm-none-eabi/15.1.0/../../../../arm-none-eabi/lib/thumb/libg.a(libc_a-init.o)
 .comment       0x00000023       0x24 /opt/devkitpro/devkitARM/bin/../lib/gcc/arm-none-eabi/15.1.0/../../../../arm-none-eabi/lib/thumb/libg.a(libc_a-siscanf.o)
 .comment       0x00000023       0x24 /opt/devkitpro/devkitARM/bin/../lib/gcc/arm-none-eabi/15.1.0/../../../../arm-none-eabi/lib/thumb/libg.a(libc_a-mallocr.o)
 .comment       0x00000023       0x24 /opt/devkitpro/devkitARM/bin/../lib/gcc/arm-none-eabi/15.1.0/../../../../arm-none-eabi/lib/thumb/libg.a(libc_a-freer.o)
 .comment       0x00000023       0x24 /opt/devkitpro/devkitARM/bin/../lib/gcc/arm-none-eabi/15.1.0/../../../../arm-none-eabi/lib/thumb/libg.a(libc_a-time.o)
 .comment       0x00000023       0x24 /opt/devkitpro/devkitARM/bin/../lib/gcc/arm-none-eabi/15.1.0/../../../../arm-none-eabi/lib/thumb/libg.a(libc_a-memset.o)
 .comment       0x00000023       0x24 /opt/devkitpro/devkitARM/bin/../lib/gcc/arm-none-eabi/15.1.0/../../../../arm-none-eabi/lib/thumb/libg.a(libc_a-mlock.o)
 .comment       0x00000023       0x24 /opt/devkitpro/devkitARM/bin/../lib/gcc/arm-none-eabi/15.1.0/../../../../arm-none-eabi/lib/thumb/libg.a(libc_a-exit.o)
 .comment       0x00000023       0x24 /opt/devkitpro/devkitARM/bin/../lib/gcc/arm-none-eabi/15.1.0/../../../../arm-none-eabi/lib/thumb/libg.a(libc_a-setvbuf.o)
 .comment       0x00000023       0x24 /opt/devkitpro/devkitARM/bin/../lib/gcc/arm-none-eabi/15.1.0/../../../../arm-none-eabi/lib/thumb/libg.a(libc_a-memcpy-stub.o)
 .comment       0x00000023       0x24 /opt/devkitpro/devkitARM/bin/../lib/gcc/arm-none-eabi/15.1.0/../../../../arm-none-eabi/lib/thumb/libg.a(libc_a-iprintf.o)
 .comment       0x00000023       0x24 /opt/devkitpro/devkitARM/bin/../lib/gcc/arm-none-eabi/15.1.0/../../../../arm-none-eabi/lib/thumb/libg.a(libc_a-stdio.o)
 .comment       0x00000023       0x24 /opt/devkitpro/devkitARM/bin/../lib/gcc/arm-none-eabi/15.1.0/../../../../arm-none-eabi/lib/thumb/libg.a(libc_a-vfiprintf.o)
 .comment       0x00000023       0x24 /opt/devkitpro/devkitARM/bin/../lib/gcc/arm-none-eabi/15.1.0/../../../../arm-none-eabi/lib/thumb/libg.a(libc_a-strlen.o)
 .comment       0x00000023       0x24 /opt/devkitpro/devkitARM/bin/../lib/gcc/arm-none-eabi/15.1.0/../../../../arm-none-eabi/lib/thumb/libg.a(libc_a-svfiscanf.o)
 .comment       0x00000023       0x24 /opt/devkitpro/devkitARM/bin/../lib/gcc/arm-none-eabi/15.1.0/../../../../arm-none-eabi/lib/thumb/libg.a(libc_a-findfp.o)
 .comment       0x00000023       0x24 /opt/devkitpro/devkitARM/bin/../lib/gcc/arm-none-eabi/15.1.0/../../../../arm-none-eabi/lib/thumb/libg.a(libc_a-strtoul.o)
 .comment       0x00000023       0x24 /opt/devkitpro/devkitARM/bin/../lib/gcc/arm-none-eabi/15.1.0/../../../../arm-none-eabi/lib/thumb/libg.a(libc_a-fwalk.o)
 .comment       0x00000023       0x24 /opt/devkitpro/devkitARM/bin/../lib/gcc/arm-none-eabi/15.1.0/../../../../arm-none-eabi/lib/thumb/libg.a(libc_a-sprint_r.o)
 .comment       0x00000023       0x24 /opt/devkitpro/devkitARM/bin/../lib/gcc/arm-none-eabi/15.1.0/../../../../arm-none-eabi/lib/thumb/libg.a(libc_a-iswspace.o)
 .comment       0x00000023       0x24 /opt/devkitpro/devkitARM/bin/../lib/gcc/arm-none-eabi/15.1.0/../../../../arm-none-eabi/lib/thumb/libg.a(libc_a-localeconv.o)
 .comment       0x00000023       0x24 /opt/devkitpro/devkitARM/bin/../lib/gcc/arm-none-eabi/15.1.0/../../../../arm-none-eabi/lib/thumb/libg.a(libc_a-realloc.o)
 .comment       0x00000023       0x24 /opt/devkitpro/devkitARM/bin/../lib/gcc/arm-none-eabi/15.1.0/../../../../arm-none-eabi/lib/thumb/libg.a(libc_a-memchr-stub.o)
 .comment       0x00000023       0x24 /opt/devkitpro/devkitARM/bin/../lib/gcc/arm-none-eabi/15.1.0/../../../../arm-none-eabi/lib/thumb/libg.a(libc_a-wcrtomb.o)
 .comment       0x00000023       0x24 /opt/devkitpro/devkitARM/bin/../lib/gcc/arm-none-eabi/15.1.0/../../../../arm-none-eabi/lib/thumb/libg.a(libc_a-strtol.o)
 .comment       0x00000023       0x24 /opt/devkitpro/devkitARM/bin/../lib/gcc/arm-none-eabi/15.1.0/../../../../arm-none-eabi/lib/thumb/libg.a(libc_a-fini.o)
 .comment       0x00000023       0x24 /opt/devkitpro/devkitARM/bin/../lib/gcc/arm-none-eabi/15.1.0/../../../../arm-none-eabi/lib/thumb/libg.a(libc_a-malloc.o)
 .comment       0x00000023       0x24 /opt/devkitpro/devkitARM/bin/../lib/gcc/arm-none-eabi/15.1.0/../../../../arm-none-eabi/lib/thumb/libg.a(libc_a-sccl.o)
 .comment       0x00000023       0x24 /opt/devkitpro/devkitARM/bin/../lib/gcc/arm-none-eabi/15.1.0/../../../../arm-none-eabi/lib/thumb/libg.a(libc_a-fflush.o)
 .comment       0x00000023       0x24 /opt/devkitpro/devkitARM/bin/../lib/gcc/arm-none-eabi/15.1.0/../../../../arm-none-eabi/lib/thumb/libg.a(libc_a-ctype_.o)
 .comment       0x00000023       0x24 /opt/devkitpro/devkitARM/bin/../lib/gcc/arm-none-eabi/15.1.0/../../../../arm-none-eabi/lib/thumb/libg.a(libc_a-makebuf.o)
 .comment       0x00000023       0x24 /opt/devkitpro/devkitARM/bin/../lib/gcc/arm-none-eabi/15.1.0/../../../../arm-none-eabi/lib/thumb/libg.a(libc_a-reallocr.o)
 .comment       0x00000023       0x24 /opt/devkitpro/devkitARM/bin/../lib/gcc/arm-none-eabi/15.1.0/../../../../arm-none-eabi/lib/thumb/libg.a(libc_a-impure.o)
 .comment       0x00000023       0x24 /opt/devkitpro/devkitARM/bin/../lib/gcc/arm-none-eabi/15.1.0/../../../../arm-none-eabi/lib/thumb/libg.a(libc_a-strncpy.o)
 .comment       0x00000023       0x24 /opt/devkitpro/devkitARM/bin/../lib/gcc/arm-none-eabi/15.1.0/../../../../arm-none-eabi/lib/thumb/libg.a(libc_a-strtoull.o)
 .comment       0x00000023       0x24 /opt/devkitpro/devkitARM/bin/../lib/gcc/arm-none-eabi/15.1.0/../../../../arm-none-eabi/lib/thumb/libg.a(libc_a-wcsrtombs.o)
 .comment       0x00000023       0x24 /opt/devkitpro/devkitARM/bin/../lib/gcc/arm-none-eabi/15.1.0/../../../../arm-none-eabi/lib/thumb/libg.a(libc_a-svfiprintf.o)
 .comment       0x00000023       0x24 /opt/devkitpro/devkitARM/bin/../lib/gcc/arm-none-eabi/15.1.0/../../../../arm-none-eabi/lib/thumb/libg.a(libc_a-mbrtowc.o)
 .comment       0x00000023       0x24 /opt/devkitpro/devkitARM/bin/../lib/gcc/arm-none-eabi/15.1.0/../../../../arm-none-eabi/lib/thumb/libg.a(libc_a-wsetup.o)
 .comment       0x00000023       0x24 /opt/devkitpro/devkitARM/bin/../lib/gcc/arm-none-eabi/15.1.0/../../../../arm-none-eabi/lib/thumb/libg.a(libc_a-fvwrite.o)
 .comment       0x00000023       0x24 /opt/devkitpro/devkitARM/bin/../lib/gcc/arm-none-eabi/15.1.0/../../../../arm-none-eabi/lib/thumb/libg.a(libc_a-memmove.o)
 .comment       0x00000023       0x24 /opt/devkitpro/devkitARM/bin/../lib/gcc/arm-none-eabi/15.1.0/../../../../arm-none-eabi/lib/thumb/libg.a(libc_a-iswspace_l.o)
 .comment       0x00000023       0x24 /opt/devkitpro/devkitARM/bin/../lib/gcc/arm-none-eabi/15.1.0/../../../../arm-none-eabi/lib/thumb/libg.a(libc_a-fclose.o)
 .comment       0x00000023       0x24 /opt/devkitpro/devkitARM/bin/../lib/gcc/arm-none-eabi/15.1.0/../../../../arm-none-eabi/lib/thumb/libg.a(libc_a-strtoll.o)
 .comment       0x00000023       0x24 /opt/devkitpro/devkitARM/bin/../lib/gcc/arm-none-eabi/15.1.0/../../../../arm-none-eabi/lib/thumb/libg.a(libc_a-locale.o)
 .comment       0x00000023       0x24 /opt/devkitpro/devkitARM/bin/../lib/gcc/arm-none-eabi/15.1.0/../../../../arm-none-eabi/lib/thumb/libg.a(libc_a-ungetc.o)
 .comment       0x00000023       0x24 /opt/devkitpro/devkitARM/bin/../lib/gcc/arm-none-eabi/15.1.0/../../../../arm-none-eabi/lib/thumb/libg.a(libc_a-malignr.o)
 .comment       0x00000023       0x24 /opt/devkitpro/devkitARM/bin/../lib/gcc/arm-none-eabi/15.1.0/../../../../arm-none-eabi/lib/thumb/libg.a(libc_a-wcsnrtombs.o)
 .comment       0x00000023       0x24 /opt/devkitpro/devkitARM/bin/../lib/gcc/arm-none-eabi/15.1.0/../../../../arm-none-eabi/lib/thumb/libg.a(libc_a-mbtowc_r.o)
 .comment       0x00000023       0x24 /opt/devkitpro/devkitARM/bin/../lib/gcc/arm-none-eabi/15.1.0/../../../../arm-none-eabi/lib/thumb/libg.a(libc_a-categories.o)
 .comment       0x00000023       0x24 /opt/devkitpro/devkitARM/bin/../lib/gcc/arm-none-eabi/15.1.0/../../../../arm-none-eabi/lib/thumb/libg.a(libc_a-wctomb_r.o)
 .comment       0x00000023       0x24 /opt/devkitpro/devkitARM/bin/../lib/gcc/arm-none-eabi/15.1.0/../../../../arm-none-eabi/lib/thumb/libsysbase.a(libsysbase_libsysbase_a-_exit.o)
 .comment       0x00000023       0x24 /opt/devkitpro/devkitARM/bin/../lib/gcc/arm-none-eabi/15.1.0/../../../../arm-none-eabi/lib/thumb/libsysbase.a(libsysbase_libsysbase_a-fstat.o)
 .comment       0x00000023       0x24 /opt/devkitpro/devkitARM/bin/../lib/gcc/arm-none-eabi/15.1.0/../../../../arm-none-eabi/lib/thumb/libsysbase.a(libsysbase_libsysbase_a-getreent.o)
 .comment       0x00000023       0x24 /opt/devkitpro/devkitARM/bin/../lib/gcc/arm-none-eabi/15.1.0/../../../../arm-none-eabi/lib/thumb/libsysbase.a(libsysbase_libsysbase_a-gettod.o)
 .comment       0x00000023       0x24 /opt/devkitpro/devkitARM/bin/../lib/gcc/arm-none-eabi/15.1.0/../../../../arm-none-eabi/lib/thumb/libsysbase.a(libsysbase_libsysbase_a-handle_manager.o)
 .comment       0x00000023       0x24 /opt/devkitpro/devkitARM/bin/../lib/gcc/arm-none-eabi/15.1.0/../../../../arm-none-eabi/lib/thumb/libsysbase.a(libsysbase_libsysbase_a-iosupport.o)
 .comment       0x00000023       0x24 /opt/devkitpro/devkitARM/bin/../lib/gcc/arm-none-eabi/15.1.0/../../../../arm-none-eabi/lib/thumb/libsysbase.a(libsysbase_libsysbase_a-isatty.o)
 .comment       0x00000023       0x24 /opt/devkitpro/devkitARM/bin/../lib/gcc/arm-none-eabi/15.1.0/../../../../arm-none-eabi/lib/thumb/libsysbase.a(libsysbase_libsysbase_a-lseek.o)
 .comment       0x00000023       0x24 /opt/devkitpro/devkitARM/bin/../lib/gcc/arm-none-eabi/15.1.0/../../../../arm-none-eabi/lib/thumb/libsysbase.a(libsysbase_libsysbase_a-malloc_vars.o)
 .comment       0x00000023       0x24 /opt/devkitpro/devkitARM/bin/../lib/gcc/arm-none-eabi/15.1.0/../../../../arm-none-eabi/lib/thumb/libsysbase.a(libsysbase_libsysbase_a-read.o)
 .comment       0x00000023       0x24 /opt/devkitpro/devkitARM/bin/../lib/gcc/arm-none-eabi/15.1.0/../../../../arm-none-eabi/lib/thumb/libsysbase.a(libsysbase_libsysbase_a-sbrk.o)
 .comment       0x00000023       0x24 /opt/devkitpro/devkitARM/bin/../lib/gcc/arm-none-eabi/15.1.0/../../../../arm-none-eabi/lib/thumb/libsysbase.a(libsysbase_libsysbase_a-syscall_support.o)
 .comment       0x00000023       0x24 /opt/devkitpro/devkitARM/bin/../lib/gcc/arm-none-eabi/15.1.0/../../../../arm-none-eabi/lib/thumb/libsysbase.a(libsysbase_libsysbase_a-write.o)
 .comment       0x00000023       0x24 /opt/devkitpro/devkitARM/bin/../lib/gcc/arm-none-eabi/15.1.0/thumb/libgcc.a(_muldi3.o)
 .comment       0x00000023       0x24 /opt/devkitpro/devkitARM/bin/../lib/gcc/arm-none-eabi/15.1.0/thumb/crtend.o

.gnu.build.attributes
 *(.gnu.build.attributes .gnu.build.attributes.*)

.debug
 *(.debug)

.line
 *(.line)

.debug_srcinfo
 *(.debug_srcinfo)

.debug_sfnames
 *(.debug_sfnames)

.debug_aranges  0x00000000      0x930
 *(.debug_aranges)
 .debug_aranges
                0x00000000       0xb8 main.o
 .debug_aranges
                0x000000b8       0x40 /opt/devkitpro/libnds/lib/libnds9.a(background.o)
 .debug_aranges
                0x000000f8       0x80 /opt/devkitpro/libnds/lib/libnds9.a(console.o)
 .debug_aranges
                0x00000178       0x50 /opt/devkitpro/libnds/lib/libnds9.a(keys.o)
 .debug_aranges
                0x000001c8       0x50 /opt/devkitpro/libnds/lib/libnds9.a(sound.o)
 .debug_aranges
                0x00000218       0x60 /opt/devkitpro/libnds/lib/libnds9.a(trig.o)
 .debug_aranges
                0x00000278       0x88 /opt/devkitpro/calico/lib/libcalico_ds9.a(thread_cold.o)
 .debug_aranges
                0x00000300       0x50 /opt/devkitpro/calico/lib/libcalico_ds9.a(thread_hot.32.o)
 .debug_aranges
                0x00000350       0x28 /opt/devkitpro/calico/lib/libcalico_ds9.a(arm-context.32.o)
 .debug_aranges
                0x00000378       0x70 /opt/devkitpro/calico/lib/libcalico_ds9.a(arm-shims.32.o)
 .debug_aranges
                0x000003e8       0x20 /opt/devkitpro/calico/lib/libcalico_ds9.a(keypad.o)
 .debug_aranges
                0x00000408       0x38 /opt/devkitpro/calico/lib/libcalico_ds9.a(bootstub_arm9.o)
 .debug_aranges
                0x00000440       0x20 /opt/devkitpro/calico/lib/libcalico_ds9.a(excpt_handler.32.o)
 .debug_aranges
                0x00000460       0x20 /opt/devkitpro/calico/lib/libcalico_ds9.a(touch.o)
 .debug_aranges
                0x00000480       0xb0 /opt/devkitpro/calico/lib/libcalico_ds9.a(sound.o)
 .debug_aranges
                0x00000530       0x50 /opt/devkitpro/calico/lib/libcalico_ds9.a(mic.o)
 .debug_aranges
                0x00000580       0x50 /opt/devkitpro/calico/lib/libcalico_ds9.a(tick.o)
 .debug_aranges
                0x000005d0       0x30 /opt/devkitpro/calico/lib/libcalico_ds9.a(mailbox.o)
 .debug_aranges
                0x00000600       0xa8 /opt/devkitpro/calico/lib/libcalico_ds9.a(newlib_syscalls.o)
 .debug_aranges
                0x000006a8       0x48 /opt/devkitpro/calico/lib/libcalico_ds9.a(arm-cache.32.o)
 .debug_aranges
                0x000006f0       0x28 /opt/devkitpro/calico/lib/libcalico_ds9.a(startup.crt0.o)
 .debug_aranges
                0x00000718       0x28 /opt/devkitpro/calico/lib/libcalico_ds9.a(utils.crt0.o)
 .debug_aranges
                0x00000740       0x20 /opt/devkitpro/calico/lib/libcalico_ds9.a(irq_handler.32.o)
 .debug_aranges
                0x00000760       0x78 /opt/devkitpro/calico/lib/libcalico_ds9.a(pxi.o)
 .debug_aranges
                0x000007d8       0x20 /opt/devkitpro/calico/lib/libcalico_ds9.a(mpu_setup.crt0.o)
 .debug_aranges
                0x000007f8       0x28 /opt/devkitpro/calico/lib/libcalico_ds9.a(sys_startup.o)
 .debug_aranges
                0x00000820       0x20 /opt/devkitpro/calico/lib/libcalico_ds9.a(irq.o)
 .debug_aranges
                0x00000840       0x50 /opt/devkitpro/calico/lib/libcalico_ds9.a(mutex.o)
 .debug_aranges
                0x00000890       0xa0 /opt/devkitpro/calico/lib/libcalico_ds9.a(pm.o)

.debug_pubnames
 *(.debug_pubnames)

.debug_info     0x00000000    0x166b5
 *(.debug_info .gnu.linkonce.wi.*)
 .debug_info    0x00000000     0x3215 main.o
 .debug_info    0x00003215      0xa36 /opt/devkitpro/libnds/lib/libnds9.a(background.o)
 .debug_info    0x00003c4b     0x2a7a /opt/devkitpro/libnds/lib/libnds9.a(console.o)
 .debug_info    0x000066c5      0x48d /opt/devkitpro/libnds/lib/libnds9.a(keys.o)
 .debug_info    0x00006b52      0xa30 /opt/devkitpro/libnds/lib/libnds9.a(sound.o)
 .debug_info    0x00007582      0x77c /opt/devkitpro/libnds/lib/libnds9.a(trig.o)
 .debug_info    0x00007cfe     0x1e51 /opt/devkitpro/calico/lib/libcalico_ds9.a(thread_cold.o)
 .debug_info    0x00009b4f     0x126f /opt/devkitpro/calico/lib/libcalico_ds9.a(thread_hot.32.o)
 .debug_info    0x0000adbe       0x3b /opt/devkitpro/calico/lib/libcalico_ds9.a(arm-context.32.o)
 .debug_info    0x0000adf9      0x385 /opt/devkitpro/calico/lib/libcalico_ds9.a(arm-shims.32.o)
 .debug_info    0x0000b17e      0x1c6 /opt/devkitpro/calico/lib/libcalico_ds9.a(keypad.o)
 .debug_info    0x0000b344       0x3e /opt/devkitpro/calico/lib/libcalico_ds9.a(bootstub_arm9.o)
 .debug_info    0x0000b382       0x5d /opt/devkitpro/calico/lib/libcalico_ds9.a(excpt_handler.32.o)
 .debug_info    0x0000b3df      0x26f /opt/devkitpro/calico/lib/libcalico_ds9.a(touch.o)